[0.144s] DEBUG:colcon:Command line arguments: ['/usr/bin/colcon', 'build', '--cmake-args', '-DCMAKE_BUILD_TYPE=Release']
[0.144s] DEBUG:colcon:Parsed command line arguments: Namespace(log_base=None, log_level=None, verb_name='build', build_base='build', install_base='install', merge_install=False, symlink_install=False, test_result_base=None, continue_on_error=False, executor='parallel', parallel_workers=16, event_handlers=None, ignore_user_meta=False, metas=['./colcon.meta'], base_paths=['.'], packages_ignore=None, packages_ignore_regex=None, paths=None, packages_up_to=None, packages_up_to_regex=None, packages_above=None, packages_above_and_dependencies=None, packages_above_depth=None, packages_select_by_dep=None, packages_skip_by_dep=None, packages_skip_up_to=None, packages_select_build_failed=False, packages_skip_build_finished=False, packages_select_test_failures=False, packages_skip_test_passed=False, packages_select=None, packages_skip=None, packages_select_regex=None, packages_skip_regex=None, packages_start=None, packages_end=None, cmake_args=['-DCMAKE_BUILD_TYPE=Release'], cmake_target=None, cmake_target_skip_unavailable=False, cmake_clean_cache=False, cmake_clean_first=False, cmake_force_configure=False, ament_cmake_args=None, catkin_cmake_args=None, catkin_skip_building_tests=False, mixin_files=None, mixin=None, verb_parser=<colcon_mixin.mixin.mixin_argument.MixinArgumentDecorator object at 0x7765844cae60>, verb_extension=<colcon_core.verb.build.BuildVerb object at 0x776584833dc0>, main=<bound method BuildVerb.main of <colcon_core.verb.build.BuildVerb object at 0x776584833dc0>>, mixin_verb=('build',))
[0.299s] Level 1:colcon.colcon_core.package_discovery:discover_packages(colcon_meta) check parameters
[0.300s] INFO:colcon.colcon_metadata.package_discovery.colcon_meta:Using configuration from '/root/.colcon/metadata/default/Gazebo.meta'
[0.301s] INFO:colcon.colcon_metadata.package_discovery.colcon_meta:Using configuration from '/root/.colcon/metadata/default/fastdds.meta'
[0.302s] INFO:colcon.colcon_metadata.package_discovery.colcon_meta:Using configuration from '/root/.colcon/metadata/default/fastrtps.meta'
[0.302s] Level 1:colcon.colcon_core.package_discovery:discover_packages(recursive) check parameters
[0.302s] Level 1:colcon.colcon_core.package_discovery:discover_packages(ignore) check parameters
[0.302s] Level 1:colcon.colcon_core.package_discovery:discover_packages(path) check parameters
[0.302s] Level 1:colcon.colcon_core.package_discovery:discover_packages(colcon_meta) discover
[0.302s] Level 1:colcon.colcon_core.package_discovery:discover_packages(recursive) discover
[0.302s] INFO:colcon.colcon_core.package_discovery:Crawling recursively for packages in '/root/ros-humble-ros1-bridge/mir_nav_interface/ros1'
[0.302s] Level 1:colcon.colcon_core.package_identification:_identify(.) by extensions ['ignore', 'ignore_ament_install']
[0.302s] Level 1:colcon.colcon_core.package_identification:_identify(.) by extension 'ignore'
[0.302s] Level 1:colcon.colcon_core.package_identification:_identify(.) by extension 'ignore_ament_install'
[0.302s] Level 1:colcon.colcon_core.package_identification:_identify(.) by extensions ['colcon_pkg']
[0.302s] Level 1:colcon.colcon_core.package_identification:_identify(.) by extension 'colcon_pkg'
[0.302s] Level 1:colcon.colcon_core.package_identification:_identify(.) by extensions ['colcon_meta']
[0.302s] Level 1:colcon.colcon_core.package_identification:_identify(.) by extension 'colcon_meta'
[0.303s] Level 1:colcon.colcon_core.package_identification:_identify(.) by extensions ['ros']
[0.303s] Level 1:colcon.colcon_core.package_identification:_identify(.) by extension 'ros'
[0.316s] Level 1:colcon.colcon_core.package_identification:_identify(.) by extensions ['cmake', 'python']
[0.316s] Level 1:colcon.colcon_core.package_identification:_identify(.) by extension 'cmake'
[0.316s] Level 1:colcon.colcon_core.package_identification:_identify(.) by extension 'python'
[0.316s] Level 1:colcon.colcon_core.package_identification:_identify(.) by extensions ['python_setup_py']
[0.316s] Level 1:colcon.colcon_core.package_identification:_identify(.) by extension 'python_setup_py'
[0.316s] Level 1:colcon.colcon_core.package_identification:_identify(build) by extensions ['ignore', 'ignore_ament_install']
[0.316s] Level 1:colcon.colcon_core.package_identification:_identify(build) by extension 'ignore'
[0.316s] Level 1:colcon.colcon_core.package_identification:_identify(build) ignored
[0.316s] Level 1:colcon.colcon_core.package_identification:_identify(install) by extensions ['ignore', 'ignore_ament_install']
[0.316s] Level 1:colcon.colcon_core.package_identification:_identify(install) by extension 'ignore'
[0.316s] Level 1:colcon.colcon_core.package_identification:_identify(install) ignored
[0.316s] Level 1:colcon.colcon_core.package_identification:_identify(log) by extensions ['ignore', 'ignore_ament_install']
[0.316s] Level 1:colcon.colcon_core.package_identification:_identify(log) by extension 'ignore'
[0.316s] Level 1:colcon.colcon_core.package_identification:_identify(log) ignored
[0.316s] Level 1:colcon.colcon_core.package_identification:_identify(src) by extensions ['ignore', 'ignore_ament_install']
[0.317s] Level 1:colcon.colcon_core.package_identification:_identify(src) by extension 'ignore'
[0.317s] Level 1:colcon.colcon_core.package_identification:_identify(src) by extension 'ignore_ament_install'
[0.317s] Level 1:colcon.colcon_core.package_identification:_identify(src) by extensions ['colcon_pkg']
[0.317s] Level 1:colcon.colcon_core.package_identification:_identify(src) by extension 'colcon_pkg'
[0.317s] Level 1:colcon.colcon_core.package_identification:_identify(src) by extensions ['colcon_meta']
[0.317s] Level 1:colcon.colcon_core.package_identification:_identify(src) by extension 'colcon_meta'
[0.317s] Level 1:colcon.colcon_core.package_identification:_identify(src) by extensions ['ros']
[0.317s] Level 1:colcon.colcon_core.package_identification:_identify(src) by extension 'ros'
[0.317s] Level 1:colcon.colcon_core.package_identification:_identify(src) by extensions ['cmake', 'python']
[0.317s] Level 1:colcon.colcon_core.package_identification:_identify(src) by extension 'cmake'
[0.317s] Level 1:colcon.colcon_core.package_identification:_identify(src) by extension 'python'
[0.317s] Level 1:colcon.colcon_core.package_identification:_identify(src) by extensions ['python_setup_py']
[0.317s] Level 1:colcon.colcon_core.package_identification:_identify(src) by extension 'python_setup_py'
[0.317s] Level 1:colcon.colcon_core.package_identification:_identify(src/mir_nav_interface) by extensions ['ignore', 'ignore_ament_install']
[0.317s] Level 1:colcon.colcon_core.package_identification:_identify(src/mir_nav_interface) by extension 'ignore'
[0.317s] Level 1:colcon.colcon_core.package_identification:_identify(src/mir_nav_interface) by extension 'ignore_ament_install'
[0.317s] Level 1:colcon.colcon_core.package_identification:_identify(src/mir_nav_interface) by extensions ['colcon_pkg']
[0.317s] Level 1:colcon.colcon_core.package_identification:_identify(src/mir_nav_interface) by extension 'colcon_pkg'
[0.317s] Level 1:colcon.colcon_core.package_identification:_identify(src/mir_nav_interface) by extensions ['colcon_meta']
[0.317s] Level 1:colcon.colcon_core.package_identification:_identify(src/mir_nav_interface) by extension 'colcon_meta'
[0.317s] Level 1:colcon.colcon_core.package_identification:_identify(src/mir_nav_interface) by extensions ['ros']
[0.317s] Level 1:colcon.colcon_core.package_identification:_identify(src/mir_nav_interface) by extension 'ros'
[0.320s] DEBUG:colcon.colcon_core.package_identification:Package 'src/mir_nav_interface' with type 'ros.catkin' and name 'mir_nav_interface'
[0.320s] Level 1:colcon.colcon_core.package_discovery:discover_packages(recursive) using defaults
[0.320s] Level 1:colcon.colcon_core.package_discovery:discover_packages(ignore) discover
[0.320s] Level 1:colcon.colcon_core.package_discovery:discover_packages(ignore) using defaults
[0.320s] Level 1:colcon.colcon_core.package_discovery:discover_packages(path) discover
[0.320s] Level 1:colcon.colcon_core.package_discovery:discover_packages(path) using defaults
[0.346s] Level 5:colcon.colcon_core.verb:set package 'mir_nav_interface' build argument 'cmake_args' from command line to '['-DCMAKE_BUILD_TYPE=Release']'
[0.346s] Level 5:colcon.colcon_core.verb:set package 'mir_nav_interface' build argument 'cmake_target' from command line to 'None'
[0.346s] Level 5:colcon.colcon_core.verb:set package 'mir_nav_interface' build argument 'cmake_target_skip_unavailable' from command line to 'False'
[0.346s] Level 5:colcon.colcon_core.verb:set package 'mir_nav_interface' build argument 'cmake_clean_cache' from command line to 'False'
[0.346s] Level 5:colcon.colcon_core.verb:set package 'mir_nav_interface' build argument 'cmake_clean_first' from command line to 'False'
[0.346s] Level 5:colcon.colcon_core.verb:set package 'mir_nav_interface' build argument 'cmake_force_configure' from command line to 'False'
[0.346s] Level 5:colcon.colcon_core.verb:set package 'mir_nav_interface' build argument 'ament_cmake_args' from command line to 'None'
[0.346s] Level 5:colcon.colcon_core.verb:set package 'mir_nav_interface' build argument 'catkin_cmake_args' from command line to 'None'
[0.346s] Level 5:colcon.colcon_core.verb:set package 'mir_nav_interface' build argument 'catkin_skip_building_tests' from command line to 'False'
[0.346s] DEBUG:colcon.colcon_core.verb:Building package 'mir_nav_interface' with the following arguments: {'ament_cmake_args': None, 'build_base': '/root/ros-humble-ros1-bridge/mir_nav_interface/ros1/build/mir_nav_interface', 'catkin_cmake_args': None, 'catkin_skip_building_tests': False, 'cmake_args': ['-DCMAKE_BUILD_TYPE=Release'], 'cmake_clean_cache': False, 'cmake_clean_first': False, 'cmake_force_configure': False, 'cmake_target': None, 'cmake_target_skip_unavailable': False, 'install_base': '/root/ros-humble-ros1-bridge/mir_nav_interface/ros1/install/mir_nav_interface', 'merge_install': False, 'path': '/root/ros-humble-ros1-bridge/mir_nav_interface/ros1/src/mir_nav_interface', 'symlink_install': False, 'test_result_base': None}
[0.346s] INFO:colcon.colcon_core.executor:Executing jobs using 'parallel' executor
[0.348s] DEBUG:colcon.colcon_parallel_executor.executor.parallel:run_until_complete
[0.348s] INFO:colcon.colcon_ros.task.catkin.build:Building ROS package in '/root/ros-humble-ros1-bridge/mir_nav_interface/ros1/src/mir_nav_interface' with build type 'catkin'
[0.348s] INFO:colcon.colcon_cmake.task.cmake.build:Building CMake package in '/root/ros-humble-ros1-bridge/mir_nav_interface/ros1/src/mir_nav_interface'
[0.352s] INFO:colcon.colcon_core.plugin_system:Skipping extension 'colcon_core.shell.bat': Not used on non-Windows systems
[0.353s] INFO:colcon.colcon_core.shell:Skip shell extension 'powershell' for command environment: Not usable outside of PowerShell
[0.353s] DEBUG:colcon.colcon_core.shell:Skip shell extension 'dsv' for command environment
[0.362s] DEBUG:colcon.colcon_core.event_handler.log_command:Invoking command in '/root/ros-humble-ros1-bridge/mir_nav_interface/ros1/build/mir_nav_interface': /usr/bin/cmake /root/ros-humble-ros1-bridge/mir_nav_interface/ros1/src/mir_nav_interface -DCMAKE_BUILD_TYPE=Release -DCATKIN_INSTALL_INTO_PREFIX_ROOT=0 -DCMAKE_INSTALL_PREFIX=/root/ros-humble-ros1-bridge/mir_nav_interface/ros1/install/mir_nav_interface
[1.950s] DEBUG:colcon.colcon_core.event_handler.log_command:Invoked command in '/root/ros-humble-ros1-bridge/mir_nav_interface/ros1/build/mir_nav_interface' returned '0': /usr/bin/cmake /root/ros-humble-ros1-bridge/mir_nav_interface/ros1/src/mir_nav_interface -DCMAKE_BUILD_TYPE=Release -DCATKIN_INSTALL_INTO_PREFIX_ROOT=0 -DCMAKE_INSTALL_PREFIX=/root/ros-humble-ros1-bridge/mir_nav_interface/ros1/install/mir_nav_interface
[1.952s] DEBUG:colcon.colcon_core.event_handler.log_command:Invoking command in '/root/ros-humble-ros1-bridge/mir_nav_interface/ros1/build/mir_nav_interface': /usr/bin/cmake --build /root/ros-humble-ros1-bridge/mir_nav_interface/ros1/build/mir_nav_interface -- -j16 -l16
[2.561s] DEBUG:colcon.colcon_core.event_handler.log_command:Invoked command in '/root/ros-humble-ros1-bridge/mir_nav_interface/ros1/build/mir_nav_interface' returned '0': /usr/bin/cmake --build /root/ros-humble-ros1-bridge/mir_nav_interface/ros1/build/mir_nav_interface -- -j16 -l16
[2.563s] DEBUG:colcon.colcon_core.event_handler.log_command:Invoking command in '/root/ros-humble-ros1-bridge/mir_nav_interface/ros1/build/mir_nav_interface': /usr/bin/cmake --build /root/ros-humble-ros1-bridge/mir_nav_interface/ros1/build/mir_nav_interface --target tests -- -j16 -l16
[2.650s] DEBUG:colcon.colcon_core.event_handler.log_command:Invoked command in '/root/ros-humble-ros1-bridge/mir_nav_interface/ros1/build/mir_nav_interface' returned '0': /usr/bin/cmake --build /root/ros-humble-ros1-bridge/mir_nav_interface/ros1/build/mir_nav_interface --target tests -- -j16 -l16
[2.666s] DEBUG:colcon.colcon_core.event_handler.log_command:Invoking command in '/root/ros-humble-ros1-bridge/mir_nav_interface/ros1/build/mir_nav_interface': /usr/bin/cmake --install /root/ros-humble-ros1-bridge/mir_nav_interface/ros1/build/mir_nav_interface
[2.733s] DEBUG:colcon.colcon_core.event_handler.log_command:Invoked command in '/root/ros-humble-ros1-bridge/mir_nav_interface/ros1/build/mir_nav_interface' returned '0': /usr/bin/cmake --install /root/ros-humble-ros1-bridge/mir_nav_interface/ros1/build/mir_nav_interface
[2.734s] Level 1:colcon.colcon_core.shell:create_environment_hook('mir_nav_interface', 'ros_package_path')
[2.734s] INFO:colcon.colcon_core.shell:Creating environment hook '/root/ros-humble-ros1-bridge/mir_nav_interface/ros1/install/mir_nav_interface/share/mir_nav_interface/hook/ros_package_path.ps1'
[2.735s] INFO:colcon.colcon_core.shell:Creating environment descriptor '/root/ros-humble-ros1-bridge/mir_nav_interface/ros1/install/mir_nav_interface/share/mir_nav_interface/hook/ros_package_path.dsv'
[2.735s] INFO:colcon.colcon_core.shell:Creating environment hook '/root/ros-humble-ros1-bridge/mir_nav_interface/ros1/install/mir_nav_interface/share/mir_nav_interface/hook/ros_package_path.sh'
[2.736s] Level 1:colcon.colcon_ros.task.catkin:checking '/root/ros-humble-ros1-bridge/mir_nav_interface/ros1/install/mir_nav_interface/lib/python3/dist-packages'
[2.736s] Level 1:colcon.colcon_core.shell:create_environment_hook('mir_nav_interface', 'catkin_pythonpath')
[2.737s] INFO:colcon.colcon_core.shell:Creating environment hook '/root/ros-humble-ros1-bridge/mir_nav_interface/ros1/install/mir_nav_interface/share/mir_nav_interface/hook/catkin_pythonpath.ps1'
[2.737s] INFO:colcon.colcon_core.shell:Creating environment descriptor '/root/ros-humble-ros1-bridge/mir_nav_interface/ros1/install/mir_nav_interface/share/mir_nav_interface/hook/catkin_pythonpath.dsv'
[2.738s] INFO:colcon.colcon_core.shell:Creating environment hook '/root/ros-humble-ros1-bridge/mir_nav_interface/ros1/install/mir_nav_interface/share/mir_nav_interface/hook/catkin_pythonpath.sh'
[2.738s] Level 1:colcon.colcon_core.shell:create_environment_hook('mir_nav_interface', 'pkg_config_path')
[2.738s] INFO:colcon.colcon_core.shell:Creating environment hook '/root/ros-humble-ros1-bridge/mir_nav_interface/ros1/install/mir_nav_interface/share/mir_nav_interface/hook/pkg_config_path.ps1'
[2.739s] INFO:colcon.colcon_core.shell:Creating environment descriptor '/root/ros-humble-ros1-bridge/mir_nav_interface/ros1/install/mir_nav_interface/share/mir_nav_interface/hook/pkg_config_path.dsv'
[2.739s] INFO:colcon.colcon_core.shell:Creating environment hook '/root/ros-humble-ros1-bridge/mir_nav_interface/ros1/install/mir_nav_interface/share/mir_nav_interface/hook/pkg_config_path.sh'
[2.742s] Level 1:colcon.colcon_core.shell:create_environment_hook('mir_nav_interface', 'pkg_config_path_multiarch')
[2.743s] INFO:colcon.colcon_core.shell:Creating environment hook '/root/ros-humble-ros1-bridge/mir_nav_interface/ros1/install/mir_nav_interface/share/mir_nav_interface/hook/pkg_config_path_multiarch.ps1'
[2.743s] INFO:colcon.colcon_core.shell:Creating environment descriptor '/root/ros-humble-ros1-bridge/mir_nav_interface/ros1/install/mir_nav_interface/share/mir_nav_interface/hook/pkg_config_path_multiarch.dsv'
[2.744s] INFO:colcon.colcon_core.shell:Creating environment hook '/root/ros-humble-ros1-bridge/mir_nav_interface/ros1/install/mir_nav_interface/share/mir_nav_interface/hook/pkg_config_path_multiarch.sh'
[2.745s] Level 1:colcon.colcon_core.environment:create_environment_scripts_only(mir_nav_interface)
[2.748s] Level 1:colcon.colcon_core.environment:checking '/root/ros-humble-ros1-bridge/mir_nav_interface/ros1/install/mir_nav_interface' for CMake module files
[2.749s] Level 1:colcon.colcon_core.environment:checking '/root/ros-humble-ros1-bridge/mir_nav_interface/ros1/install/mir_nav_interface' for CMake config files
[2.750s] Level 1:colcon.colcon_core.shell:create_environment_hook('mir_nav_interface', 'cmake_prefix_path')
[2.750s] INFO:colcon.colcon_core.shell:Creating environment hook '/root/ros-humble-ros1-bridge/mir_nav_interface/ros1/install/mir_nav_interface/share/mir_nav_interface/hook/cmake_prefix_path.ps1'
[2.750s] INFO:colcon.colcon_core.shell:Creating environment descriptor '/root/ros-humble-ros1-bridge/mir_nav_interface/ros1/install/mir_nav_interface/share/mir_nav_interface/hook/cmake_prefix_path.dsv'
[2.751s] INFO:colcon.colcon_core.shell:Creating environment hook '/root/ros-humble-ros1-bridge/mir_nav_interface/ros1/install/mir_nav_interface/share/mir_nav_interface/hook/cmake_prefix_path.sh'
[2.752s] Level 1:colcon.colcon_core.environment:checking '/root/ros-humble-ros1-bridge/mir_nav_interface/ros1/install/mir_nav_interface/lib'
[2.752s] Level 1:colcon.colcon_core.environment:checking '/root/ros-humble-ros1-bridge/mir_nav_interface/ros1/install/mir_nav_interface/bin'
[2.752s] Level 1:colcon.colcon_core.environment:checking '/root/ros-humble-ros1-bridge/mir_nav_interface/ros1/install/mir_nav_interface/lib/pkgconfig/mir_nav_interface.pc'
[2.752s] Level 1:colcon.colcon_core.shell:create_environment_hook('mir_nav_interface', 'pkg_config')
[2.752s] INFO:colcon.colcon_core.shell:Creating environment hook '/root/ros-humble-ros1-bridge/mir_nav_interface/ros1/install/mir_nav_interface/share/mir_nav_interface/hook/pkg_config.ps1'
[2.753s] INFO:colcon.colcon_core.shell:Creating environment descriptor '/root/ros-humble-ros1-bridge/mir_nav_interface/ros1/install/mir_nav_interface/share/mir_nav_interface/hook/pkg_config.dsv'
[2.753s] INFO:colcon.colcon_core.shell:Creating environment hook '/root/ros-humble-ros1-bridge/mir_nav_interface/ros1/install/mir_nav_interface/share/mir_nav_interface/hook/pkg_config.sh'
[2.756s] Level 1:colcon.colcon_core.environment:checking '/root/ros-humble-ros1-bridge/mir_nav_interface/ros1/install/mir_nav_interface/lib/python3.10/site-packages'
[2.756s] Level 1:colcon.colcon_core.environment:checking '/root/ros-humble-ros1-bridge/mir_nav_interface/ros1/install/mir_nav_interface/bin'
[2.757s] INFO:colcon.colcon_core.shell:Creating package script '/root/ros-humble-ros1-bridge/mir_nav_interface/ros1/install/mir_nav_interface/share/mir_nav_interface/package.ps1'
[2.758s] INFO:colcon.colcon_core.shell:Creating package descriptor '/root/ros-humble-ros1-bridge/mir_nav_interface/ros1/install/mir_nav_interface/share/mir_nav_interface/package.dsv'
[2.759s] INFO:colcon.colcon_core.shell:Creating package script '/root/ros-humble-ros1-bridge/mir_nav_interface/ros1/install/mir_nav_interface/share/mir_nav_interface/package.sh'
[2.760s] INFO:colcon.colcon_core.shell:Creating package script '/root/ros-humble-ros1-bridge/mir_nav_interface/ros1/install/mir_nav_interface/share/mir_nav_interface/package.bash'
[2.761s] INFO:colcon.colcon_core.shell:Creating package script '/root/ros-humble-ros1-bridge/mir_nav_interface/ros1/install/mir_nav_interface/share/mir_nav_interface/package.zsh'
[2.762s] Level 1:colcon.colcon_core.environment:create_file_with_runtime_dependencies(/root/ros-humble-ros1-bridge/mir_nav_interface/ros1/install/mir_nav_interface/share/colcon-core/packages/mir_nav_interface)
[2.762s] DEBUG:colcon.colcon_parallel_executor.executor.parallel:closing loop
[2.763s] DEBUG:colcon.colcon_parallel_executor.executor.parallel:loop closed
[2.763s] DEBUG:colcon.colcon_parallel_executor.executor.parallel:run_until_complete finished with '0'
[2.763s] DEBUG:colcon.colcon_core.event_reactor:joining thread
[2.770s] INFO:colcon.colcon_core.plugin_system:Skipping extension 'colcon_notification.desktop_notification.notify_send': Could not find 'notify-send'
[2.770s] INFO:colcon.colcon_core.plugin_system:Skipping extension 'colcon_notification.desktop_notification.terminal_notifier': Not used on non-Darwin systems
[2.770s] INFO:colcon.colcon_core.plugin_system:Skipping extension 'colcon_notification.desktop_notification.win32': Not used on non-Windows systems
[2.770s] INFO:colcon.colcon_notification.desktop_notification:Sending desktop notification using 'notify2'
[2.770s] DEBUG:colcon.colcon_notification.desktop_notification.notify2:Failed to initialize notify2: org.freedesktop.DBus.Error.NotSupported: Unable to autolaunch a dbus-daemon without a $DISPLAY for X11
[2.770s] DEBUG:colcon.colcon_core.event_reactor:joined thread
[2.771s] INFO:colcon.colcon_core.shell:Creating prefix script '/root/ros-humble-ros1-bridge/mir_nav_interface/ros1/install/local_setup.ps1'
[2.773s] INFO:colcon.colcon_core.shell:Creating prefix util module '/root/ros-humble-ros1-bridge/mir_nav_interface/ros1/install/_local_setup_util_ps1.py'
[2.774s] INFO:colcon.colcon_core.shell:Creating prefix chain script '/root/ros-humble-ros1-bridge/mir_nav_interface/ros1/install/setup.ps1'
[2.775s] INFO:colcon.colcon_core.shell:Creating prefix script '/root/ros-humble-ros1-bridge/mir_nav_interface/ros1/install/local_setup.sh'
[2.776s] INFO:colcon.colcon_core.shell:Creating prefix util module '/root/ros-humble-ros1-bridge/mir_nav_interface/ros1/install/_local_setup_util_sh.py'
[2.776s] INFO:colcon.colcon_core.shell:Creating prefix chain script '/root/ros-humble-ros1-bridge/mir_nav_interface/ros1/install/setup.sh'
[2.777s] INFO:colcon.colcon_core.shell:Creating prefix script '/root/ros-humble-ros1-bridge/mir_nav_interface/ros1/install/local_setup.bash'
[2.778s] INFO:colcon.colcon_core.shell:Creating prefix chain script '/root/ros-humble-ros1-bridge/mir_nav_interface/ros1/install/setup.bash'
[2.779s] INFO:colcon.colcon_core.shell:Creating prefix script '/root/ros-humble-ros1-bridge/mir_nav_interface/ros1/install/local_setup.zsh'
[2.779s] INFO:colcon.colcon_core.shell:Creating prefix chain script '/root/ros-humble-ros1-bridge/mir_nav_interface/ros1/install/setup.zsh'
