[0.010s] Invoking command in '/ros-humble-ros1-bridge/build/ros1_bridge': CMAKE_PREFIX_PATH=/custom_action/install/bridge_mapping:/control_msgs_ros2/install/control_msgs:/opt/ros/humble:/control_msgs_ros1/install/control_msgs:/ros_tutorials/install/turtlesim:/ros_tutorials/install/rospy_tutorials:/ros_tutorials/install/roscpp_tutorials /usr/bin/cmake /ros-humble-ros1-bridge/src/ros1_bridge -DCMAKE_BUILD_TYPE=Release -DCMAKE_INSTALL_PREFIX=/ros-humble-ros1-bridge/install/ros1_bridge
[0.058s] -- The C compiler identification is GNU 11.4.0
[0.101s] -- The CXX compiler identification is GNU 11.4.0
[0.107s] -- Detecting C compiler ABI info
[0.165s] -- Detecting C compiler ABI info - done
[0.170s] -- Check for working C compiler: /usr/bin/cc - skipped
[0.170s] -- Detecting C compile features
[0.170s] -- Detecting C compile features - done
[0.172s] -- Detecting CXX compiler ABI info
[0.236s] -- Detecting CXX compiler ABI info - done
[0.242s] -- Check for working CXX compiler: /usr/bin/c++ - skipped
[0.242s] -- Detecting CXX compile features
[0.242s] -- Detecting CXX compile features - done
[0.243s] Using ACTION_GOAL_RESPONSE_CB_CONST
[0.245s] -- Found rmw: 6.1.2 (/opt/ros/humble/share/rmw/cmake)
[0.368s] -- Found Python3: /usr/bin/python3 (found version "3.10.12") found components: Interpreter 
[0.471s] -- Found rclcpp: 16.0.15 (/opt/ros/humble/share/rclcpp/cmake)
[0.494s] -- Found rosidl_generator_c: 3.1.7 (/opt/ros/humble/share/rosidl_generator_c/cmake)
[0.499s] -- Found rosidl_adapter: 3.1.7 (/opt/ros/humble/share/rosidl_adapter/cmake)
[0.508s] -- Found rosidl_generator_cpp: 3.1.7 (/opt/ros/humble/share/rosidl_generator_cpp/cmake)
[0.520s] -- Using all available rosidl_typesupport_c: rosidl_typesupport_fastrtps_c;rosidl_typesupport_introspection_c
[0.544s] -- Using all available rosidl_typesupport_cpp: rosidl_typesupport_fastrtps_cpp;rosidl_typesupport_introspection_cpp
[0.586s] -- Found rmw_implementation_cmake: 6.1.2 (/opt/ros/humble/share/rmw_implementation_cmake/cmake)
[0.588s] -- Found rmw_fastrtps_cpp: 6.2.9 (/opt/ros/humble/share/rmw_fastrtps_cpp/cmake)
[0.668s] -- Found OpenSSL: /usr/lib/x86_64-linux-gnu/libcrypto.so (found version "3.0.2")  
[0.692s] -- Found FastRTPS: /opt/ros/humble/include  
[0.734s] -- Using RMW implementation 'rmw_fastrtps_cpp' as default
[0.745s] -- Looking for pthread.h
[0.803s] -- Looking for pthread.h - found
[0.803s] -- Performing Test CMAKE_HAVE_LIBC_PTHREAD
[0.866s] -- Performing Test CMAKE_HAVE_LIBC_PTHREAD - Success
[0.867s] -- Found Threads: TRUE  
[0.911s] -- Found rclcpp_action: 16.0.15 (/opt/ros/humble/share/rclcpp_action/cmake)
[0.943s] -- Found PkgConfig: /usr/bin/pkg-config (found version "0.29.2") 
[0.948s] -- Checking for module 'roscpp'
[0.960s] --   Found roscpp, version 1.15.14
[1.000s] -- Checking for module 'std_msgs'
[1.011s] --   Found std_msgs, version 0.5.13
[1.048s] -- Checking for module 'actionlib'
[1.061s] --   Found actionlib, version 1.13.2
[1.419s] -- Checking for module 'actionlib_msgs'
[1.431s] --   Found actionlib_msgs, version 1.13.1
[1.469s] -- Checking for module 'bond'
[1.481s] --   Found bond, version 1.8.6
[1.516s] -- Checking for module 'control_msgs'
[1.527s] --   Found control_msgs, version 1.5.2
[1.569s] -- Checking for module 'diagnostic_msgs'
[1.580s] --   Found diagnostic_msgs, version 1.13.1
[1.619s] -- Checking for module 'dynamic_reconfigure'
[1.630s] --   Found dynamic_reconfigure, version 1.7.2
[1.666s] -- Checking for module 'geometry_msgs'
[1.676s] --   Found geometry_msgs, version 1.13.1
[1.715s] -- Checking for module 'map_msgs'
[1.725s] --   Found map_msgs, version 1.14.1
[1.764s] -- Checking for module 'move_base_msgs'
[1.775s] --   Found move_base_msgs, version 1.14.1
[1.817s] -- Checking for module 'nav_msgs'
[1.830s] --   Found nav_msgs, version 1.13.1
[1.870s] -- Checking for module 'rosgraph_msgs'
[1.881s] --   Found rosgraph_msgs, version 1.11.3
[1.920s] -- Checking for module 'rospy_tutorials'
[1.930s] --   Found rospy_tutorials, version 0.10.3
[1.966s] -- Checking for module 'sensor_msgs'
[1.977s] --   Found sensor_msgs, version 1.13.1
[2.017s] -- Checking for module 'shape_msgs'
[2.030s] --   Found shape_msgs, version 1.13.1
[2.070s] -- Checking for module 'stereo_msgs'
[2.082s] --   Found stereo_msgs, version 1.13.1
[2.119s] -- Checking for module 'tf'
[2.133s] --   Found tf, version 1.13.2
[2.186s] -- Checking for module 'tf2_msgs'
[2.199s] --   Found tf2_msgs, version 0.7.5
[2.240s] -- Checking for module 'trajectory_msgs'
[2.252s] --   Found trajectory_msgs, version 1.13.1
[2.288s] -- Checking for module 'turtlesim'
[2.300s] --   Found turtlesim, version 0.10.3
[2.337s] -- Checking for module 'visualization_msgs'
[2.350s] --   Found visualization_msgs, version 1.13.1
[2.385s] -- Checking for module 'roscpp_tutorials'
[2.397s] --   Found roscpp_tutorials, version 0.10.3
[2.433s] -- Checking for module 'rviz'
[2.446s] --   Found rviz, version 1.14.14
[2.524s] -- Checking for module 'std_srvs'
[2.537s] --   Found std_srvs, version 1.11.3
[2.572s] -- Checking for module 'topic_tools'
[2.583s] --   Found topic_tools, version 1.15.14
[2.625s] -- Found ament_lint_auto: 0.12.14 (/opt/ros/humble/share/ament_lint_auto/cmake)
[2.627s] -- Found diagnostic_msgs: 4.9.0 (/opt/ros/humble/share/diagnostic_msgs/cmake)
[2.645s] -- Checking for module 'roslaunch'
[2.658s] --   Found roslaunch, version 1.15.14
[2.797s] -- Found python_cmake_module: 0.10.0 (/opt/ros/humble/share/python_cmake_module/cmake)
[2.814s] -- Found PythonInterp: /usr/bin/python3 (found suitable version "3.10.12", minimum required is "3.6") 
[2.817s] -- Found PythonLibs: /usr/lib/x86_64-linux-gnu/libpython3.10.so (found suitable version "3.10.12", minimum required is "3.5") 
[2.817s] -- Using PYTHON_EXECUTABLE: /usr/bin/python3
[2.817s] -- Using PYTHON_INCLUDE_DIRS: /usr/include/python3.10
[2.818s] -- Using PYTHON_LIBRARIES: /usr/lib/x86_64-linux-gnu/libpython3.10.so
[2.836s] -- Found PythonExtra: .so  
[2.890s] -- Found gtest sources under '/opt/ros/humble/src/gtest_vendor': C++ tests using 'Google Test' will be built
[2.922s] -- Added test 'copyright' to check source files copyright and LICENSE
[2.928s] -- Added test 'cppcheck' to perform static code analysis on C / C++ code
[2.929s] -- Configured cppcheck include dirs: 
[2.929s] -- Configured cppcheck exclude dirs and/or files: 
[2.936s] -- Added test 'cpplint' to check C / C++ code against the Google style
[2.936s] -- Configured cpplint exclude dirs and/or files: 
[2.937s] -- Added test 'flake8' to check Python code syntax and style conventions
[2.938s] -- Added test 'lint_cmake' to check CMake code style
[2.939s] -- Added test 'pep257' to check Python code against some of the docstring style conventions in PEP 257
[2.944s] -- Added test 'uncrustify' to check C / C++ code style
[2.944s] -- Configured uncrustify additional arguments: 
[2.945s] -- Added test 'xmllint' to check XML markup files
[2.983s] -- Found control_msgs: 4.8.0 (/control_msgs_ros2/install/control_msgs/share/control_msgs/cmake)
[2.984s] -- Found action_msgs: 1.2.2 (/opt/ros/humble/share/action_msgs/cmake)
[2.996s] -- Found action_tutorials_interfaces: 0.20.6 (/opt/ros/humble/share/action_tutorials_interfaces/cmake)
[3.007s] -- Found actionlib_msgs: 4.9.0 (/opt/ros/humble/share/actionlib_msgs/cmake)
[3.007s] -- Found builtin_interfaces: 1.2.2 (/opt/ros/humble/share/builtin_interfaces/cmake)
[3.019s] -- Found composition_interfaces: 1.2.2 (/opt/ros/humble/share/composition_interfaces/cmake)
[3.019s] -- Found diagnostic_msgs: 4.9.0 (/opt/ros/humble/share/diagnostic_msgs/cmake)
[3.031s] -- Found example_interfaces: 0.9.3 (/opt/ros/humble/share/example_interfaces/cmake)
[3.032s] -- Found geometry_msgs: 4.9.0 (/opt/ros/humble/share/geometry_msgs/cmake)
[3.046s] -- Found lifecycle_msgs: 1.2.2 (/opt/ros/humble/share/lifecycle_msgs/cmake)
[3.054s] -- Found logging_demo: 0.20.6 (/opt/ros/humble/share/logging_demo/cmake)
[3.086s] -- Found map_msgs: 2.1.0 (/opt/ros/humble/share/map_msgs/cmake)
[3.086s] -- Found nav_msgs: 4.9.0 (/opt/ros/humble/share/nav_msgs/cmake)
[3.099s] -- Found pcl_msgs: 1.0.0 (/opt/ros/humble/share/pcl_msgs/cmake)
[3.109s] -- Found pendulum_msgs: 0.20.6 (/opt/ros/humble/share/pendulum_msgs/cmake)
[3.109s] -- Found rcl_interfaces: 1.2.2 (/opt/ros/humble/share/rcl_interfaces/cmake)
[3.110s] -- Found rmw_dds_common: 1.6.0 (/opt/ros/humble/share/rmw_dds_common/cmake)
[3.121s] -- Found rosbag2_interfaces: 0.15.15 (/opt/ros/humble/share/rosbag2_interfaces/cmake)
[3.121s] -- Found rosgraph_msgs: 1.2.2 (/opt/ros/humble/share/rosgraph_msgs/cmake)
[3.121s] -- Found sensor_msgs: 4.9.0 (/opt/ros/humble/share/sensor_msgs/cmake)
[3.134s] -- Found shape_msgs: 4.9.0 (/opt/ros/humble/share/shape_msgs/cmake)
[3.134s] -- Found statistics_msgs: 1.2.2 (/opt/ros/humble/share/statistics_msgs/cmake)
[3.134s] -- Found std_msgs: 4.9.0 (/opt/ros/humble/share/std_msgs/cmake)
[3.144s] -- Found std_srvs: 4.9.0 (/opt/ros/humble/share/std_srvs/cmake)
[3.158s] -- Found stereo_msgs: 4.9.0 (/opt/ros/humble/share/stereo_msgs/cmake)
[3.174s] -- Found tf2_msgs: 0.25.16 (/opt/ros/humble/share/tf2_msgs/cmake)
[3.174s] -- Found trajectory_msgs: 4.9.0 (/opt/ros/humble/share/trajectory_msgs/cmake)
[3.186s] -- Found turtlesim: 1.4.3 (/opt/ros/humble/share/turtlesim/cmake)
[3.186s] -- Found unique_identifier_msgs: 2.2.1 (/opt/ros/humble/share/unique_identifier_msgs/cmake)
[3.203s] -- Found visualization_msgs: 4.9.0 (/opt/ros/humble/share/visualization_msgs/cmake)
[3.330s] -- Configuring done
[3.522s] -- Generating done
[3.563s] -- Build files have been written to: /ros-humble-ros1-bridge/build/ros1_bridge
[3.575s] Invoked command in '/ros-humble-ros1-bridge/build/ros1_bridge' returned '0': CMAKE_PREFIX_PATH=/custom_action/install/bridge_mapping:/control_msgs_ros2/install/control_msgs:/opt/ros/humble:/control_msgs_ros1/install/control_msgs:/ros_tutorials/install/turtlesim:/ros_tutorials/install/rospy_tutorials:/ros_tutorials/install/roscpp_tutorials /usr/bin/cmake /ros-humble-ros1-bridge/src/ros1_bridge -DCMAKE_BUILD_TYPE=Release -DCMAKE_INSTALL_PREFIX=/ros-humble-ros1-bridge/install/ros1_bridge
[3.577s] Invoking command in '/ros-humble-ros1-bridge/build/ros1_bridge': CMAKE_PREFIX_PATH=/custom_action/install/bridge_mapping:/control_msgs_ros2/install/control_msgs:/opt/ros/humble:/control_msgs_ros1/install/control_msgs:/ros_tutorials/install/turtlesim:/ros_tutorials/install/rospy_tutorials:/ros_tutorials/install/roscpp_tutorials /usr/bin/cmake --build /ros-humble-ros1-bridge/build/ros1_bridge
[3.641s] [  1%] Building CXX object gtest/CMakeFiles/gtest_main.dir/src/gtest_main.cc.o
[3.642s] [  2%] Building CXX object gtest/CMakeFiles/gtest.dir/src/gtest-all.cc.o
[3.642s] [  2%] Generating factories for interface types
[3.644s] [  3%] Building CXX object CMakeFiles/simple_bridge_1_to_2.dir/src/simple_bridge_1_to_2.cpp.o
[3.647s] [  3%] Building CXX object CMakeFiles/test_ros1_client.dir/test/test_ros1_client.cpp.o
[3.647s] [  3%] Building CXX object CMakeFiles/test_ros1_server.dir/test/test_ros1_server.cpp.o
[3.650s] [  3%] Building CXX object CMakeFiles/test_ros2_client_cpp.dir/test/test_ros2_client.cpp.o
[3.652s] [  4%] Building CXX object CMakeFiles/test_ros2_server_cpp.dir/test/test_ros2_server.cpp.o
[3.653s] [  4%] Building CXX object CMakeFiles/simple_bridge.dir/src/simple_bridge.cpp.o
[3.656s] [  4%] Built target ament_cmake_python_copy_ros1_bridge
[3.661s] [  4%] Building CXX object CMakeFiles/simple_bridge_2_to_1.dir/src/simple_bridge_2_to_1.cpp.o
[4.030s] running egg_info
[4.030s] creating ros1_bridge.egg-info
[4.031s] writing ros1_bridge.egg-info/PKG-INFO
[4.031s] writing dependency_links to ros1_bridge.egg-info/dependency_links.txt
[4.032s] writing top-level names to ros1_bridge.egg-info/top_level.txt
[4.032s] writing manifest file 'ros1_bridge.egg-info/SOURCES.txt'
[4.035s] reading manifest file 'ros1_bridge.egg-info/SOURCES.txt'
[4.036s] writing manifest file 'ros1_bridge.egg-info/SOURCES.txt'
[4.072s] [  4%] Built target ament_cmake_python_build_ros1_bridge_egg
[4.478s] [  4%] Linking CXX static library libgtest_main.a
[4.531s] [  4%] Built target gtest_main
[5.976s] [  4%] Linking CXX executable test_ros1_client
[6.132s] [  4%] Built target test_ros1_client
[6.245s] [  5%] Linking CXX executable test_ros1_server
[6.379s] [  5%] Built target test_ros1_server
[7.681s] [  5%] Linking CXX executable test_ros2_client_cpp
[7.845s] [  5%] Built target test_ros2_client_cpp
[8.013s] [  5%] Linking CXX executable test_ros2_server_cpp
[8.140s] [  5%] Built target test_ros2_server_cpp
[10.492s] [  5%] Linking CXX executable simple_bridge_1_to_2
[10.645s] [  5%] Built target simple_bridge_1_to_2
[11.075s] [  5%] Linking CXX static library libgtest.a
[11.108s] [  5%] Built target gtest
[15.164s] [  5%] Linking CXX executable simple_bridge_2_to_1
[15.330s] [  5%] Built target simple_bridge_2_to_1
[15.594s] [  5%] Linking CXX executable simple_bridge
[15.751s] [  5%] Built target simple_bridge
[17.038s] [  5%] Building CXX object CMakeFiles/ros1_bridge.dir/src/builtin_interfaces_factories.cpp.o
[17.040s] [  5%] Building CXX object CMakeFiles/ros1_bridge.dir/src/convert_builtin_interfaces.cpp.o
[17.040s] [  6%] Building CXX object CMakeFiles/ros1_bridge.dir/src/bridge.cpp.o
[17.040s] [  6%] Building CXX object CMakeFiles/ros1_bridge.dir/generated/get_mappings.cpp.o
[17.040s] [  6%] Building CXX object CMakeFiles/ros1_bridge.dir/generated/control_msgs_factories.cpp.o
[17.040s] [  7%] Building CXX object CMakeFiles/ros1_bridge.dir/generated/control_msgs__action__ParallelGripperCommand__factories.cpp.o
[17.041s] [  7%] Building CXX object CMakeFiles/ros1_bridge.dir/generated/control_msgs__action__GripperCommand__factories.cpp.o
[17.041s] [  7%] Building CXX object CMakeFiles/ros1_bridge.dir/generated/control_msgs__action__FollowJointTrajectory__factories.cpp.o
[17.041s] [  8%] Building CXX object CMakeFiles/ros1_bridge.dir/generated/control_msgs__action__JointTrajectory__factories.cpp.o
[17.042s] [  8%] Building CXX object CMakeFiles/ros1_bridge.dir/generated/get_factory.cpp.o
[17.052s] [  8%] Building CXX object CMakeFiles/ros1_bridge.dir/generated/control_msgs__action__PointHead__factories.cpp.o
[17.053s] [  8%] Building CXX object CMakeFiles/ros1_bridge.dir/generated/control_msgs__action__SingleJointPosition__factories.cpp.o
[17.053s] [  9%] Building CXX object CMakeFiles/ros1_bridge.dir/generated/control_msgs__msg__AdmittanceControllerState__factories.cpp.o
[17.053s] [  9%] Building CXX object CMakeFiles/ros1_bridge.dir/generated/control_msgs__msg__DynamicInterfaceGroupValues__factories.cpp.o
[17.053s] [  9%] Building CXX object CMakeFiles/ros1_bridge.dir/generated/control_msgs__msg__DynamicJointState__factories.cpp.o
[17.108s] [  9%] Building CXX object CMakeFiles/ros1_bridge.dir/generated/control_msgs__msg__GripperCommand__factories.cpp.o
[18.780s] [ 10%] Building CXX object CMakeFiles/ros1_bridge.dir/generated/control_msgs__msg__InterfaceValue__factories.cpp.o
[19.214s] [ 10%] Building CXX object CMakeFiles/ros1_bridge.dir/generated/control_msgs__msg__JointComponentTolerance__factories.cpp.o
[23.308s] [ 10%] Building CXX object CMakeFiles/ros1_bridge.dir/generated/control_msgs__msg__JointControllerState__factories.cpp.o
[27.744s] [ 11%] Building CXX object CMakeFiles/ros1_bridge.dir/generated/control_msgs__msg__JointJog__factories.cpp.o
[28.096s] [ 11%] Building CXX object CMakeFiles/ros1_bridge.dir/generated/control_msgs__msg__JointTolerance__factories.cpp.o
[28.103s] [ 11%] Building CXX object CMakeFiles/ros1_bridge.dir/generated/control_msgs__msg__JointTrajectoryControllerState__factories.cpp.o
[28.692s] [ 11%] Building CXX object CMakeFiles/ros1_bridge.dir/generated/control_msgs__msg__MecanumDriveControllerState__factories.cpp.o
[28.727s] [ 12%] Building CXX object CMakeFiles/ros1_bridge.dir/generated/control_msgs__msg__MultiDOFCommand__factories.cpp.o
[29.298s] [ 12%] Building CXX object CMakeFiles/ros1_bridge.dir/generated/control_msgs__msg__MultiDOFStateStamped__factories.cpp.o
[30.238s] [ 12%] Building CXX object CMakeFiles/ros1_bridge.dir/generated/control_msgs__msg__PidState__factories.cpp.o
[30.314s] [ 13%] Building CXX object CMakeFiles/ros1_bridge.dir/generated/control_msgs__msg__SingleDOFState__factories.cpp.o
[39.178s] [ 13%] Building CXX object CMakeFiles/ros1_bridge.dir/generated/control_msgs__msg__SingleDOFStateStamped__factories.cpp.o
[39.359s] [ 13%] Building CXX object CMakeFiles/ros1_bridge.dir/generated/control_msgs__msg__SteeringControllerStatus__factories.cpp.o
[40.268s] [ 14%] Building CXX object CMakeFiles/ros1_bridge.dir/generated/control_msgs__srv__QueryCalibrationState__factories.cpp.o
[40.763s] [ 14%] Building CXX object CMakeFiles/ros1_bridge.dir/generated/control_msgs__srv__QueryTrajectoryState__factories.cpp.o
[41.745s] [ 14%] Building CXX object CMakeFiles/ros1_bridge.dir/generated/action_msgs_factories.cpp.o
[41.875s] [ 14%] Building CXX object CMakeFiles/ros1_bridge.dir/generated/action_msgs__msg__GoalInfo__factories.cpp.o
[43.084s] [ 15%] Building CXX object CMakeFiles/ros1_bridge.dir/generated/action_msgs__msg__GoalStatus__factories.cpp.o
[43.873s] [ 15%] Building CXX object CMakeFiles/ros1_bridge.dir/generated/action_msgs__msg__GoalStatusArray__factories.cpp.o
[44.091s] [ 15%] Building CXX object CMakeFiles/ros1_bridge.dir/generated/action_msgs__srv__CancelGoal__factories.cpp.o
[44.675s] [ 16%] Building CXX object CMakeFiles/ros1_bridge.dir/generated/action_tutorials_interfaces_factories.cpp.o
[47.857s] [ 16%] Building CXX object CMakeFiles/ros1_bridge.dir/generated/action_tutorials_interfaces__action__Fibonacci__factories.cpp.o
[50.820s] [ 16%] Building CXX object CMakeFiles/ros1_bridge.dir/generated/actionlib_msgs_factories.cpp.o
[51.134s] [ 16%] Building CXX object CMakeFiles/ros1_bridge.dir/generated/actionlib_msgs__msg__GoalID__factories.cpp.o
[51.671s] [ 17%] Building CXX object CMakeFiles/ros1_bridge.dir/generated/actionlib_msgs__msg__GoalStatus__factories.cpp.o
[51.789s] [ 17%] Building CXX object CMakeFiles/ros1_bridge.dir/generated/actionlib_msgs__msg__GoalStatusArray__factories.cpp.o
[51.920s] [ 17%] Building CXX object CMakeFiles/ros1_bridge.dir/generated/composition_interfaces_factories.cpp.o
[52.012s] [ 18%] Building CXX object CMakeFiles/ros1_bridge.dir/generated/composition_interfaces__srv__LoadNode__factories.cpp.o
[52.663s] [ 18%] Building CXX object CMakeFiles/ros1_bridge.dir/generated/composition_interfaces__srv__ListNodes__factories.cpp.o
[52.760s] [ 18%] Building CXX object CMakeFiles/ros1_bridge.dir/generated/composition_interfaces__srv__UnloadNode__factories.cpp.o
[53.988s] [ 19%] Building CXX object CMakeFiles/ros1_bridge.dir/generated/diagnostic_msgs_factories.cpp.o
[54.389s] [ 19%] Building CXX object CMakeFiles/ros1_bridge.dir/generated/diagnostic_msgs__msg__DiagnosticArray__factories.cpp.o
[54.390s] [ 19%] Building CXX object CMakeFiles/ros1_bridge.dir/generated/diagnostic_msgs__msg__DiagnosticStatus__factories.cpp.o
[54.675s] [ 19%] Building CXX object CMakeFiles/ros1_bridge.dir/generated/diagnostic_msgs__msg__KeyValue__factories.cpp.o
[54.712s] [ 20%] Building CXX object CMakeFiles/ros1_bridge.dir/generated/diagnostic_msgs__srv__AddDiagnostics__factories.cpp.o
[54.967s] [ 20%] Building CXX object CMakeFiles/ros1_bridge.dir/generated/diagnostic_msgs__srv__SelfTest__factories.cpp.o
[55.504s] [ 20%] Building CXX object CMakeFiles/ros1_bridge.dir/generated/example_interfaces_factories.cpp.o
[58.241s] [ 21%] Building CXX object CMakeFiles/ros1_bridge.dir/generated/example_interfaces__action__Fibonacci__factories.cpp.o
[61.984s] [ 21%] Building CXX object CMakeFiles/ros1_bridge.dir/generated/example_interfaces__msg__Bool__factories.cpp.o
[62.192s] [ 21%] Building CXX object CMakeFiles/ros1_bridge.dir/generated/example_interfaces__msg__Byte__factories.cpp.o
[63.050s] [ 22%] Building CXX object CMakeFiles/ros1_bridge.dir/generated/example_interfaces__msg__Char__factories.cpp.o
[63.065s] [ 22%] Building CXX object CMakeFiles/ros1_bridge.dir/generated/example_interfaces__msg__ByteMultiArray__factories.cpp.o
[63.867s] [ 22%] Building CXX object CMakeFiles/ros1_bridge.dir/generated/example_interfaces__msg__Empty__factories.cpp.o
[64.178s] [ 22%] Building CXX object CMakeFiles/ros1_bridge.dir/generated/example_interfaces__msg__Float32__factories.cpp.o
[65.924s] [ 23%] Building CXX object CMakeFiles/ros1_bridge.dir/generated/example_interfaces__msg__Float32MultiArray__factories.cpp.o
[68.674s] [ 23%] Building CXX object CMakeFiles/ros1_bridge.dir/generated/example_interfaces__msg__Float64__factories.cpp.o
[68.759s] [ 23%] Building CXX object CMakeFiles/ros1_bridge.dir/generated/example_interfaces__msg__Float64MultiArray__factories.cpp.o
[69.310s] [ 23%] Building CXX object CMakeFiles/ros1_bridge.dir/generated/example_interfaces__msg__Int16__factories.cpp.o
[72.058s] [ 24%] Building CXX object CMakeFiles/ros1_bridge.dir/generated/example_interfaces__msg__Int16MultiArray__factories.cpp.o
[72.239s] [ 24%] Building CXX object CMakeFiles/ros1_bridge.dir/generated/example_interfaces__msg__Int32__factories.cpp.o
[73.227s] [ 24%] Building CXX object CMakeFiles/ros1_bridge.dir/generated/example_interfaces__msg__Int32MultiArray__factories.cpp.o
[73.606s] [ 25%] Building CXX object CMakeFiles/ros1_bridge.dir/generated/example_interfaces__msg__Int64__factories.cpp.o
[73.881s] [ 25%] Building CXX object CMakeFiles/ros1_bridge.dir/generated/example_interfaces__msg__Int64MultiArray__factories.cpp.o
[74.095s] [ 25%] Building CXX object CMakeFiles/ros1_bridge.dir/generated/example_interfaces__msg__Int8__factories.cpp.o
[74.701s] [ 26%] Building CXX object CMakeFiles/ros1_bridge.dir/generated/example_interfaces__msg__Int8MultiArray__factories.cpp.o
[74.764s] [ 26%] Building CXX object CMakeFiles/ros1_bridge.dir/generated/example_interfaces__msg__MultiArrayDimension__factories.cpp.o
[75.917s] [ 26%] Building CXX object CMakeFiles/ros1_bridge.dir/generated/example_interfaces__msg__MultiArrayLayout__factories.cpp.o
[76.414s] [ 26%] Building CXX object CMakeFiles/ros1_bridge.dir/generated/example_interfaces__msg__String__factories.cpp.o
[77.509s] [ 27%] Building CXX object CMakeFiles/ros1_bridge.dir/generated/example_interfaces__msg__UInt16__factories.cpp.o
[77.522s] [ 27%] Building CXX object CMakeFiles/ros1_bridge.dir/generated/example_interfaces__msg__UInt16MultiArray__factories.cpp.o
[78.403s] [ 27%] Building CXX object CMakeFiles/ros1_bridge.dir/generated/example_interfaces__msg__UInt32__factories.cpp.o
[78.687s] [ 28%] Building CXX object CMakeFiles/ros1_bridge.dir/generated/example_interfaces__msg__UInt32MultiArray__factories.cpp.o
[78.876s] [ 28%] Building CXX object CMakeFiles/ros1_bridge.dir/generated/example_interfaces__msg__UInt64__factories.cpp.o
[79.231s] [ 28%] Building CXX object CMakeFiles/ros1_bridge.dir/generated/example_interfaces__msg__UInt64MultiArray__factories.cpp.o
[82.280s] [ 28%] Building CXX object CMakeFiles/ros1_bridge.dir/generated/example_interfaces__msg__UInt8__factories.cpp.o
[82.846s] [ 29%] Building CXX object CMakeFiles/ros1_bridge.dir/generated/example_interfaces__msg__UInt8MultiArray__factories.cpp.o
[83.640s] [ 29%] Building CXX object CMakeFiles/ros1_bridge.dir/generated/example_interfaces__msg__WString__factories.cpp.o
[84.066s] [ 29%] Building CXX object CMakeFiles/ros1_bridge.dir/generated/example_interfaces__srv__AddTwoInts__factories.cpp.o
[84.488s] [ 30%] Building CXX object CMakeFiles/ros1_bridge.dir/generated/example_interfaces__srv__SetBool__factories.cpp.o
[84.544s] [ 30%] Building CXX object CMakeFiles/ros1_bridge.dir/generated/example_interfaces__srv__Trigger__factories.cpp.o
[85.084s] [ 30%] Building CXX object CMakeFiles/ros1_bridge.dir/generated/geometry_msgs_factories.cpp.o
[86.001s] [ 31%] Building CXX object CMakeFiles/ros1_bridge.dir/generated/geometry_msgs__msg__Accel__factories.cpp.o
[86.342s] [ 31%] Building CXX object CMakeFiles/ros1_bridge.dir/generated/geometry_msgs__msg__AccelStamped__factories.cpp.o
[87.152s] [ 31%] Building CXX object CMakeFiles/ros1_bridge.dir/generated/geometry_msgs__msg__AccelWithCovariance__factories.cpp.o
[88.479s] [ 31%] Building CXX object CMakeFiles/ros1_bridge.dir/generated/geometry_msgs__msg__AccelWithCovarianceStamped__factories.cpp.o
[88.531s] [ 32%] Building CXX object CMakeFiles/ros1_bridge.dir/generated/geometry_msgs__msg__Inertia__factories.cpp.o
[88.810s] [ 32%] Building CXX object CMakeFiles/ros1_bridge.dir/generated/geometry_msgs__msg__InertiaStamped__factories.cpp.o
[88.894s] [ 32%] Building CXX object CMakeFiles/ros1_bridge.dir/generated/geometry_msgs__msg__Point__factories.cpp.o
[89.077s] [ 33%] Building CXX object CMakeFiles/ros1_bridge.dir/generated/geometry_msgs__msg__Point32__factories.cpp.o
[90.090s] [ 33%] Building CXX object CMakeFiles/ros1_bridge.dir/generated/geometry_msgs__msg__PointStamped__factories.cpp.o
[92.317s] [ 33%] Building CXX object CMakeFiles/ros1_bridge.dir/generated/geometry_msgs__msg__Polygon__factories.cpp.o
[93.000s] [ 33%] Building CXX object CMakeFiles/ros1_bridge.dir/generated/geometry_msgs__msg__PolygonInstance__factories.cpp.o
[93.501s] [ 34%] Building CXX object CMakeFiles/ros1_bridge.dir/generated/geometry_msgs__msg__PolygonInstanceStamped__factories.cpp.o
[94.931s] [ 34%] Building CXX object CMakeFiles/ros1_bridge.dir/generated/geometry_msgs__msg__PolygonStamped__factories.cpp.o
[94.995s] [ 34%] Building CXX object CMakeFiles/ros1_bridge.dir/generated/geometry_msgs__msg__Pose__factories.cpp.o
[96.409s] [ 35%] Building CXX object CMakeFiles/ros1_bridge.dir/generated/geometry_msgs__msg__Pose2D__factories.cpp.o
[98.776s] [ 35%] Building CXX object CMakeFiles/ros1_bridge.dir/generated/geometry_msgs__msg__PoseArray__factories.cpp.o
[103.035s] [ 35%] Building CXX object CMakeFiles/ros1_bridge.dir/generated/geometry_msgs__msg__PoseStamped__factories.cpp.o
[103.815s] [ 36%] Building CXX object CMakeFiles/ros1_bridge.dir/generated/geometry_msgs__msg__PoseWithCovariance__factories.cpp.o
[109.968s] [ 36%] Building CXX object CMakeFiles/ros1_bridge.dir/generated/geometry_msgs__msg__PoseWithCovarianceStamped__factories.cpp.o
[110.170s] [ 36%] Building CXX object CMakeFiles/ros1_bridge.dir/generated/geometry_msgs__msg__Quaternion__factories.cpp.o
[111.689s] [ 36%] Building CXX object CMakeFiles/ros1_bridge.dir/generated/geometry_msgs__msg__QuaternionStamped__factories.cpp.o
[112.116s] [ 37%] Building CXX object CMakeFiles/ros1_bridge.dir/generated/geometry_msgs__msg__Transform__factories.cpp.o
[112.920s] [ 37%] Building CXX object CMakeFiles/ros1_bridge.dir/generated/geometry_msgs__msg__TransformStamped__factories.cpp.o
[113.176s] [ 37%] Building CXX object CMakeFiles/ros1_bridge.dir/generated/geometry_msgs__msg__Twist__factories.cpp.o
[113.291s] [ 38%] Building CXX object CMakeFiles/ros1_bridge.dir/generated/geometry_msgs__msg__TwistStamped__factories.cpp.o
[113.849s] [ 38%] Building CXX object CMakeFiles/ros1_bridge.dir/generated/geometry_msgs__msg__TwistWithCovariance__factories.cpp.o
[115.297s] [ 38%] Building CXX object CMakeFiles/ros1_bridge.dir/generated/geometry_msgs__msg__TwistWithCovarianceStamped__factories.cpp.o
[116.941s] [ 38%] Building CXX object CMakeFiles/ros1_bridge.dir/generated/geometry_msgs__msg__Vector3__factories.cpp.o
[118.800s] [ 39%] Building CXX object CMakeFiles/ros1_bridge.dir/generated/geometry_msgs__msg__Vector3Stamped__factories.cpp.o
[119.874s] [ 39%] Building CXX object CMakeFiles/ros1_bridge.dir/generated/geometry_msgs__msg__VelocityStamped__factories.cpp.o
[121.837s] [ 39%] Building CXX object CMakeFiles/ros1_bridge.dir/generated/geometry_msgs__msg__Wrench__factories.cpp.o
[124.854s] [ 40%] Building CXX object CMakeFiles/ros1_bridge.dir/generated/geometry_msgs__msg__WrenchStamped__factories.cpp.o
[127.212s] [ 40%] Building CXX object CMakeFiles/ros1_bridge.dir/generated/lifecycle_msgs_factories.cpp.o
[128.427s] [ 40%] Building CXX object CMakeFiles/ros1_bridge.dir/generated/lifecycle_msgs__msg__State__factories.cpp.o
[130.986s] [ 41%] Building CXX object CMakeFiles/ros1_bridge.dir/generated/lifecycle_msgs__msg__Transition__factories.cpp.o
[134.752s] [ 41%] Building CXX object CMakeFiles/ros1_bridge.dir/generated/lifecycle_msgs__msg__TransitionDescription__factories.cpp.o
[135.701s] [ 41%] Building CXX object CMakeFiles/ros1_bridge.dir/generated/lifecycle_msgs__msg__TransitionEvent__factories.cpp.o
[135.748s] [ 41%] Building CXX object CMakeFiles/ros1_bridge.dir/generated/lifecycle_msgs__srv__ChangeState__factories.cpp.o
[136.197s] [ 42%] Building CXX object CMakeFiles/ros1_bridge.dir/generated/lifecycle_msgs__srv__GetAvailableStates__factories.cpp.o
[136.562s] [ 42%] Building CXX object CMakeFiles/ros1_bridge.dir/generated/lifecycle_msgs__srv__GetAvailableTransitions__factories.cpp.o
[136.602s] [ 42%] Building CXX object CMakeFiles/ros1_bridge.dir/generated/lifecycle_msgs__srv__GetState__factories.cpp.o
[136.848s] [ 43%] Building CXX object CMakeFiles/ros1_bridge.dir/generated/logging_demo_factories.cpp.o
[137.439s] [ 43%] Building CXX object CMakeFiles/ros1_bridge.dir/generated/logging_demo__srv__ConfigLogger__factories.cpp.o
[138.746s] [ 43%] Building CXX object CMakeFiles/ros1_bridge.dir/generated/map_msgs_factories.cpp.o
[138.897s] [ 43%] Building CXX object CMakeFiles/ros1_bridge.dir/generated/map_msgs__msg__OccupancyGridUpdate__factories.cpp.o
[138.899s] [ 44%] Building CXX object CMakeFiles/ros1_bridge.dir/generated/map_msgs__msg__PointCloud2Update__factories.cpp.o
[140.513s] [ 44%] Building CXX object CMakeFiles/ros1_bridge.dir/generated/map_msgs__msg__ProjectedMapInfo__factories.cpp.o
[141.503s] [ 44%] Building CXX object CMakeFiles/ros1_bridge.dir/generated/map_msgs__msg__ProjectedMap__factories.cpp.o
[142.500s] [ 45%] Building CXX object CMakeFiles/ros1_bridge.dir/generated/map_msgs__srv__GetMapROI__factories.cpp.o
[145.107s] [ 45%] Building CXX object CMakeFiles/ros1_bridge.dir/generated/map_msgs__srv__GetPointMapROI__factories.cpp.o
[145.408s] [ 45%] Building CXX object CMakeFiles/ros1_bridge.dir/generated/map_msgs__srv__GetPointMap__factories.cpp.o
[146.105s] [ 45%] Building CXX object CMakeFiles/ros1_bridge.dir/generated/map_msgs__srv__ProjectedMapsInfo__factories.cpp.o
[146.730s] [ 46%] Building CXX object CMakeFiles/ros1_bridge.dir/generated/map_msgs__srv__SaveMap__factories.cpp.o
[146.901s] [ 46%] Building CXX object CMakeFiles/ros1_bridge.dir/generated/map_msgs__srv__SetMapProjections__factories.cpp.o
[146.930s] [ 46%] Building CXX object CMakeFiles/ros1_bridge.dir/generated/nav_msgs_factories.cpp.o
[147.180s] [ 47%] Building CXX object CMakeFiles/ros1_bridge.dir/generated/nav_msgs__msg__Goals__factories.cpp.o
[147.356s] [ 47%] Building CXX object CMakeFiles/ros1_bridge.dir/generated/nav_msgs__msg__GridCells__factories.cpp.o
[148.223s] [ 47%] Building CXX object CMakeFiles/ros1_bridge.dir/generated/nav_msgs__msg__MapMetaData__factories.cpp.o
[149.539s] [ 48%] Building CXX object CMakeFiles/ros1_bridge.dir/generated/nav_msgs__msg__OccupancyGrid__factories.cpp.o
[149.717s] [ 48%] Building CXX object CMakeFiles/ros1_bridge.dir/generated/nav_msgs__msg__Odometry__factories.cpp.o
[155.947s] [ 48%] Building CXX object CMakeFiles/ros1_bridge.dir/generated/nav_msgs__msg__Path__factories.cpp.o
[157.525s] [ 48%] Building CXX object CMakeFiles/ros1_bridge.dir/generated/nav_msgs__srv__GetMap__factories.cpp.o
[158.204s] [ 49%] Building CXX object CMakeFiles/ros1_bridge.dir/generated/nav_msgs__srv__GetPlan__factories.cpp.o
[158.854s] [ 49%] Building CXX object CMakeFiles/ros1_bridge.dir/generated/nav_msgs__srv__SetMap__factories.cpp.o
[158.875s] [ 49%] Building CXX object CMakeFiles/ros1_bridge.dir/generated/nav_msgs__srv__LoadMap__factories.cpp.o
[160.354s] [ 50%] Building CXX object CMakeFiles/ros1_bridge.dir/generated/pcl_msgs_factories.cpp.o
[160.828s] [ 50%] Building CXX object CMakeFiles/ros1_bridge.dir/generated/pcl_msgs__msg__ModelCoefficients__factories.cpp.o
[160.912s] [ 50%] Building CXX object CMakeFiles/ros1_bridge.dir/generated/pcl_msgs__msg__PointIndices__factories.cpp.o
[162.865s] [ 50%] Building CXX object CMakeFiles/ros1_bridge.dir/generated/pcl_msgs__msg__PolygonMesh__factories.cpp.o
[163.181s] [ 51%] Building CXX object CMakeFiles/ros1_bridge.dir/generated/pcl_msgs__msg__Vertices__factories.cpp.o
[163.223s] [ 51%] Building CXX object CMakeFiles/ros1_bridge.dir/generated/pcl_msgs__srv__UpdateFilename__factories.cpp.o
[165.030s] [ 51%] Building CXX object CMakeFiles/ros1_bridge.dir/generated/pendulum_msgs_factories.cpp.o
[170.605s] [ 52%] Building CXX object CMakeFiles/ros1_bridge.dir/generated/pendulum_msgs__msg__JointState__factories.cpp.o
[171.324s] [ 52%] Building CXX object CMakeFiles/ros1_bridge.dir/generated/pendulum_msgs__msg__JointCommand__factories.cpp.o
[171.440s] [ 52%] Building CXX object CMakeFiles/ros1_bridge.dir/generated/pendulum_msgs__msg__RttestResults__factories.cpp.o
[171.604s] [ 53%] Building CXX object CMakeFiles/ros1_bridge.dir/generated/rcl_interfaces_factories.cpp.o
[171.723s] [ 53%] Building CXX object CMakeFiles/ros1_bridge.dir/generated/rcl_interfaces__msg__FloatingPointRange__factories.cpp.o
[172.000s] [ 53%] Building CXX object CMakeFiles/ros1_bridge.dir/generated/rcl_interfaces__msg__IntegerRange__factories.cpp.o
[173.162s] [ 53%] Building CXX object CMakeFiles/ros1_bridge.dir/generated/rcl_interfaces__msg__ListParametersResult__factories.cpp.o
[173.184s] [ 54%] Building CXX object CMakeFiles/ros1_bridge.dir/generated/rcl_interfaces__msg__Log__factories.cpp.o
[173.586s] [ 54%] Building CXX object CMakeFiles/ros1_bridge.dir/generated/rcl_interfaces__msg__ParameterDescriptor__factories.cpp.o
[173.692s] [ 54%] Building CXX object CMakeFiles/ros1_bridge.dir/generated/rcl_interfaces__msg__ParameterEventDescriptors__factories.cpp.o
[173.755s] [ 55%] Building CXX object CMakeFiles/ros1_bridge.dir/generated/rcl_interfaces__msg__ParameterEvent__factories.cpp.o
[174.331s] [ 55%] Building CXX object CMakeFiles/ros1_bridge.dir/generated/rcl_interfaces__msg__Parameter__factories.cpp.o
[174.634s] [ 55%] Building CXX object CMakeFiles/ros1_bridge.dir/generated/rcl_interfaces__msg__ParameterType__factories.cpp.o
[174.836s] [ 55%] Building CXX object CMakeFiles/ros1_bridge.dir/generated/rcl_interfaces__msg__ParameterValue__factories.cpp.o
[175.413s] [ 56%] Building CXX object CMakeFiles/ros1_bridge.dir/generated/rcl_interfaces__msg__SetParametersResult__factories.cpp.o
[180.525s] [ 56%] Building CXX object CMakeFiles/ros1_bridge.dir/generated/rcl_interfaces__srv__DescribeParameters__factories.cpp.o
[181.118s] [ 56%] Building CXX object CMakeFiles/ros1_bridge.dir/generated/rcl_interfaces__srv__GetParameters__factories.cpp.o
[181.606s] [ 57%] Building CXX object CMakeFiles/ros1_bridge.dir/generated/rcl_interfaces__srv__GetParameterTypes__factories.cpp.o
[182.145s] [ 57%] Building CXX object CMakeFiles/ros1_bridge.dir/generated/rcl_interfaces__srv__ListParameters__factories.cpp.o
[182.401s] [ 57%] Building CXX object CMakeFiles/ros1_bridge.dir/generated/rcl_interfaces__srv__SetParametersAtomically__factories.cpp.o
[182.645s] [ 58%] Building CXX object CMakeFiles/ros1_bridge.dir/generated/rcl_interfaces__srv__SetParameters__factories.cpp.o
[182.943s] [ 58%] Building CXX object CMakeFiles/ros1_bridge.dir/generated/rmw_dds_common_factories.cpp.o
[183.249s] [ 58%] Building CXX object CMakeFiles/ros1_bridge.dir/generated/rmw_dds_common__msg__Gid__factories.cpp.o
[183.434s] [ 58%] Building CXX object CMakeFiles/ros1_bridge.dir/generated/rmw_dds_common__msg__NodeEntitiesInfo__factories.cpp.o
[184.043s] [ 59%] Building CXX object CMakeFiles/ros1_bridge.dir/generated/rmw_dds_common__msg__ParticipantEntitiesInfo__factories.cpp.o
[184.355s] [ 59%] Building CXX object CMakeFiles/ros1_bridge.dir/generated/rosbag2_interfaces_factories.cpp.o
[184.616s] [ 59%] Building CXX object CMakeFiles/ros1_bridge.dir/generated/rosbag2_interfaces__msg__ReadSplitEvent__factories.cpp.o
[184.832s] [ 60%] Building CXX object CMakeFiles/ros1_bridge.dir/generated/rosbag2_interfaces__msg__WriteSplitEvent__factories.cpp.o
[185.079s] [ 60%] Building CXX object CMakeFiles/ros1_bridge.dir/generated/rosbag2_interfaces__srv__Burst__factories.cpp.o
[185.505s] [ 60%] Building CXX object CMakeFiles/ros1_bridge.dir/generated/rosbag2_interfaces__srv__GetRate__factories.cpp.o
[185.654s] [ 60%] Building CXX object CMakeFiles/ros1_bridge.dir/generated/rosbag2_interfaces__srv__IsPaused__factories.cpp.o
[190.109s] [ 61%] Building CXX object CMakeFiles/ros1_bridge.dir/generated/rosbag2_interfaces__srv__Pause__factories.cpp.o
[190.904s] [ 61%] Building CXX object CMakeFiles/ros1_bridge.dir/generated/rosbag2_interfaces__srv__PlayNext__factories.cpp.o
[192.326s] [ 61%] Building CXX object CMakeFiles/ros1_bridge.dir/generated/rosbag2_interfaces__srv__Resume__factories.cpp.o
[192.481s] [ 62%] Building CXX object CMakeFiles/ros1_bridge.dir/generated/rosbag2_interfaces__srv__Seek__factories.cpp.o
[192.523s] [ 62%] Building CXX object CMakeFiles/ros1_bridge.dir/generated/rosbag2_interfaces__srv__SetRate__factories.cpp.o
[193.340s] [ 62%] Building CXX object CMakeFiles/ros1_bridge.dir/generated/rosbag2_interfaces__srv__Snapshot__factories.cpp.o
[193.475s] [ 62%] Building CXX object CMakeFiles/ros1_bridge.dir/generated/rosbag2_interfaces__srv__TogglePaused__factories.cpp.o
[193.581s] [ 63%] Building CXX object CMakeFiles/ros1_bridge.dir/generated/rosgraph_msgs_factories.cpp.o
[193.986s] [ 63%] Building CXX object CMakeFiles/ros1_bridge.dir/generated/rosgraph_msgs__msg__Clock__factories.cpp.o
[194.262s] [ 63%] Building CXX object CMakeFiles/ros1_bridge.dir/generated/sensor_msgs_factories.cpp.o
[194.654s] [ 64%] Building CXX object CMakeFiles/ros1_bridge.dir/generated/sensor_msgs__msg__BatteryState__factories.cpp.o
[194.983s] [ 64%] Building CXX object CMakeFiles/ros1_bridge.dir/generated/sensor_msgs__msg__CameraInfo__factories.cpp.o
[195.364s] [ 64%] Building CXX object CMakeFiles/ros1_bridge.dir/generated/sensor_msgs__msg__ChannelFloat32__factories.cpp.o
[195.388s] [ 65%] Building CXX object CMakeFiles/ros1_bridge.dir/generated/sensor_msgs__msg__CompressedImage__factories.cpp.o
[195.707s] [ 65%] Building CXX object CMakeFiles/ros1_bridge.dir/generated/sensor_msgs__msg__FluidPressure__factories.cpp.o
[196.189s] [ 65%] Building CXX object CMakeFiles/ros1_bridge.dir/generated/sensor_msgs__msg__Illuminance__factories.cpp.o
[199.547s] [ 65%] Building CXX object CMakeFiles/ros1_bridge.dir/generated/sensor_msgs__msg__Image__factories.cpp.o
[201.376s] [ 66%] Building CXX object CMakeFiles/ros1_bridge.dir/generated/sensor_msgs__msg__Imu__factories.cpp.o
[202.605s] [ 66%] Building CXX object CMakeFiles/ros1_bridge.dir/generated/sensor_msgs__msg__JointState__factories.cpp.o
[202.672s] [ 66%] Building CXX object CMakeFiles/ros1_bridge.dir/generated/sensor_msgs__msg__Joy__factories.cpp.o
[202.830s] [ 67%] Building CXX object CMakeFiles/ros1_bridge.dir/generated/sensor_msgs__msg__JoyFeedback__factories.cpp.o
[203.604s] [ 67%] Building CXX object CMakeFiles/ros1_bridge.dir/generated/sensor_msgs__msg__JoyFeedbackArray__factories.cpp.o
[203.648s] [ 67%] Building CXX object CMakeFiles/ros1_bridge.dir/generated/sensor_msgs__msg__LaserEcho__factories.cpp.o
[203.985s] [ 67%] Building CXX object CMakeFiles/ros1_bridge.dir/generated/sensor_msgs__msg__LaserScan__factories.cpp.o
[205.713s] [ 68%] Building CXX object CMakeFiles/ros1_bridge.dir/generated/sensor_msgs__msg__MagneticField__factories.cpp.o
[216.912s] [ 68%] Building CXX object CMakeFiles/ros1_bridge.dir/generated/sensor_msgs__msg__MultiDOFJointState__factories.cpp.o
[218.996s] [ 68%] Building CXX object CMakeFiles/ros1_bridge.dir/generated/sensor_msgs__msg__MultiEchoLaserScan__factories.cpp.o
[219.070s] [ 69%] Building CXX object CMakeFiles/ros1_bridge.dir/generated/sensor_msgs__msg__NavSatFix__factories.cpp.o
[219.507s] [ 69%] Building CXX object CMakeFiles/ros1_bridge.dir/generated/sensor_msgs__msg__NavSatStatus__factories.cpp.o
[219.558s] [ 69%] Building CXX object CMakeFiles/ros1_bridge.dir/generated/sensor_msgs__msg__PointCloud__factories.cpp.o
[219.598s] [ 70%] Building CXX object CMakeFiles/ros1_bridge.dir/generated/sensor_msgs__msg__PointCloud2__factories.cpp.o
[219.687s] [ 70%] Building CXX object CMakeFiles/ros1_bridge.dir/generated/sensor_msgs__msg__PointField__factories.cpp.o
[222.978s] [ 70%] Building CXX object CMakeFiles/ros1_bridge.dir/generated/sensor_msgs__msg__Range__factories.cpp.o
[226.029s] [ 70%] Building CXX object CMakeFiles/ros1_bridge.dir/generated/sensor_msgs__msg__RegionOfInterest__factories.cpp.o
[226.182s] [ 71%] Building CXX object CMakeFiles/ros1_bridge.dir/generated/sensor_msgs__msg__RelativeHumidity__factories.cpp.o
[226.654s] [ 71%] Building CXX object CMakeFiles/ros1_bridge.dir/generated/sensor_msgs__msg__Temperature__factories.cpp.o
[227.081s] [ 71%] Building CXX object CMakeFiles/ros1_bridge.dir/generated/sensor_msgs__msg__TimeReference__factories.cpp.o
[227.127s] [ 72%] Building CXX object CMakeFiles/ros1_bridge.dir/generated/sensor_msgs__srv__SetCameraInfo__factories.cpp.o
[227.238s] [ 72%] Building CXX object CMakeFiles/ros1_bridge.dir/generated/shape_msgs_factories.cpp.o
[227.680s] [ 72%] Building CXX object CMakeFiles/ros1_bridge.dir/generated/shape_msgs__msg__Mesh__factories.cpp.o
[228.960s] [ 72%] Building CXX object CMakeFiles/ros1_bridge.dir/generated/shape_msgs__msg__MeshTriangle__factories.cpp.o
[237.649s] [ 73%] Building CXX object CMakeFiles/ros1_bridge.dir/generated/shape_msgs__msg__Plane__factories.cpp.o
[241.951s] [ 73%] Building CXX object CMakeFiles/ros1_bridge.dir/generated/shape_msgs__msg__SolidPrimitive__factories.cpp.o
[242.394s] [ 73%] Building CXX object CMakeFiles/ros1_bridge.dir/generated/statistics_msgs_factories.cpp.o
[243.072s] [ 74%] Building CXX object CMakeFiles/ros1_bridge.dir/generated/statistics_msgs__msg__MetricsMessage__factories.cpp.o
[243.199s] [ 74%] Building CXX object CMakeFiles/ros1_bridge.dir/generated/statistics_msgs__msg__StatisticDataPoint__factories.cpp.o
[243.528s] [ 74%] Building CXX object CMakeFiles/ros1_bridge.dir/generated/statistics_msgs__msg__StatisticDataType__factories.cpp.o
[243.711s] [ 75%] Building CXX object CMakeFiles/ros1_bridge.dir/generated/std_msgs_factories.cpp.o
[243.802s] [ 75%] Building CXX object CMakeFiles/ros1_bridge.dir/generated/std_msgs__msg__Bool__factories.cpp.o
[244.202s] [ 75%] Building CXX object CMakeFiles/ros1_bridge.dir/generated/std_msgs__msg__Byte__factories.cpp.o
[246.527s] [ 75%] Building CXX object CMakeFiles/ros1_bridge.dir/generated/std_msgs__msg__ByteMultiArray__factories.cpp.o
[249.282s] [ 76%] Building CXX object CMakeFiles/ros1_bridge.dir/generated/std_msgs__msg__Char__factories.cpp.o
[249.684s] [ 76%] Building CXX object CMakeFiles/ros1_bridge.dir/generated/std_msgs__msg__ColorRGBA__factories.cpp.o
[249.902s] [ 76%] Building CXX object CMakeFiles/ros1_bridge.dir/generated/std_msgs__msg__Empty__factories.cpp.o
[250.334s] [ 77%] Building CXX object CMakeFiles/ros1_bridge.dir/generated/std_msgs__msg__Float32__factories.cpp.o
[251.752s] [ 77%] Building CXX object CMakeFiles/ros1_bridge.dir/generated/std_msgs__msg__Float32MultiArray__factories.cpp.o
[252.499s] [ 77%] Building CXX object CMakeFiles/ros1_bridge.dir/generated/std_msgs__msg__Float64__factories.cpp.o
[252.924s] [ 77%] Building CXX object CMakeFiles/ros1_bridge.dir/generated/std_msgs__msg__Float64MultiArray__factories.cpp.o
[252.973s] [ 78%] Building CXX object CMakeFiles/ros1_bridge.dir/generated/std_msgs__msg__Header__factories.cpp.o
[253.691s] [ 78%] Building CXX object CMakeFiles/ros1_bridge.dir/generated/std_msgs__msg__Int16__factories.cpp.o
[253.902s] [ 78%] Building CXX object CMakeFiles/ros1_bridge.dir/generated/std_msgs__msg__Int16MultiArray__factories.cpp.o
[254.588s] [ 79%] Building CXX object CMakeFiles/ros1_bridge.dir/generated/std_msgs__msg__Int32__factories.cpp.o
[261.000s] [ 79%] Building CXX object CMakeFiles/ros1_bridge.dir/generated/std_msgs__msg__Int32MultiArray__factories.cpp.o
[265.998s] [ 79%] Building CXX object CMakeFiles/ros1_bridge.dir/generated/std_msgs__msg__Int64__factories.cpp.o
[266.967s] [ 80%] Building CXX object CMakeFiles/ros1_bridge.dir/generated/std_msgs__msg__Int64MultiArray__factories.cpp.o
[267.475s] [ 80%] Building CXX object CMakeFiles/ros1_bridge.dir/generated/std_msgs__msg__Int8__factories.cpp.o
[270.881s] [ 80%] Building CXX object CMakeFiles/ros1_bridge.dir/generated/std_msgs__msg__Int8MultiArray__factories.cpp.o
[271.955s] [ 80%] Building CXX object CMakeFiles/ros1_bridge.dir/generated/std_msgs__msg__MultiArrayDimension__factories.cpp.o
[273.071s] [ 81%] Building CXX object CMakeFiles/ros1_bridge.dir/generated/std_msgs__msg__MultiArrayLayout__factories.cpp.o
[273.688s] [ 81%] Building CXX object CMakeFiles/ros1_bridge.dir/generated/std_msgs__msg__String__factories.cpp.o
[274.350s] [ 81%] Building CXX object CMakeFiles/ros1_bridge.dir/generated/std_msgs__msg__UInt16__factories.cpp.o
[275.639s] [ 82%] Building CXX object CMakeFiles/ros1_bridge.dir/generated/std_msgs__msg__UInt16MultiArray__factories.cpp.o
[276.102s] [ 82%] Building CXX object CMakeFiles/ros1_bridge.dir/generated/std_msgs__msg__UInt32__factories.cpp.o
[276.224s] [ 82%] Building CXX object CMakeFiles/ros1_bridge.dir/generated/std_msgs__msg__UInt32MultiArray__factories.cpp.o
[276.667s] [ 82%] Building CXX object CMakeFiles/ros1_bridge.dir/generated/std_msgs__msg__UInt64__factories.cpp.o
[277.599s] [ 83%] Building CXX object CMakeFiles/ros1_bridge.dir/generated/std_msgs__msg__UInt64MultiArray__factories.cpp.o
[277.927s] [ 83%] Building CXX object CMakeFiles/ros1_bridge.dir/generated/std_msgs__msg__UInt8__factories.cpp.o
[278.487s] [ 83%] Building CXX object CMakeFiles/ros1_bridge.dir/generated/std_msgs__msg__UInt8MultiArray__factories.cpp.o
[285.204s] [ 84%] Building CXX object CMakeFiles/ros1_bridge.dir/generated/std_srvs_factories.cpp.o
[290.049s] [ 84%] Building CXX object CMakeFiles/ros1_bridge.dir/generated/std_srvs__srv__Empty__factories.cpp.o
[290.824s] [ 84%] Building CXX object CMakeFiles/ros1_bridge.dir/generated/std_srvs__srv__SetBool__factories.cpp.o
[290.834s] [ 84%] Building CXX object CMakeFiles/ros1_bridge.dir/generated/std_srvs__srv__Trigger__factories.cpp.o
[294.040s] [ 85%] Building CXX object CMakeFiles/ros1_bridge.dir/generated/stereo_msgs_factories.cpp.o
[295.729s] [ 85%] Building CXX object CMakeFiles/ros1_bridge.dir/generated/stereo_msgs__msg__DisparityImage__factories.cpp.o
[295.958s] [ 85%] Building CXX object CMakeFiles/ros1_bridge.dir/generated/tf2_msgs_factories.cpp.o
[296.945s] [ 86%] Building CXX object CMakeFiles/ros1_bridge.dir/generated/tf2_msgs__msg__TF2Error__factories.cpp.o
[297.489s] [ 86%] Building CXX object CMakeFiles/ros1_bridge.dir/generated/tf2_msgs__msg__TFMessage__factories.cpp.o
[298.248s] [ 86%] Building CXX object CMakeFiles/ros1_bridge.dir/generated/tf2_msgs__srv__FrameGraph__factories.cpp.o
[299.262s] [ 87%] Building CXX object CMakeFiles/ros1_bridge.dir/generated/tf2_msgs__action__LookupTransform__factories.cpp.o
[299.412s] [ 87%] Building CXX object CMakeFiles/ros1_bridge.dir/generated/trajectory_msgs_factories.cpp.o
[299.692s] [ 87%] Building CXX object CMakeFiles/ros1_bridge.dir/generated/trajectory_msgs__msg__JointTrajectory__factories.cpp.o
[301.615s] [ 87%] Building CXX object CMakeFiles/ros1_bridge.dir/generated/trajectory_msgs__msg__JointTrajectoryPoint__factories.cpp.o
[301.656s] [ 88%] Building CXX object CMakeFiles/ros1_bridge.dir/generated/trajectory_msgs__msg__MultiDOFJointTrajectory__factories.cpp.o
[301.802s] [ 88%] Building CXX object CMakeFiles/ros1_bridge.dir/generated/trajectory_msgs__msg__MultiDOFJointTrajectoryPoint__factories.cpp.o
[301.815s] [ 88%] Building CXX object CMakeFiles/ros1_bridge.dir/generated/turtlesim_factories.cpp.o
[303.669s] [ 89%] Building CXX object CMakeFiles/ros1_bridge.dir/generated/turtlesim__action__RotateAbsolute__factories.cpp.o
[303.917s] [ 89%] Building CXX object CMakeFiles/ros1_bridge.dir/generated/turtlesim__msg__Color__factories.cpp.o
[303.981s] [ 89%] Building CXX object CMakeFiles/ros1_bridge.dir/generated/turtlesim__msg__Pose__factories.cpp.o
[304.461s] [ 89%] Building CXX object CMakeFiles/ros1_bridge.dir/generated/turtlesim__srv__Kill__factories.cpp.o
[306.164s] [ 90%] Building CXX object CMakeFiles/ros1_bridge.dir/generated/turtlesim__srv__SetPen__factories.cpp.o
[309.622s] [ 90%] Building CXX object CMakeFiles/ros1_bridge.dir/generated/turtlesim__srv__Spawn__factories.cpp.o
[312.049s] [ 90%] Building CXX object CMakeFiles/ros1_bridge.dir/generated/turtlesim__srv__TeleportAbsolute__factories.cpp.o
[312.342s] [ 91%] Building CXX object CMakeFiles/ros1_bridge.dir/generated/turtlesim__srv__TeleportRelative__factories.cpp.o
[313.626s] [ 91%] Building CXX object CMakeFiles/ros1_bridge.dir/generated/unique_identifier_msgs_factories.cpp.o
[314.064s] [ 91%] Building CXX object CMakeFiles/ros1_bridge.dir/generated/unique_identifier_msgs__msg__UUID__factories.cpp.o
[314.081s] [ 92%] Building CXX object CMakeFiles/ros1_bridge.dir/generated/visualization_msgs_factories.cpp.o
[317.828s] [ 92%] Building CXX object CMakeFiles/ros1_bridge.dir/generated/visualization_msgs__msg__ImageMarker__factories.cpp.o
[319.015s] [ 92%] Building CXX object CMakeFiles/ros1_bridge.dir/generated/visualization_msgs__msg__InteractiveMarker__factories.cpp.o
[319.454s] [ 92%] Building CXX object CMakeFiles/ros1_bridge.dir/generated/visualization_msgs__msg__InteractiveMarkerControl__factories.cpp.o
[320.199s] [ 93%] Building CXX object CMakeFiles/ros1_bridge.dir/generated/visualization_msgs__msg__InteractiveMarkerFeedback__factories.cpp.o
[321.874s] [ 93%] Building CXX object CMakeFiles/ros1_bridge.dir/generated/visualization_msgs__msg__InteractiveMarkerInit__factories.cpp.o
[322.591s] [ 93%] Building CXX object CMakeFiles/ros1_bridge.dir/generated/visualization_msgs__msg__InteractiveMarkerPose__factories.cpp.o
[323.512s] [ 94%] Building CXX object CMakeFiles/ros1_bridge.dir/generated/visualization_msgs__msg__InteractiveMarkerUpdate__factories.cpp.o
[324.347s] [ 94%] Building CXX object CMakeFiles/ros1_bridge.dir/generated/visualization_msgs__msg__Marker__factories.cpp.o
[324.444s] [ 94%] Building CXX object CMakeFiles/ros1_bridge.dir/generated/visualization_msgs__msg__MarkerArray__factories.cpp.o
[324.705s] [ 94%] Building CXX object CMakeFiles/ros1_bridge.dir/generated/visualization_msgs__msg__MenuEntry__factories.cpp.o
[324.838s] [ 95%] Building CXX object CMakeFiles/ros1_bridge.dir/generated/visualization_msgs__msg__MeshFile__factories.cpp.o
[324.844s] [ 95%] Building CXX object CMakeFiles/ros1_bridge.dir/generated/visualization_msgs__msg__UVCoordinate__factories.cpp.o
[325.121s] [ 95%] Building CXX object CMakeFiles/ros1_bridge.dir/generated/visualization_msgs__srv__GetInteractiveMarkers__factories.cpp.o
[342.606s] [ 96%] Linking CXX shared library libros1_bridge.so
[352.162s] [ 96%] Built target ros1_bridge
[352.185s] [ 96%] Building CXX object CMakeFiles/test_convert_generic.dir/test/test_convert_generic.cpp.o
[352.186s] [ 96%] Building CXX object CMakeFiles/test_ros2_to_ros1_serialization.dir/test/test_ros2_to_ros1_serialization.cpp.o
[352.186s] [ 96%] Building CXX object CMakeFiles/dynamic_bridge.dir/src/dynamic_bridge.cpp.o
[352.186s] [ 96%] Building CXX object CMakeFiles/parameter_bridge.dir/src/parameter_bridge.cpp.o
[352.186s] [ 96%] Building CXX object CMakeFiles/action_bridge.dir/src/action_bridge.cpp.o
[352.188s] [ 97%] Building CXX object CMakeFiles/static_bridge.dir/src/static_bridge.cpp.o
[356.594s] [ 97%] Linking CXX executable static_bridge
[356.745s] [ 97%] Linking CXX executable action_bridge
[357.328s] [ 97%] Linking CXX executable parameter_bridge
[362.124s] [ 98%] Linking CXX executable dynamic_bridge
[364.292s] [ 98%] Built target static_bridge
[364.420s] [ 98%] Built target action_bridge
[364.903s] [ 98%] Built target parameter_bridge
[366.834s] [ 98%] Built target dynamic_bridge
[387.909s] [ 99%] Linking CXX executable test_convert_generic
[390.536s] [100%] Linking CXX executable test_ros2_to_ros1_serialization
[391.210s] [100%] Built target test_convert_generic
[393.606s] [100%] Built target test_ros2_to_ros1_serialization
[393.682s] Invoked command in '/ros-humble-ros1-bridge/build/ros1_bridge' returned '0': CMAKE_PREFIX_PATH=/custom_action/install/bridge_mapping:/control_msgs_ros2/install/control_msgs:/opt/ros/humble:/control_msgs_ros1/install/control_msgs:/ros_tutorials/install/turtlesim:/ros_tutorials/install/rospy_tutorials:/ros_tutorials/install/roscpp_tutorials /usr/bin/cmake --build /ros-humble-ros1-bridge/build/ros1_bridge
[393.723s] Invoking command in '/ros-humble-ros1-bridge/build/ros1_bridge': CMAKE_PREFIX_PATH=/custom_action/install/bridge_mapping:/control_msgs_ros2/install/control_msgs:/opt/ros/humble:/control_msgs_ros1/install/control_msgs:/ros_tutorials/install/turtlesim:/ros_tutorials/install/rospy_tutorials:/ros_tutorials/install/roscpp_tutorials /usr/bin/cmake --install /ros-humble-ros1-bridge/build/ros1_bridge
[393.728s] -- Install configuration: "Release"
[393.729s] -- Installing: /ros-humble-ros1-bridge/install/ros1_bridge/share/ros1_bridge/environment/library_path.sh
[393.729s] -- Installing: /ros-humble-ros1-bridge/install/ros1_bridge/share/ros1_bridge/environment/library_path.dsv
[393.729s] -- Installing: /ros-humble-ros1-bridge/install/ros1_bridge/share/ros1_bridge/environment/pythonpath.sh
[393.729s] -- Installing: /ros-humble-ros1-bridge/install/ros1_bridge/share/ros1_bridge/environment/pythonpath.dsv
[393.730s] -- Installing: /ros-humble-ros1-bridge/install/ros1_bridge/local/lib/python3.10/dist-packages/ros1_bridge-0.10.3-py3.10.egg-info
[393.730s] -- Installing: /ros-humble-ros1-bridge/install/ros1_bridge/local/lib/python3.10/dist-packages/ros1_bridge-0.10.3-py3.10.egg-info/SOURCES.txt
[393.730s] -- Installing: /ros-humble-ros1-bridge/install/ros1_bridge/local/lib/python3.10/dist-packages/ros1_bridge-0.10.3-py3.10.egg-info/top_level.txt
[393.731s] -- Installing: /ros-humble-ros1-bridge/install/ros1_bridge/local/lib/python3.10/dist-packages/ros1_bridge-0.10.3-py3.10.egg-info/dependency_links.txt
[393.731s] -- Installing: /ros-humble-ros1-bridge/install/ros1_bridge/local/lib/python3.10/dist-packages/ros1_bridge-0.10.3-py3.10.egg-info/PKG-INFO
[393.731s] -- Installing: /ros-humble-ros1-bridge/install/ros1_bridge/local/lib/python3.10/dist-packages/ros1_bridge
[393.732s] -- Installing: /ros-humble-ros1-bridge/install/ros1_bridge/local/lib/python3.10/dist-packages/ros1_bridge/__init__.py
[393.770s] Listing '/ros-humble-ros1-bridge/install/ros1_bridge/local/lib/python3.10/dist-packages/ros1_bridge'...
[393.770s] Compiling '/ros-humble-ros1-bridge/install/ros1_bridge/local/lib/python3.10/dist-packages/ros1_bridge/__init__.py'...
[393.774s] -- Installing: /ros-humble-ros1-bridge/install/ros1_bridge/share/ament_index/resource_index/package_run_dependencies/ros1_bridge
[393.774s] -- Installing: /ros-humble-ros1-bridge/install/ros1_bridge/share/ament_index/resource_index/parent_prefix_path/ros1_bridge
[393.775s] -- Installing: /ros-humble-ros1-bridge/install/ros1_bridge/share/ros1_bridge/environment/ament_prefix_path.sh
[393.775s] -- Installing: /ros-humble-ros1-bridge/install/ros1_bridge/share/ros1_bridge/environment/ament_prefix_path.dsv
[393.775s] -- Installing: /ros-humble-ros1-bridge/install/ros1_bridge/share/ros1_bridge/environment/path.sh
[393.776s] -- Installing: /ros-humble-ros1-bridge/install/ros1_bridge/share/ros1_bridge/environment/path.dsv
[393.776s] -- Installing: /ros-humble-ros1-bridge/install/ros1_bridge/share/ros1_bridge/local_setup.bash
[393.776s] -- Installing: /ros-humble-ros1-bridge/install/ros1_bridge/share/ros1_bridge/local_setup.sh
[393.777s] -- Installing: /ros-humble-ros1-bridge/install/ros1_bridge/share/ros1_bridge/local_setup.zsh
[393.777s] -- Installing: /ros-humble-ros1-bridge/install/ros1_bridge/share/ros1_bridge/local_setup.dsv
[393.777s] -- Installing: /ros-humble-ros1-bridge/install/ros1_bridge/share/ros1_bridge/package.dsv
[393.778s] -- Installing: /ros-humble-ros1-bridge/install/ros1_bridge/share/ament_index/resource_index/packages/ros1_bridge
[393.778s] -- Installing: /ros-humble-ros1-bridge/install/ros1_bridge/share/ros1_bridge/cmake/find_ros1_package.cmake
[393.778s] -- Installing: /ros-humble-ros1-bridge/install/ros1_bridge/share/ros1_bridge/cmake/find_ros1_interface_packages.cmake
[393.779s] -- Installing: /ros-humble-ros1-bridge/install/ros1_bridge/share/ros1_bridge/cmake/ament_cmake_export_include_directories-extras.cmake
[393.779s] -- Installing: /ros-humble-ros1-bridge/install/ros1_bridge/share/ros1_bridge/cmake/ament_cmake_export_libraries-extras.cmake
[393.779s] -- Installing: /ros-humble-ros1-bridge/install/ros1_bridge/share/ros1_bridge/cmake/ros1_bridgeConfig.cmake
[393.779s] -- Installing: /ros-humble-ros1-bridge/install/ros1_bridge/share/ros1_bridge/cmake/ros1_bridgeConfig-version.cmake
[393.780s] -- Installing: /ros-humble-ros1-bridge/install/ros1_bridge/share/ros1_bridge/package.xml
[393.780s] -- Installing: /ros-humble-ros1-bridge/install/ros1_bridge/lib/ros1_bridge/simple_bridge_1_to_2
[393.781s] -- Set runtime path of "/ros-humble-ros1-bridge/install/ros1_bridge/lib/ros1_bridge/simple_bridge_1_to_2" to ""
[393.782s] -- Installing: /ros-humble-ros1-bridge/install/ros1_bridge/lib/ros1_bridge/simple_bridge_2_to_1
[393.784s] -- Set runtime path of "/ros-humble-ros1-bridge/install/ros1_bridge/lib/ros1_bridge/simple_bridge_2_to_1" to ""
[393.784s] -- Installing: /ros-humble-ros1-bridge/install/ros1_bridge/lib/ros1_bridge/simple_bridge
[393.786s] -- Set runtime path of "/ros-humble-ros1-bridge/install/ros1_bridge/lib/ros1_bridge/simple_bridge" to ""
[393.786s] -- Installing: /ros-humble-ros1-bridge/install/ros1_bridge/lib/libros1_bridge.so
[393.867s] -- Set runtime path of "/ros-humble-ros1-bridge/install/ros1_bridge/lib/libros1_bridge.so" to ""
[393.868s] -- Installing: /ros-humble-ros1-bridge/install/ros1_bridge/lib/ros1_bridge/static_bridge
[393.868s] -- Set runtime path of "/ros-humble-ros1-bridge/install/ros1_bridge/lib/ros1_bridge/static_bridge" to ""
[393.868s] -- Installing: /ros-humble-ros1-bridge/install/ros1_bridge/lib/ros1_bridge/action_bridge
[393.869s] -- Set runtime path of "/ros-humble-ros1-bridge/install/ros1_bridge/lib/ros1_bridge/action_bridge" to ""
[393.869s] -- Installing: /ros-humble-ros1-bridge/install/ros1_bridge/lib/ros1_bridge/parameter_bridge
[393.869s] -- Set runtime path of "/ros-humble-ros1-bridge/install/ros1_bridge/lib/ros1_bridge/parameter_bridge" to ""
[393.869s] -- Installing: /ros-humble-ros1-bridge/install/ros1_bridge/lib/ros1_bridge/dynamic_bridge
[393.870s] -- Set runtime path of "/ros-humble-ros1-bridge/install/ros1_bridge/lib/ros1_bridge/dynamic_bridge" to ""
[393.870s] -- Installing: /ros-humble-ros1-bridge/install/ros1_bridge/lib/ros1_bridge/test_ros2_client_cpp
[393.871s] -- Set runtime path of "/ros-humble-ros1-bridge/install/ros1_bridge/lib/ros1_bridge/test_ros2_client_cpp" to ""
[393.871s] -- Installing: /ros-humble-ros1-bridge/install/ros1_bridge/lib/ros1_bridge/test_ros2_server_cpp
[393.872s] -- Set runtime path of "/ros-humble-ros1-bridge/install/ros1_bridge/lib/ros1_bridge/test_ros2_server_cpp" to ""
[393.872s] -- Installing: /ros-humble-ros1-bridge/install/ros1_bridge/lib/ros1_bridge/generate_factories/ros1_bridge_generate_factories
[393.872s] -- Up-to-date: /ros-humble-ros1-bridge/install/ros1_bridge/share/ros1_bridge/cmake
[393.872s] -- Up-to-date: /ros-humble-ros1-bridge/install/ros1_bridge/share/ros1_bridge/cmake/find_ros1_interface_packages.cmake
[393.872s] -- Up-to-date: /ros-humble-ros1-bridge/install/ros1_bridge/share/ros1_bridge/cmake/find_ros1_package.cmake
[393.872s] -- Installing: /ros-humble-ros1-bridge/install/ros1_bridge/include
[393.872s] -- Installing: /ros-humble-ros1-bridge/install/ros1_bridge/include/ros1_bridge
[393.872s] -- Installing: /ros-humble-ros1-bridge/install/ros1_bridge/include/ros1_bridge/factory.hpp
[393.873s] -- Installing: /ros-humble-ros1-bridge/install/ros1_bridge/include/ros1_bridge/bridge.hpp
[393.873s] -- Installing: /ros-humble-ros1-bridge/install/ros1_bridge/include/ros1_bridge/convert_decl.hpp
[393.873s] -- Installing: /ros-humble-ros1-bridge/install/ros1_bridge/include/ros1_bridge/builtin_interfaces_factories.hpp
[393.873s] -- Installing: /ros-humble-ros1-bridge/install/ros1_bridge/include/ros1_bridge/factory_interface.hpp
[393.873s] -- Installing: /ros-humble-ros1-bridge/install/ros1_bridge/include/ros1_bridge/convert_builtin_interfaces.hpp
[393.873s] -- Installing: /ros-humble-ros1-bridge/install/ros1_bridge/include/ros1_bridge/action_factory.hpp
[393.874s] -- Installing: /ros-humble-ros1-bridge/install/ros1_bridge/share/ros1_bridge/resource
[393.874s] -- Installing: /ros-humble-ros1-bridge/install/ros1_bridge/share/ros1_bridge/resource/get_mappings.cpp.em
[393.874s] -- Installing: /ros-humble-ros1-bridge/install/ros1_bridge/share/ros1_bridge/resource/pkg_factories.hpp.em
[393.874s] -- Installing: /ros-humble-ros1-bridge/install/ros1_bridge/share/ros1_bridge/resource/interface_factories.cpp.em
[393.874s] -- Installing: /ros-humble-ros1-bridge/install/ros1_bridge/share/ros1_bridge/resource/get_factory.cpp.em
[393.874s] -- Installing: /ros-humble-ros1-bridge/install/ros1_bridge/share/ros1_bridge/resource/pkg_factories.cpp.em
[393.887s] Invoked command in '/ros-humble-ros1-bridge/build/ros1_bridge' returned '0': CMAKE_PREFIX_PATH=/custom_action/install/bridge_mapping:/control_msgs_ros2/install/control_msgs:/opt/ros/humble:/control_msgs_ros1/install/control_msgs:/ros_tutorials/install/turtlesim:/ros_tutorials/install/rospy_tutorials:/ros_tutorials/install/roscpp_tutorials /usr/bin/cmake --install /ros-humble-ros1-bridge/build/ros1_bridge
