-- The C compiler identification is GNU 11.4.0
-- The CXX compiler identification is GNU 11.4.0
-- Detecting C compiler ABI info
-- Detecting C compiler ABI info - done
-- Check for working C compiler: /usr/bin/cc - skipped
-- Detecting C compile features
-- Detecting C compile features - done
-- Detecting CXX compiler ABI info
-- Detecting CXX compiler ABI info - done
-- Check for working CXX compiler: /usr/bin/c++ - skipped
-- Detecting CXX compile features
-- Detecting CXX compile features - done
-- Using CATKIN_DEVEL_PREFIX: /root/ros-humble-ros1-bridge/mir_nav_interface/ros1/build/mir_nav_interface/devel
-- Using CMAKE_PREFIX_PATH: 
-- Found PythonInterp: /usr/bin/python3 (found suitable version "3.10.12", minimum required is "3") 
-- Using PYTHON_EXECUTABLE: /usr/bin/python3
-- Using Debian Python package layout
-- Using empy: /usr/bin/empy
-- Using CATKIN_ENABLE_TESTING: ON
-- Call enable_testing()
-- Using CATKIN_TEST_RESULTS_DIR: /root/ros-humble-ros1-bridge/mir_nav_interface/ros1/build/mir_nav_interface/test_results
-- GTest is available
-- GMock is not available. Please install libgmock-dev to enable tests involving GMock.
-- nosetests not found, Python tests can not be run (try installing package 'python3-nose')
-- Found Threads: TRUE  
-- catkin 0.8.10
-- BUILD_SHARED_LIBS is on
-- Using these message generators: gencpp;genlisp;genpy
-- mir_nav_interface: 2 messages, 0 services
-- Configuring done
-- Generating done
-- Build files have been written to: /root/ros-humble-ros1-bridge/mir_nav_interface/ros1/build/mir_nav_interface
[  0%] Built target sensor_msgs_generate_messages_py
[  0%] Built target std_msgs_generate_messages_lisp
[  0%] Built target geometry_msgs_generate_messages_py
[  0%] Built target sensor_msgs_generate_messages_cpp
[  0%] Built target std_msgs_generate_messages_py
[  0%] Built target geometry_msgs_generate_messages_cpp
[  0%] Built target std_msgs_generate_messages_cpp
[  0%] Built target sensor_msgs_generate_messages_lisp
[  0%] Built target geometry_msgs_generate_messages_lisp
[  0%] Built target _mir_nav_interface_generate_messages_check_deps_LaserCloudList
[  0%] Built target _mir_nav_interface_generate_messages_check_deps_LaserCloud
[ 14%] Generating Lisp code from mir_nav_interface/LaserCloud.msg
[ 42%] Generating C++ code from mir_nav_interface/LaserCloud.msg
[ 42%] Generating Python from MSG mir_nav_interface/LaserCloud
[ 57%] Generating Lisp code from mir_nav_interface/LaserCloudList.msg
[ 71%] Generating Python from MSG mir_nav_interface/LaserCloudList
[ 85%] Generating C++ code from mir_nav_interface/LaserCloudList.msg
[ 85%] Built target mir_nav_interface_generate_messages_lisp
[ 85%] Built target mir_nav_interface_generate_messages_cpp
[100%] Generating Python msg __init__.py for mir_nav_interface
[100%] Built target mir_nav_interface_generate_messages_py
[100%] Built target mir_nav_interface_generate_messages
Built target tests
-- Install configuration: "Release"
-- Installing: /root/ros-humble-ros1-bridge/mir_nav_interface/ros1/install/mir_nav_interface/share/mir_nav_interface/msg/LaserCloud.msg
-- Installing: /root/ros-humble-ros1-bridge/mir_nav_interface/ros1/install/mir_nav_interface/share/mir_nav_interface/msg/LaserCloudList.msg
-- Installing: /root/ros-humble-ros1-bridge/mir_nav_interface/ros1/install/mir_nav_interface/share/mir_nav_interface/cmake/mir_nav_interface-msg-paths.cmake
-- Installing: /root/ros-humble-ros1-bridge/mir_nav_interface/ros1/install/mir_nav_interface/include/mir_nav_interface
-- Installing: /root/ros-humble-ros1-bridge/mir_nav_interface/ros1/install/mir_nav_interface/include/mir_nav_interface/LaserCloud.h
-- Installing: /root/ros-humble-ros1-bridge/mir_nav_interface/ros1/install/mir_nav_interface/include/mir_nav_interface/LaserCloudList.h
-- Installing: /root/ros-humble-ros1-bridge/mir_nav_interface/ros1/install/mir_nav_interface/share/common-lisp/ros/mir_nav_interface
-- Installing: /root/ros-humble-ros1-bridge/mir_nav_interface/ros1/install/mir_nav_interface/share/common-lisp/ros/mir_nav_interface/msg
-- Installing: /root/ros-humble-ros1-bridge/mir_nav_interface/ros1/install/mir_nav_interface/share/common-lisp/ros/mir_nav_interface/msg/_package_LaserCloud.lisp
-- Installing: /root/ros-humble-ros1-bridge/mir_nav_interface/ros1/install/mir_nav_interface/share/common-lisp/ros/mir_nav_interface/msg/LaserCloud.lisp
-- Installing: /root/ros-humble-ros1-bridge/mir_nav_interface/ros1/install/mir_nav_interface/share/common-lisp/ros/mir_nav_interface/msg/_package_LaserCloudList.lisp
-- Installing: /root/ros-humble-ros1-bridge/mir_nav_interface/ros1/install/mir_nav_interface/share/common-lisp/ros/mir_nav_interface/msg/_package.lisp
-- Installing: /root/ros-humble-ros1-bridge/mir_nav_interface/ros1/install/mir_nav_interface/share/common-lisp/ros/mir_nav_interface/msg/mir_nav_interface-msg.asd
-- Installing: /root/ros-humble-ros1-bridge/mir_nav_interface/ros1/install/mir_nav_interface/share/common-lisp/ros/mir_nav_interface/msg/LaserCloudList.lisp
Listing '/root/ros-humble-ros1-bridge/mir_nav_interface/ros1/build/mir_nav_interface/devel/lib/python3/dist-packages/mir_nav_interface'...
Compiling '/root/ros-humble-ros1-bridge/mir_nav_interface/ros1/build/mir_nav_interface/devel/lib/python3/dist-packages/mir_nav_interface/__init__.py'...
Listing '/root/ros-humble-ros1-bridge/mir_nav_interface/ros1/build/mir_nav_interface/devel/lib/python3/dist-packages/mir_nav_interface/msg'...
Compiling '/root/ros-humble-ros1-bridge/mir_nav_interface/ros1/build/mir_nav_interface/devel/lib/python3/dist-packages/mir_nav_interface/msg/_LaserCloud.py'...
Compiling '/root/ros-humble-ros1-bridge/mir_nav_interface/ros1/build/mir_nav_interface/devel/lib/python3/dist-packages/mir_nav_interface/msg/_LaserCloudList.py'...
Compiling '/root/ros-humble-ros1-bridge/mir_nav_interface/ros1/build/mir_nav_interface/devel/lib/python3/dist-packages/mir_nav_interface/msg/__init__.py'...
-- Installing: /root/ros-humble-ros1-bridge/mir_nav_interface/ros1/install/mir_nav_interface/lib/python3/dist-packages/mir_nav_interface
-- Installing: /root/ros-humble-ros1-bridge/mir_nav_interface/ros1/install/mir_nav_interface/lib/python3/dist-packages/mir_nav_interface/__init__.py
-- Installing: /root/ros-humble-ros1-bridge/mir_nav_interface/ros1/install/mir_nav_interface/lib/python3/dist-packages/mir_nav_interface/__pycache__
-- Installing: /root/ros-humble-ros1-bridge/mir_nav_interface/ros1/install/mir_nav_interface/lib/python3/dist-packages/mir_nav_interface/__pycache__/__init__.cpython-310.pyc
-- Installing: /root/ros-humble-ros1-bridge/mir_nav_interface/ros1/install/mir_nav_interface/lib/python3/dist-packages/mir_nav_interface/msg
-- Installing: /root/ros-humble-ros1-bridge/mir_nav_interface/ros1/install/mir_nav_interface/lib/python3/dist-packages/mir_nav_interface/msg/__init__.py
-- Installing: /root/ros-humble-ros1-bridge/mir_nav_interface/ros1/install/mir_nav_interface/lib/python3/dist-packages/mir_nav_interface/msg/__pycache__
-- Installing: /root/ros-humble-ros1-bridge/mir_nav_interface/ros1/install/mir_nav_interface/lib/python3/dist-packages/mir_nav_interface/msg/__pycache__/__init__.cpython-310.pyc
-- Installing: /root/ros-humble-ros1-bridge/mir_nav_interface/ros1/install/mir_nav_interface/lib/python3/dist-packages/mir_nav_interface/msg/__pycache__/_LaserCloud.cpython-310.pyc
-- Installing: /root/ros-humble-ros1-bridge/mir_nav_interface/ros1/install/mir_nav_interface/lib/python3/dist-packages/mir_nav_interface/msg/__pycache__/_LaserCloudList.cpython-310.pyc
-- Installing: /root/ros-humble-ros1-bridge/mir_nav_interface/ros1/install/mir_nav_interface/lib/python3/dist-packages/mir_nav_interface/msg/_LaserCloudList.py
-- Installing: /root/ros-humble-ros1-bridge/mir_nav_interface/ros1/install/mir_nav_interface/lib/python3/dist-packages/mir_nav_interface/msg/_LaserCloud.py
-- Installing: /root/ros-humble-ros1-bridge/mir_nav_interface/ros1/install/mir_nav_interface/lib/pkgconfig/mir_nav_interface.pc
-- Installing: /root/ros-humble-ros1-bridge/mir_nav_interface/ros1/install/mir_nav_interface/share/mir_nav_interface/cmake/mir_nav_interface-msg-extras.cmake
-- Installing: /root/ros-humble-ros1-bridge/mir_nav_interface/ros1/install/mir_nav_interface/share/mir_nav_interface/cmake/mir_nav_interfaceConfig.cmake
-- Installing: /root/ros-humble-ros1-bridge/mir_nav_interface/ros1/install/mir_nav_interface/share/mir_nav_interface/cmake/mir_nav_interfaceConfig-version.cmake
-- Installing: /root/ros-humble-ros1-bridge/mir_nav_interface/ros1/install/mir_nav_interface/share/mir_nav_interface/package.xml
