-- The C compiler identification is GNU 11.4.0
-- The CXX compiler identification is GNU 11.4.0
-- Detecting C compiler ABI info
-- Detecting C compiler ABI info - done
-- Check for working C compiler: /usr/bin/cc - skipped
-- Detecting C compile features
-- Detecting C compile features - done
-- Detecting CXX compiler ABI info
-- Detecting CXX compiler ABI info - done
-- Check for working CXX compiler: /usr/bin/c++ - skipped
-- Detecting CXX compile features
-- Detecting CXX compile features - done
-- Found ament_cmake: 1.3.12 (/opt/ros/humble/share/ament_cmake/cmake)
-- Found Python3: /usr/bin/python3 (found version "3.10.12") found components: Interpreter 
-- Found geometry_msgs: 4.9.0 (/opt/ros/humble/share/geometry_msgs/cmake)
-- Found rosidl_generator_c: 3.1.7 (/opt/ros/humble/share/rosidl_generator_c/cmake)
-- Found rosidl_adapter: 3.1.7 (/opt/ros/humble/share/rosidl_adapter/cmake)
-- Found rosidl_generator_cpp: 3.1.7 (/opt/ros/humble/share/rosidl_generator_cpp/cmake)
-- Using all available rosidl_typesupport_c: rosidl_typesupport_fastrtps_c;rosidl_typesupport_introspection_c
-- Using all available rosidl_typesupport_cpp: rosidl_typesupport_fastrtps_cpp;rosidl_typesupport_introspection_cpp
-- Found rosidl_default_generators: 1.2.0 (/opt/ros/humble/share/rosidl_default_generators/cmake)
-- Found sensor_msgs: 4.9.0 (/opt/ros/humble/share/sensor_msgs/cmake)
-- Found ament_cmake_ros: 0.10.0 (/opt/ros/humble/share/ament_cmake_ros/cmake)
-- Using all available rosidl_typesupport_c: rosidl_typesupport_fastrtps_c;rosidl_typesupport_introspection_c
-- Using all available rosidl_typesupport_cpp: rosidl_typesupport_fastrtps_cpp;rosidl_typesupport_introspection_cpp
-- Found PythonInterp: /usr/bin/python3 (found suitable version "3.10.12", minimum required is "3.6") 
-- Found python_cmake_module: 0.10.0 (/opt/ros/humble/share/python_cmake_module/cmake)
-- Found PythonLibs: /usr/lib/x86_64-linux-gnu/libpython3.10.so (found suitable version "3.10.12", minimum required is "3.5") 
-- Using PYTHON_EXECUTABLE: /usr/bin/python3
-- Using PYTHON_INCLUDE_DIRS: /usr/include/python3.10
-- Using PYTHON_LIBRARIES: /usr/lib/x86_64-linux-gnu/libpython3.10.so
-- Found PythonExtra: .so  
-- Configuring done
-- Generating done
-- Build files have been written to: /root/ros-humble-ros1-bridge/mir_nav_interface/ros2/build/mir_nav_interface
[  2%] Generating C code for ROS interfaces
[  5%] Generating C++ code for ROS interfaces
[  5%] Built target ament_cmake_python_copy_mir_nav_interface
running egg_info
creating mir_nav_interface.egg-info
writing mir_nav_interface.egg-info/PKG-INFO
writing dependency_links to mir_nav_interface.egg-info/dependency_links.txt
writing top-level names to mir_nav_interface.egg-info/top_level.txt
writing manifest file 'mir_nav_interface.egg-info/SOURCES.txt'
reading manifest file 'mir_nav_interface.egg-info/SOURCES.txt'
writing manifest file 'mir_nav_interface.egg-info/SOURCES.txt'
[  7%] Building C object CMakeFiles/mir_nav_interface__rosidl_generator_c.dir/rosidl_generator_c/mir_nav_interface/msg/detail/laser_cloud__functions.c.o
[ 10%] Building C object CMakeFiles/mir_nav_interface__rosidl_generator_c.dir/rosidl_generator_c/mir_nav_interface/msg/detail/laser_cloud_list__functions.c.o
[ 10%] Built target mir_nav_interface__cpp
[ 10%] Built target ament_cmake_python_build_mir_nav_interface_egg
[ 17%] Generating C++ type support for eProsima Fast-RTPS
[ 17%] Generating C++ type support dispatch for ROS interfaces
[ 17%] Generating C++ introspection for ROS interfaces
[ 20%] Linking C shared library libmir_nav_interface__rosidl_generator_c.so
[ 20%] Built target mir_nav_interface__rosidl_generator_c
[ 23%] Generating C type support for eProsima Fast-RTPS
[ 25%] Generating C type support dispatch for ROS interfaces
[ 28%] Generating C introspection for ROS interfaces
[ 30%] Building CXX object CMakeFiles/mir_nav_interface__rosidl_typesupport_cpp.dir/rosidl_typesupport_cpp/mir_nav_interface/msg/laser_cloud__type_support.cpp.o
[ 33%] Building CXX object CMakeFiles/mir_nav_interface__rosidl_typesupport_cpp.dir/rosidl_typesupport_cpp/mir_nav_interface/msg/laser_cloud_list__type_support.cpp.o
[ 35%] Building CXX object CMakeFiles/mir_nav_interface__rosidl_typesupport_introspection_cpp.dir/rosidl_typesupport_introspection_cpp/mir_nav_interface/msg/detail/laser_cloud__type_support.cpp.o
[ 38%] Building CXX object CMakeFiles/mir_nav_interface__rosidl_typesupport_introspection_cpp.dir/rosidl_typesupport_introspection_cpp/mir_nav_interface/msg/detail/laser_cloud_list__type_support.cpp.o
[ 41%] Building CXX object CMakeFiles/mir_nav_interface__rosidl_typesupport_fastrtps_cpp.dir/rosidl_typesupport_fastrtps_cpp/mir_nav_interface/msg/detail/dds_fastrtps/laser_cloud__type_support.cpp.o
[ 43%] Building CXX object CMakeFiles/mir_nav_interface__rosidl_typesupport_fastrtps_cpp.dir/rosidl_typesupport_fastrtps_cpp/mir_nav_interface/msg/detail/dds_fastrtps/laser_cloud_list__type_support.cpp.o
[ 46%] Building CXX object CMakeFiles/mir_nav_interface__rosidl_typesupport_c.dir/rosidl_typesupport_c/mir_nav_interface/msg/laser_cloud__type_support.cpp.o
[ 48%] Building CXX object CMakeFiles/mir_nav_interface__rosidl_typesupport_c.dir/rosidl_typesupport_c/mir_nav_interface/msg/laser_cloud_list__type_support.cpp.o
[ 51%] Linking CXX shared library libmir_nav_interface__rosidl_typesupport_c.so
[ 53%] Building CXX object CMakeFiles/mir_nav_interface__rosidl_typesupport_fastrtps_c.dir/rosidl_typesupport_fastrtps_c/mir_nav_interface/msg/detail/laser_cloud_list__type_support_c.cpp.o
[ 56%] Building CXX object CMakeFiles/mir_nav_interface__rosidl_typesupport_fastrtps_c.dir/rosidl_typesupport_fastrtps_c/mir_nav_interface/msg/detail/laser_cloud__type_support_c.cpp.o
[ 58%] Building C object CMakeFiles/mir_nav_interface__rosidl_typesupport_introspection_c.dir/rosidl_typesupport_introspection_c/mir_nav_interface/msg/detail/laser_cloud_list__type_support.c.o
[ 61%] Building C object CMakeFiles/mir_nav_interface__rosidl_typesupport_introspection_c.dir/rosidl_typesupport_introspection_c/mir_nav_interface/msg/detail/laser_cloud__type_support.c.o
[ 61%] Built target mir_nav_interface__rosidl_typesupport_c
[ 64%] Linking C shared library libmir_nav_interface__rosidl_typesupport_introspection_c.so
[ 66%] Linking CXX shared library libmir_nav_interface__rosidl_typesupport_cpp.so
[ 66%] Built target mir_nav_interface__rosidl_typesupport_introspection_c
[ 66%] Built target mir_nav_interface__rosidl_typesupport_cpp
[ 69%] Linking CXX shared library libmir_nav_interface__rosidl_typesupport_fastrtps_cpp.so
[ 71%] Linking CXX shared library libmir_nav_interface__rosidl_typesupport_fastrtps_c.so
[ 71%] Built target mir_nav_interface__rosidl_typesupport_fastrtps_cpp
[ 74%] Linking CXX shared library libmir_nav_interface__rosidl_typesupport_introspection_cpp.so
[ 74%] Built target mir_nav_interface__rosidl_typesupport_fastrtps_c
[ 74%] Built target mir_nav_interface__rosidl_typesupport_introspection_cpp
[ 74%] Built target mir_nav_interface
[ 76%] Generating Python code for ROS interfaces
[ 76%] Built target mir_nav_interface__py
[ 82%] Building C object CMakeFiles/mir_nav_interface__rosidl_generator_py.dir/rosidl_generator_py/mir_nav_interface/msg/_laser_cloud_s.c.o
[ 82%] Building C object CMakeFiles/mir_nav_interface__rosidl_generator_py.dir/rosidl_generator_py/mir_nav_interface/msg/_laser_cloud_list_s.c.o
[ 84%] Linking C shared library rosidl_generator_py/mir_nav_interface/libmir_nav_interface__rosidl_generator_py.so
[ 84%] Built target mir_nav_interface__rosidl_generator_py
[ 92%] Building C object CMakeFiles/mir_nav_interface__rosidl_typesupport_fastrtps_c__pyext.dir/rosidl_generator_py/mir_nav_interface/_mir_nav_interface_s.ep.rosidl_typesupport_fastrtps_c.c.o
[ 92%] Building C object CMakeFiles/mir_nav_interface__rosidl_typesupport_c__pyext.dir/rosidl_generator_py/mir_nav_interface/_mir_nav_interface_s.ep.rosidl_typesupport_c.c.o
[ 92%] Building C object CMakeFiles/mir_nav_interface__rosidl_typesupport_introspection_c__pyext.dir/rosidl_generator_py/mir_nav_interface/_mir_nav_interface_s.ep.rosidl_typesupport_introspection_c.c.o
[ 94%] Linking C shared library rosidl_generator_py/mir_nav_interface/mir_nav_interface_s__rosidl_typesupport_c.cpython-310-x86_64-linux-gnu.so
[ 97%] Linking C shared library rosidl_generator_py/mir_nav_interface/mir_nav_interface_s__rosidl_typesupport_introspection_c.cpython-310-x86_64-linux-gnu.so
[100%] Linking C shared library rosidl_generator_py/mir_nav_interface/mir_nav_interface_s__rosidl_typesupport_fastrtps_c.cpython-310-x86_64-linux-gnu.so
[100%] Built target mir_nav_interface__rosidl_typesupport_introspection_c__pyext
[100%] Built target mir_nav_interface__rosidl_typesupport_c__pyext
[100%] Built target mir_nav_interface__rosidl_typesupport_fastrtps_c__pyext
-- Install configuration: "Release"
-- Installing: /root/ros-humble-ros1-bridge/mir_nav_interface/ros2/install/mir_nav_interface/share/ament_index/resource_index/rosidl_interfaces/mir_nav_interface
-- Installing: /root/ros-humble-ros1-bridge/mir_nav_interface/ros2/install/mir_nav_interface/include/mir_nav_interface/mir_nav_interface
-- Installing: /root/ros-humble-ros1-bridge/mir_nav_interface/ros2/install/mir_nav_interface/include/mir_nav_interface/mir_nav_interface/msg
-- Installing: /root/ros-humble-ros1-bridge/mir_nav_interface/ros2/install/mir_nav_interface/include/mir_nav_interface/mir_nav_interface/msg/laser_cloud.h
-- Installing: /root/ros-humble-ros1-bridge/mir_nav_interface/ros2/install/mir_nav_interface/include/mir_nav_interface/mir_nav_interface/msg/laser_cloud_list.h
-- Installing: /root/ros-humble-ros1-bridge/mir_nav_interface/ros2/install/mir_nav_interface/include/mir_nav_interface/mir_nav_interface/msg/rosidl_generator_c__visibility_control.h
-- Installing: /root/ros-humble-ros1-bridge/mir_nav_interface/ros2/install/mir_nav_interface/include/mir_nav_interface/mir_nav_interface/msg/detail
-- Installing: /root/ros-humble-ros1-bridge/mir_nav_interface/ros2/install/mir_nav_interface/include/mir_nav_interface/mir_nav_interface/msg/detail/laser_cloud__type_support.h
-- Installing: /root/ros-humble-ros1-bridge/mir_nav_interface/ros2/install/mir_nav_interface/include/mir_nav_interface/mir_nav_interface/msg/detail/laser_cloud_list__type_support.h
-- Installing: /root/ros-humble-ros1-bridge/mir_nav_interface/ros2/install/mir_nav_interface/include/mir_nav_interface/mir_nav_interface/msg/detail/laser_cloud__functions.h
-- Installing: /root/ros-humble-ros1-bridge/mir_nav_interface/ros2/install/mir_nav_interface/include/mir_nav_interface/mir_nav_interface/msg/detail/laser_cloud__functions.c
-- Installing: /root/ros-humble-ros1-bridge/mir_nav_interface/ros2/install/mir_nav_interface/include/mir_nav_interface/mir_nav_interface/msg/detail/laser_cloud_list__functions.c
-- Installing: /root/ros-humble-ros1-bridge/mir_nav_interface/ros2/install/mir_nav_interface/include/mir_nav_interface/mir_nav_interface/msg/detail/laser_cloud_list__struct.h
-- Installing: /root/ros-humble-ros1-bridge/mir_nav_interface/ros2/install/mir_nav_interface/include/mir_nav_interface/mir_nav_interface/msg/detail/laser_cloud_list__functions.h
-- Installing: /root/ros-humble-ros1-bridge/mir_nav_interface/ros2/install/mir_nav_interface/include/mir_nav_interface/mir_nav_interface/msg/detail/laser_cloud__struct.h
-- Installing: /root/ros-humble-ros1-bridge/mir_nav_interface/ros2/install/mir_nav_interface/share/mir_nav_interface/environment/library_path.sh
-- Installing: /root/ros-humble-ros1-bridge/mir_nav_interface/ros2/install/mir_nav_interface/share/mir_nav_interface/environment/library_path.dsv
-- Installing: /root/ros-humble-ros1-bridge/mir_nav_interface/ros2/install/mir_nav_interface/lib/libmir_nav_interface__rosidl_generator_c.so
-- Set runtime path of "/root/ros-humble-ros1-bridge/mir_nav_interface/ros2/install/mir_nav_interface/lib/libmir_nav_interface__rosidl_generator_c.so" to ""
-- Up-to-date: /root/ros-humble-ros1-bridge/mir_nav_interface/ros2/install/mir_nav_interface/include/mir_nav_interface/mir_nav_interface
-- Up-to-date: /root/ros-humble-ros1-bridge/mir_nav_interface/ros2/install/mir_nav_interface/include/mir_nav_interface/mir_nav_interface/msg
-- Installing: /root/ros-humble-ros1-bridge/mir_nav_interface/ros2/install/mir_nav_interface/include/mir_nav_interface/mir_nav_interface/msg/rosidl_typesupport_fastrtps_c__visibility_control.h
-- Up-to-date: /root/ros-humble-ros1-bridge/mir_nav_interface/ros2/install/mir_nav_interface/include/mir_nav_interface/mir_nav_interface/msg/detail
-- Installing: /root/ros-humble-ros1-bridge/mir_nav_interface/ros2/install/mir_nav_interface/include/mir_nav_interface/mir_nav_interface/msg/detail/laser_cloud_list__rosidl_typesupport_fastrtps_c.h
-- Installing: /root/ros-humble-ros1-bridge/mir_nav_interface/ros2/install/mir_nav_interface/include/mir_nav_interface/mir_nav_interface/msg/detail/laser_cloud__rosidl_typesupport_fastrtps_c.h
-- Installing: /root/ros-humble-ros1-bridge/mir_nav_interface/ros2/install/mir_nav_interface/lib/libmir_nav_interface__rosidl_typesupport_fastrtps_c.so
-- Set runtime path of "/root/ros-humble-ros1-bridge/mir_nav_interface/ros2/install/mir_nav_interface/lib/libmir_nav_interface__rosidl_typesupport_fastrtps_c.so" to ""
-- Up-to-date: /root/ros-humble-ros1-bridge/mir_nav_interface/ros2/install/mir_nav_interface/include/mir_nav_interface/mir_nav_interface
-- Up-to-date: /root/ros-humble-ros1-bridge/mir_nav_interface/ros2/install/mir_nav_interface/include/mir_nav_interface/mir_nav_interface/msg
-- Installing: /root/ros-humble-ros1-bridge/mir_nav_interface/ros2/install/mir_nav_interface/include/mir_nav_interface/mir_nav_interface/msg/laser_cloud_list.hpp
-- Up-to-date: /root/ros-humble-ros1-bridge/mir_nav_interface/ros2/install/mir_nav_interface/include/mir_nav_interface/mir_nav_interface/msg/detail
-- Installing: /root/ros-humble-ros1-bridge/mir_nav_interface/ros2/install/mir_nav_interface/include/mir_nav_interface/mir_nav_interface/msg/detail/laser_cloud_list__traits.hpp
-- Installing: /root/ros-humble-ros1-bridge/mir_nav_interface/ros2/install/mir_nav_interface/include/mir_nav_interface/mir_nav_interface/msg/detail/laser_cloud__struct.hpp
-- Installing: /root/ros-humble-ros1-bridge/mir_nav_interface/ros2/install/mir_nav_interface/include/mir_nav_interface/mir_nav_interface/msg/detail/laser_cloud__traits.hpp
-- Installing: /root/ros-humble-ros1-bridge/mir_nav_interface/ros2/install/mir_nav_interface/include/mir_nav_interface/mir_nav_interface/msg/detail/laser_cloud_list__builder.hpp
-- Installing: /root/ros-humble-ros1-bridge/mir_nav_interface/ros2/install/mir_nav_interface/include/mir_nav_interface/mir_nav_interface/msg/detail/laser_cloud__type_support.hpp
-- Installing: /root/ros-humble-ros1-bridge/mir_nav_interface/ros2/install/mir_nav_interface/include/mir_nav_interface/mir_nav_interface/msg/detail/laser_cloud__builder.hpp
-- Installing: /root/ros-humble-ros1-bridge/mir_nav_interface/ros2/install/mir_nav_interface/include/mir_nav_interface/mir_nav_interface/msg/detail/laser_cloud_list__type_support.hpp
-- Installing: /root/ros-humble-ros1-bridge/mir_nav_interface/ros2/install/mir_nav_interface/include/mir_nav_interface/mir_nav_interface/msg/detail/laser_cloud_list__struct.hpp
-- Installing: /root/ros-humble-ros1-bridge/mir_nav_interface/ros2/install/mir_nav_interface/include/mir_nav_interface/mir_nav_interface/msg/laser_cloud.hpp
-- Installing: /root/ros-humble-ros1-bridge/mir_nav_interface/ros2/install/mir_nav_interface/include/mir_nav_interface/mir_nav_interface/msg/rosidl_generator_cpp__visibility_control.hpp
-- Up-to-date: /root/ros-humble-ros1-bridge/mir_nav_interface/ros2/install/mir_nav_interface/include/mir_nav_interface/mir_nav_interface
-- Up-to-date: /root/ros-humble-ros1-bridge/mir_nav_interface/ros2/install/mir_nav_interface/include/mir_nav_interface/mir_nav_interface/msg
-- Up-to-date: /root/ros-humble-ros1-bridge/mir_nav_interface/ros2/install/mir_nav_interface/include/mir_nav_interface/mir_nav_interface/msg/detail
-- Installing: /root/ros-humble-ros1-bridge/mir_nav_interface/ros2/install/mir_nav_interface/include/mir_nav_interface/mir_nav_interface/msg/detail/dds_fastrtps
-- Installing: /root/ros-humble-ros1-bridge/mir_nav_interface/ros2/install/mir_nav_interface/include/mir_nav_interface/mir_nav_interface/msg/detail/laser_cloud__rosidl_typesupport_fastrtps_cpp.hpp
-- Installing: /root/ros-humble-ros1-bridge/mir_nav_interface/ros2/install/mir_nav_interface/include/mir_nav_interface/mir_nav_interface/msg/detail/laser_cloud_list__rosidl_typesupport_fastrtps_cpp.hpp
-- Installing: /root/ros-humble-ros1-bridge/mir_nav_interface/ros2/install/mir_nav_interface/include/mir_nav_interface/mir_nav_interface/msg/rosidl_typesupport_fastrtps_cpp__visibility_control.h
-- Installing: /root/ros-humble-ros1-bridge/mir_nav_interface/ros2/install/mir_nav_interface/lib/libmir_nav_interface__rosidl_typesupport_fastrtps_cpp.so
-- Set runtime path of "/root/ros-humble-ros1-bridge/mir_nav_interface/ros2/install/mir_nav_interface/lib/libmir_nav_interface__rosidl_typesupport_fastrtps_cpp.so" to ""
-- Up-to-date: /root/ros-humble-ros1-bridge/mir_nav_interface/ros2/install/mir_nav_interface/include/mir_nav_interface/mir_nav_interface
-- Up-to-date: /root/ros-humble-ros1-bridge/mir_nav_interface/ros2/install/mir_nav_interface/include/mir_nav_interface/mir_nav_interface/msg
-- Up-to-date: /root/ros-humble-ros1-bridge/mir_nav_interface/ros2/install/mir_nav_interface/include/mir_nav_interface/mir_nav_interface/msg/detail
-- Installing: /root/ros-humble-ros1-bridge/mir_nav_interface/ros2/install/mir_nav_interface/include/mir_nav_interface/mir_nav_interface/msg/detail/laser_cloud__rosidl_typesupport_introspection_c.h
-- Installing: /root/ros-humble-ros1-bridge/mir_nav_interface/ros2/install/mir_nav_interface/include/mir_nav_interface/mir_nav_interface/msg/detail/laser_cloud_list__rosidl_typesupport_introspection_c.h
-- Installing: /root/ros-humble-ros1-bridge/mir_nav_interface/ros2/install/mir_nav_interface/include/mir_nav_interface/mir_nav_interface/msg/detail/laser_cloud_list__type_support.c
-- Installing: /root/ros-humble-ros1-bridge/mir_nav_interface/ros2/install/mir_nav_interface/include/mir_nav_interface/mir_nav_interface/msg/detail/laser_cloud__type_support.c
-- Installing: /root/ros-humble-ros1-bridge/mir_nav_interface/ros2/install/mir_nav_interface/include/mir_nav_interface/mir_nav_interface/msg/rosidl_typesupport_introspection_c__visibility_control.h
-- Installing: /root/ros-humble-ros1-bridge/mir_nav_interface/ros2/install/mir_nav_interface/lib/libmir_nav_interface__rosidl_typesupport_introspection_c.so
-- Set runtime path of "/root/ros-humble-ros1-bridge/mir_nav_interface/ros2/install/mir_nav_interface/lib/libmir_nav_interface__rosidl_typesupport_introspection_c.so" to ""
-- Installing: /root/ros-humble-ros1-bridge/mir_nav_interface/ros2/install/mir_nav_interface/lib/libmir_nav_interface__rosidl_typesupport_c.so
-- Set runtime path of "/root/ros-humble-ros1-bridge/mir_nav_interface/ros2/install/mir_nav_interface/lib/libmir_nav_interface__rosidl_typesupport_c.so" to ""
-- Up-to-date: /root/ros-humble-ros1-bridge/mir_nav_interface/ros2/install/mir_nav_interface/include/mir_nav_interface/mir_nav_interface
-- Up-to-date: /root/ros-humble-ros1-bridge/mir_nav_interface/ros2/install/mir_nav_interface/include/mir_nav_interface/mir_nav_interface/msg
-- Up-to-date: /root/ros-humble-ros1-bridge/mir_nav_interface/ros2/install/mir_nav_interface/include/mir_nav_interface/mir_nav_interface/msg/detail
-- Installing: /root/ros-humble-ros1-bridge/mir_nav_interface/ros2/install/mir_nav_interface/include/mir_nav_interface/mir_nav_interface/msg/detail/laser_cloud_list__type_support.cpp
-- Installing: /root/ros-humble-ros1-bridge/mir_nav_interface/ros2/install/mir_nav_interface/include/mir_nav_interface/mir_nav_interface/msg/detail/laser_cloud__type_support.cpp
-- Installing: /root/ros-humble-ros1-bridge/mir_nav_interface/ros2/install/mir_nav_interface/include/mir_nav_interface/mir_nav_interface/msg/detail/laser_cloud_list__rosidl_typesupport_introspection_cpp.hpp
-- Installing: /root/ros-humble-ros1-bridge/mir_nav_interface/ros2/install/mir_nav_interface/include/mir_nav_interface/mir_nav_interface/msg/detail/laser_cloud__rosidl_typesupport_introspection_cpp.hpp
-- Installing: /root/ros-humble-ros1-bridge/mir_nav_interface/ros2/install/mir_nav_interface/lib/libmir_nav_interface__rosidl_typesupport_introspection_cpp.so
-- Set runtime path of "/root/ros-humble-ros1-bridge/mir_nav_interface/ros2/install/mir_nav_interface/lib/libmir_nav_interface__rosidl_typesupport_introspection_cpp.so" to ""
-- Installing: /root/ros-humble-ros1-bridge/mir_nav_interface/ros2/install/mir_nav_interface/lib/libmir_nav_interface__rosidl_typesupport_cpp.so
-- Set runtime path of "/root/ros-humble-ros1-bridge/mir_nav_interface/ros2/install/mir_nav_interface/lib/libmir_nav_interface__rosidl_typesupport_cpp.so" to ""
-- Installing: /root/ros-humble-ros1-bridge/mir_nav_interface/ros2/install/mir_nav_interface/share/mir_nav_interface/environment/pythonpath.sh
-- Installing: /root/ros-humble-ros1-bridge/mir_nav_interface/ros2/install/mir_nav_interface/share/mir_nav_interface/environment/pythonpath.dsv
-- Installing: /root/ros-humble-ros1-bridge/mir_nav_interface/ros2/install/mir_nav_interface/local/lib/python3.10/dist-packages/mir_nav_interface-0.0.0-py3.10.egg-info
-- Installing: /root/ros-humble-ros1-bridge/mir_nav_interface/ros2/install/mir_nav_interface/local/lib/python3.10/dist-packages/mir_nav_interface-0.0.0-py3.10.egg-info/top_level.txt
-- Installing: /root/ros-humble-ros1-bridge/mir_nav_interface/ros2/install/mir_nav_interface/local/lib/python3.10/dist-packages/mir_nav_interface-0.0.0-py3.10.egg-info/PKG-INFO
-- Installing: /root/ros-humble-ros1-bridge/mir_nav_interface/ros2/install/mir_nav_interface/local/lib/python3.10/dist-packages/mir_nav_interface-0.0.0-py3.10.egg-info/SOURCES.txt
-- Installing: /root/ros-humble-ros1-bridge/mir_nav_interface/ros2/install/mir_nav_interface/local/lib/python3.10/dist-packages/mir_nav_interface-0.0.0-py3.10.egg-info/dependency_links.txt
-- Installing: /root/ros-humble-ros1-bridge/mir_nav_interface/ros2/install/mir_nav_interface/local/lib/python3.10/dist-packages/mir_nav_interface
-- Installing: /root/ros-humble-ros1-bridge/mir_nav_interface/ros2/install/mir_nav_interface/local/lib/python3.10/dist-packages/mir_nav_interface/__init__.py
-- Installing: /root/ros-humble-ros1-bridge/mir_nav_interface/ros2/install/mir_nav_interface/local/lib/python3.10/dist-packages/mir_nav_interface/libmir_nav_interface__rosidl_generator_py.so
-- Installing: /root/ros-humble-ros1-bridge/mir_nav_interface/ros2/install/mir_nav_interface/local/lib/python3.10/dist-packages/mir_nav_interface/mir_nav_interface_s__rosidl_typesupport_fastrtps_c.cpython-310-x86_64-linux-gnu.so
-- Installing: /root/ros-humble-ros1-bridge/mir_nav_interface/ros2/install/mir_nav_interface/local/lib/python3.10/dist-packages/mir_nav_interface/_mir_nav_interface_s.ep.rosidl_typesupport_fastrtps_c.c
-- Installing: /root/ros-humble-ros1-bridge/mir_nav_interface/ros2/install/mir_nav_interface/local/lib/python3.10/dist-packages/mir_nav_interface/msg
-- Installing: /root/ros-humble-ros1-bridge/mir_nav_interface/ros2/install/mir_nav_interface/local/lib/python3.10/dist-packages/mir_nav_interface/msg/__init__.py
-- Installing: /root/ros-humble-ros1-bridge/mir_nav_interface/ros2/install/mir_nav_interface/local/lib/python3.10/dist-packages/mir_nav_interface/msg/_laser_cloud.py
-- Installing: /root/ros-humble-ros1-bridge/mir_nav_interface/ros2/install/mir_nav_interface/local/lib/python3.10/dist-packages/mir_nav_interface/msg/_laser_cloud_s.c
-- Installing: /root/ros-humble-ros1-bridge/mir_nav_interface/ros2/install/mir_nav_interface/local/lib/python3.10/dist-packages/mir_nav_interface/msg/_laser_cloud_list_s.c
-- Installing: /root/ros-humble-ros1-bridge/mir_nav_interface/ros2/install/mir_nav_interface/local/lib/python3.10/dist-packages/mir_nav_interface/msg/_laser_cloud_list.py
-- Installing: /root/ros-humble-ros1-bridge/mir_nav_interface/ros2/install/mir_nav_interface/local/lib/python3.10/dist-packages/mir_nav_interface/_mir_nav_interface_s.ep.rosidl_typesupport_introspection_c.c
-- Installing: /root/ros-humble-ros1-bridge/mir_nav_interface/ros2/install/mir_nav_interface/local/lib/python3.10/dist-packages/mir_nav_interface/mir_nav_interface_s__rosidl_typesupport_c.cpython-310-x86_64-linux-gnu.so
-- Installing: /root/ros-humble-ros1-bridge/mir_nav_interface/ros2/install/mir_nav_interface/local/lib/python3.10/dist-packages/mir_nav_interface/mir_nav_interface_s__rosidl_typesupport_introspection_c.cpython-310-x86_64-linux-gnu.so
-- Installing: /root/ros-humble-ros1-bridge/mir_nav_interface/ros2/install/mir_nav_interface/local/lib/python3.10/dist-packages/mir_nav_interface/_mir_nav_interface_s.ep.rosidl_typesupport_c.c
Listing '/root/ros-humble-ros1-bridge/mir_nav_interface/ros2/install/mir_nav_interface/local/lib/python3.10/dist-packages/mir_nav_interface'...
Compiling '/root/ros-humble-ros1-bridge/mir_nav_interface/ros2/install/mir_nav_interface/local/lib/python3.10/dist-packages/mir_nav_interface/__init__.py'...
Listing '/root/ros-humble-ros1-bridge/mir_nav_interface/ros2/install/mir_nav_interface/local/lib/python3.10/dist-packages/mir_nav_interface/msg'...
Compiling '/root/ros-humble-ros1-bridge/mir_nav_interface/ros2/install/mir_nav_interface/local/lib/python3.10/dist-packages/mir_nav_interface/msg/__init__.py'...
Compiling '/root/ros-humble-ros1-bridge/mir_nav_interface/ros2/install/mir_nav_interface/local/lib/python3.10/dist-packages/mir_nav_interface/msg/_laser_cloud.py'...
Compiling '/root/ros-humble-ros1-bridge/mir_nav_interface/ros2/install/mir_nav_interface/local/lib/python3.10/dist-packages/mir_nav_interface/msg/_laser_cloud_list.py'...
-- Installing: /root/ros-humble-ros1-bridge/mir_nav_interface/ros2/install/mir_nav_interface/local/lib/python3.10/dist-packages/mir_nav_interface/mir_nav_interface_s__rosidl_typesupport_fastrtps_c.cpython-310-x86_64-linux-gnu.so
-- Set runtime path of "/root/ros-humble-ros1-bridge/mir_nav_interface/ros2/install/mir_nav_interface/local/lib/python3.10/dist-packages/mir_nav_interface/mir_nav_interface_s__rosidl_typesupport_fastrtps_c.cpython-310-x86_64-linux-gnu.so" to ""
-- Installing: /root/ros-humble-ros1-bridge/mir_nav_interface/ros2/install/mir_nav_interface/local/lib/python3.10/dist-packages/mir_nav_interface/mir_nav_interface_s__rosidl_typesupport_introspection_c.cpython-310-x86_64-linux-gnu.so
-- Set runtime path of "/root/ros-humble-ros1-bridge/mir_nav_interface/ros2/install/mir_nav_interface/local/lib/python3.10/dist-packages/mir_nav_interface/mir_nav_interface_s__rosidl_typesupport_introspection_c.cpython-310-x86_64-linux-gnu.so" to ""
-- Installing: /root/ros-humble-ros1-bridge/mir_nav_interface/ros2/install/mir_nav_interface/local/lib/python3.10/dist-packages/mir_nav_interface/mir_nav_interface_s__rosidl_typesupport_c.cpython-310-x86_64-linux-gnu.so
-- Set runtime path of "/root/ros-humble-ros1-bridge/mir_nav_interface/ros2/install/mir_nav_interface/local/lib/python3.10/dist-packages/mir_nav_interface/mir_nav_interface_s__rosidl_typesupport_c.cpython-310-x86_64-linux-gnu.so" to ""
-- Installing: /root/ros-humble-ros1-bridge/mir_nav_interface/ros2/install/mir_nav_interface/lib/libmir_nav_interface__rosidl_generator_py.so
-- Set runtime path of "/root/ros-humble-ros1-bridge/mir_nav_interface/ros2/install/mir_nav_interface/lib/libmir_nav_interface__rosidl_generator_py.so" to ""
-- Installing: /root/ros-humble-ros1-bridge/mir_nav_interface/ros2/install/mir_nav_interface/share/mir_nav_interface/msg/LaserCloud.idl
-- Installing: /root/ros-humble-ros1-bridge/mir_nav_interface/ros2/install/mir_nav_interface/share/mir_nav_interface/msg/LaserCloudList.idl
-- Installing: /root/ros-humble-ros1-bridge/mir_nav_interface/ros2/install/mir_nav_interface/share/mir_nav_interface/msg/LaserCloud.msg
-- Installing: /root/ros-humble-ros1-bridge/mir_nav_interface/ros2/install/mir_nav_interface/share/mir_nav_interface/msg/LaserCloudList.msg
-- Installing: /root/ros-humble-ros1-bridge/mir_nav_interface/ros2/install/mir_nav_interface/share/ament_index/resource_index/package_run_dependencies/mir_nav_interface
-- Installing: /root/ros-humble-ros1-bridge/mir_nav_interface/ros2/install/mir_nav_interface/share/ament_index/resource_index/parent_prefix_path/mir_nav_interface
-- Installing: /root/ros-humble-ros1-bridge/mir_nav_interface/ros2/install/mir_nav_interface/share/mir_nav_interface/environment/ament_prefix_path.sh
-- Installing: /root/ros-humble-ros1-bridge/mir_nav_interface/ros2/install/mir_nav_interface/share/mir_nav_interface/environment/ament_prefix_path.dsv
-- Installing: /root/ros-humble-ros1-bridge/mir_nav_interface/ros2/install/mir_nav_interface/share/mir_nav_interface/environment/path.sh
-- Installing: /root/ros-humble-ros1-bridge/mir_nav_interface/ros2/install/mir_nav_interface/share/mir_nav_interface/environment/path.dsv
-- Installing: /root/ros-humble-ros1-bridge/mir_nav_interface/ros2/install/mir_nav_interface/share/mir_nav_interface/local_setup.bash
-- Installing: /root/ros-humble-ros1-bridge/mir_nav_interface/ros2/install/mir_nav_interface/share/mir_nav_interface/local_setup.sh
-- Installing: /root/ros-humble-ros1-bridge/mir_nav_interface/ros2/install/mir_nav_interface/share/mir_nav_interface/local_setup.zsh
-- Installing: /root/ros-humble-ros1-bridge/mir_nav_interface/ros2/install/mir_nav_interface/share/mir_nav_interface/local_setup.dsv
-- Installing: /root/ros-humble-ros1-bridge/mir_nav_interface/ros2/install/mir_nav_interface/share/mir_nav_interface/package.dsv
-- Installing: /root/ros-humble-ros1-bridge/mir_nav_interface/ros2/install/mir_nav_interface/share/ament_index/resource_index/packages/mir_nav_interface
-- Installing: /root/ros-humble-ros1-bridge/mir_nav_interface/ros2/install/mir_nav_interface/share/mir_nav_interface/cmake/export_mir_nav_interface__rosidl_generator_cExport.cmake
-- Installing: /root/ros-humble-ros1-bridge/mir_nav_interface/ros2/install/mir_nav_interface/share/mir_nav_interface/cmake/export_mir_nav_interface__rosidl_generator_cExport-release.cmake
-- Installing: /root/ros-humble-ros1-bridge/mir_nav_interface/ros2/install/mir_nav_interface/share/mir_nav_interface/cmake/export_mir_nav_interface__rosidl_typesupport_fastrtps_cExport.cmake
-- Installing: /root/ros-humble-ros1-bridge/mir_nav_interface/ros2/install/mir_nav_interface/share/mir_nav_interface/cmake/export_mir_nav_interface__rosidl_typesupport_fastrtps_cExport-release.cmake
-- Installing: /root/ros-humble-ros1-bridge/mir_nav_interface/ros2/install/mir_nav_interface/share/mir_nav_interface/cmake/export_mir_nav_interface__rosidl_generator_cppExport.cmake
-- Installing: /root/ros-humble-ros1-bridge/mir_nav_interface/ros2/install/mir_nav_interface/share/mir_nav_interface/cmake/export_mir_nav_interface__rosidl_typesupport_fastrtps_cppExport.cmake
-- Installing: /root/ros-humble-ros1-bridge/mir_nav_interface/ros2/install/mir_nav_interface/share/mir_nav_interface/cmake/export_mir_nav_interface__rosidl_typesupport_fastrtps_cppExport-release.cmake
-- Installing: /root/ros-humble-ros1-bridge/mir_nav_interface/ros2/install/mir_nav_interface/share/mir_nav_interface/cmake/mir_nav_interface__rosidl_typesupport_introspection_cExport.cmake
-- Installing: /root/ros-humble-ros1-bridge/mir_nav_interface/ros2/install/mir_nav_interface/share/mir_nav_interface/cmake/mir_nav_interface__rosidl_typesupport_introspection_cExport-release.cmake
-- Installing: /root/ros-humble-ros1-bridge/mir_nav_interface/ros2/install/mir_nav_interface/share/mir_nav_interface/cmake/mir_nav_interface__rosidl_typesupport_cExport.cmake
-- Installing: /root/ros-humble-ros1-bridge/mir_nav_interface/ros2/install/mir_nav_interface/share/mir_nav_interface/cmake/mir_nav_interface__rosidl_typesupport_cExport-release.cmake
-- Installing: /root/ros-humble-ros1-bridge/mir_nav_interface/ros2/install/mir_nav_interface/share/mir_nav_interface/cmake/mir_nav_interface__rosidl_typesupport_introspection_cppExport.cmake
-- Installing: /root/ros-humble-ros1-bridge/mir_nav_interface/ros2/install/mir_nav_interface/share/mir_nav_interface/cmake/mir_nav_interface__rosidl_typesupport_introspection_cppExport-release.cmake
-- Installing: /root/ros-humble-ros1-bridge/mir_nav_interface/ros2/install/mir_nav_interface/share/mir_nav_interface/cmake/mir_nav_interface__rosidl_typesupport_cppExport.cmake
-- Installing: /root/ros-humble-ros1-bridge/mir_nav_interface/ros2/install/mir_nav_interface/share/mir_nav_interface/cmake/mir_nav_interface__rosidl_typesupport_cppExport-release.cmake
-- Installing: /root/ros-humble-ros1-bridge/mir_nav_interface/ros2/install/mir_nav_interface/share/mir_nav_interface/cmake/export_mir_nav_interface__rosidl_generator_pyExport.cmake
-- Installing: /root/ros-humble-ros1-bridge/mir_nav_interface/ros2/install/mir_nav_interface/share/mir_nav_interface/cmake/export_mir_nav_interface__rosidl_generator_pyExport-release.cmake
-- Installing: /root/ros-humble-ros1-bridge/mir_nav_interface/ros2/install/mir_nav_interface/share/mir_nav_interface/cmake/rosidl_cmake-extras.cmake
-- Installing: /root/ros-humble-ros1-bridge/mir_nav_interface/ros2/install/mir_nav_interface/share/mir_nav_interface/cmake/ament_cmake_export_dependencies-extras.cmake
-- Installing: /root/ros-humble-ros1-bridge/mir_nav_interface/ros2/install/mir_nav_interface/share/mir_nav_interface/cmake/ament_cmake_export_include_directories-extras.cmake
-- Installing: /root/ros-humble-ros1-bridge/mir_nav_interface/ros2/install/mir_nav_interface/share/mir_nav_interface/cmake/ament_cmake_export_libraries-extras.cmake
-- Installing: /root/ros-humble-ros1-bridge/mir_nav_interface/ros2/install/mir_nav_interface/share/mir_nav_interface/cmake/ament_cmake_export_targets-extras.cmake
-- Installing: /root/ros-humble-ros1-bridge/mir_nav_interface/ros2/install/mir_nav_interface/share/mir_nav_interface/cmake/rosidl_cmake_export_typesupport_targets-extras.cmake
-- Installing: /root/ros-humble-ros1-bridge/mir_nav_interface/ros2/install/mir_nav_interface/share/mir_nav_interface/cmake/rosidl_cmake_export_typesupport_libraries-extras.cmake
-- Installing: /root/ros-humble-ros1-bridge/mir_nav_interface/ros2/install/mir_nav_interface/share/mir_nav_interface/cmake/mir_nav_interfaceConfig.cmake
-- Installing: /root/ros-humble-ros1-bridge/mir_nav_interface/ros2/install/mir_nav_interface/share/mir_nav_interface/cmake/mir_nav_interfaceConfig-version.cmake
-- Installing: /root/ros-humble-ros1-bridge/mir_nav_interface/ros2/install/mir_nav_interface/share/mir_nav_interface/package.xml
