[0.152s] DEBUG:colcon:Command line arguments: ['/usr/bin/colcon', 'build', '--cmake-args', '-DCMAKE_BUILD_TYPE=Release']
[0.152s] DEBUG:colcon:Parsed command line arguments: Namespace(log_base=None, log_level=None, verb_name='build', build_base='build', install_base='install', merge_install=False, symlink_install=False, test_result_base=None, continue_on_error=False, executor='parallel', parallel_workers=16, event_handlers=None, ignore_user_meta=False, metas=['./colcon.meta'], base_paths=['.'], packages_ignore=None, packages_ignore_regex=None, paths=None, packages_up_to=None, packages_up_to_regex=None, packages_above=None, packages_above_and_dependencies=None, packages_above_depth=None, packages_select_by_dep=None, packages_skip_by_dep=None, packages_skip_up_to=None, packages_select_build_failed=False, packages_skip_build_finished=False, packages_select_test_failures=False, packages_skip_test_passed=False, packages_select=None, packages_skip=None, packages_select_regex=None, packages_skip_regex=None, packages_start=None, packages_end=None, cmake_args=['-DCMAKE_BUILD_TYPE=Release'], cmake_target=None, cmake_target_skip_unavailable=False, cmake_clean_cache=False, cmake_clean_first=False, cmake_force_configure=False, ament_cmake_args=None, catkin_cmake_args=None, catkin_skip_building_tests=False, mixin_files=None, mixin=None, verb_parser=<colcon_mixin.mixin.mixin_argument.MixinArgumentDecorator object at 0x7095924c36a0>, verb_extension=<colcon_core.verb.build.BuildVerb object at 0x7095925dc5b0>, main=<bound method BuildVerb.main of <colcon_core.verb.build.BuildVerb object at 0x7095925dc5b0>>, mixin_verb=('build',))
[0.347s] Level 1:colcon.colcon_core.package_discovery:discover_packages(colcon_meta) check parameters
[0.348s] INFO:colcon.colcon_metadata.package_discovery.colcon_meta:Using configuration from '/root/.colcon/metadata/default/Gazebo.meta'
[0.349s] INFO:colcon.colcon_metadata.package_discovery.colcon_meta:Using configuration from '/root/.colcon/metadata/default/fastdds.meta'
[0.350s] INFO:colcon.colcon_metadata.package_discovery.colcon_meta:Using configuration from '/root/.colcon/metadata/default/fastrtps.meta'
[0.350s] Level 1:colcon.colcon_core.package_discovery:discover_packages(recursive) check parameters
[0.350s] Level 1:colcon.colcon_core.package_discovery:discover_packages(ignore) check parameters
[0.350s] Level 1:colcon.colcon_core.package_discovery:discover_packages(path) check parameters
[0.350s] Level 1:colcon.colcon_core.package_discovery:discover_packages(colcon_meta) discover
[0.350s] Level 1:colcon.colcon_core.package_discovery:discover_packages(recursive) discover
[0.350s] INFO:colcon.colcon_core.package_discovery:Crawling recursively for packages in '/root/ros-humble-ros1-bridge/mir_nav_interface/ros2'
[0.351s] Level 1:colcon.colcon_core.package_identification:_identify(.) by extensions ['ignore', 'ignore_ament_install']
[0.351s] Level 1:colcon.colcon_core.package_identification:_identify(.) by extension 'ignore'
[0.351s] Level 1:colcon.colcon_core.package_identification:_identify(.) by extension 'ignore_ament_install'
[0.351s] Level 1:colcon.colcon_core.package_identification:_identify(.) by extensions ['colcon_pkg']
[0.351s] Level 1:colcon.colcon_core.package_identification:_identify(.) by extension 'colcon_pkg'
[0.351s] Level 1:colcon.colcon_core.package_identification:_identify(.) by extensions ['colcon_meta']
[0.351s] Level 1:colcon.colcon_core.package_identification:_identify(.) by extension 'colcon_meta'
[0.351s] Level 1:colcon.colcon_core.package_identification:_identify(.) by extensions ['ros']
[0.351s] Level 1:colcon.colcon_core.package_identification:_identify(.) by extension 'ros'
[0.364s] Level 1:colcon.colcon_core.package_identification:_identify(.) by extensions ['cmake', 'python']
[0.365s] Level 1:colcon.colcon_core.package_identification:_identify(.) by extension 'cmake'
[0.365s] Level 1:colcon.colcon_core.package_identification:_identify(.) by extension 'python'
[0.365s] Level 1:colcon.colcon_core.package_identification:_identify(.) by extensions ['python_setup_py']
[0.365s] Level 1:colcon.colcon_core.package_identification:_identify(.) by extension 'python_setup_py'
[0.365s] Level 1:colcon.colcon_core.package_identification:_identify(build) by extensions ['ignore', 'ignore_ament_install']
[0.365s] Level 1:colcon.colcon_core.package_identification:_identify(build) by extension 'ignore'
[0.365s] Level 1:colcon.colcon_core.package_identification:_identify(build) ignored
[0.365s] Level 1:colcon.colcon_core.package_identification:_identify(install) by extensions ['ignore', 'ignore_ament_install']
[0.366s] Level 1:colcon.colcon_core.package_identification:_identify(install) by extension 'ignore'
[0.366s] Level 1:colcon.colcon_core.package_identification:_identify(install) ignored
[0.366s] Level 1:colcon.colcon_core.package_identification:_identify(log) by extensions ['ignore', 'ignore_ament_install']
[0.366s] Level 1:colcon.colcon_core.package_identification:_identify(log) by extension 'ignore'
[0.366s] Level 1:colcon.colcon_core.package_identification:_identify(log) ignored
[0.366s] Level 1:colcon.colcon_core.package_identification:_identify(src) by extensions ['ignore', 'ignore_ament_install']
[0.366s] Level 1:colcon.colcon_core.package_identification:_identify(src) by extension 'ignore'
[0.366s] Level 1:colcon.colcon_core.package_identification:_identify(src) by extension 'ignore_ament_install'
[0.367s] Level 1:colcon.colcon_core.package_identification:_identify(src) by extensions ['colcon_pkg']
[0.367s] Level 1:colcon.colcon_core.package_identification:_identify(src) by extension 'colcon_pkg'
[0.367s] Level 1:colcon.colcon_core.package_identification:_identify(src) by extensions ['colcon_meta']
[0.367s] Level 1:colcon.colcon_core.package_identification:_identify(src) by extension 'colcon_meta'
[0.367s] Level 1:colcon.colcon_core.package_identification:_identify(src) by extensions ['ros']
[0.367s] Level 1:colcon.colcon_core.package_identification:_identify(src) by extension 'ros'
[0.367s] Level 1:colcon.colcon_core.package_identification:_identify(src) by extensions ['cmake', 'python']
[0.367s] Level 1:colcon.colcon_core.package_identification:_identify(src) by extension 'cmake'
[0.367s] Level 1:colcon.colcon_core.package_identification:_identify(src) by extension 'python'
[0.367s] Level 1:colcon.colcon_core.package_identification:_identify(src) by extensions ['python_setup_py']
[0.367s] Level 1:colcon.colcon_core.package_identification:_identify(src) by extension 'python_setup_py'
[0.367s] Level 1:colcon.colcon_core.package_identification:_identify(src/mir_nav_interface) by extensions ['ignore', 'ignore_ament_install']
[0.367s] Level 1:colcon.colcon_core.package_identification:_identify(src/mir_nav_interface) by extension 'ignore'
[0.367s] Level 1:colcon.colcon_core.package_identification:_identify(src/mir_nav_interface) by extension 'ignore_ament_install'
[0.367s] Level 1:colcon.colcon_core.package_identification:_identify(src/mir_nav_interface) by extensions ['colcon_pkg']
[0.368s] Level 1:colcon.colcon_core.package_identification:_identify(src/mir_nav_interface) by extension 'colcon_pkg'
[0.368s] Level 1:colcon.colcon_core.package_identification:_identify(src/mir_nav_interface) by extensions ['colcon_meta']
[0.368s] Level 1:colcon.colcon_core.package_identification:_identify(src/mir_nav_interface) by extension 'colcon_meta'
[0.368s] Level 1:colcon.colcon_core.package_identification:_identify(src/mir_nav_interface) by extensions ['ros']
[0.368s] Level 1:colcon.colcon_core.package_identification:_identify(src/mir_nav_interface) by extension 'ros'
[0.371s] DEBUG:colcon.colcon_core.package_identification:Package 'src/mir_nav_interface' with type 'ros.ament_cmake' and name 'mir_nav_interface'
[0.371s] Level 1:colcon.colcon_core.package_discovery:discover_packages(recursive) using defaults
[0.371s] Level 1:colcon.colcon_core.package_discovery:discover_packages(ignore) discover
[0.371s] Level 1:colcon.colcon_core.package_discovery:discover_packages(ignore) using defaults
[0.371s] Level 1:colcon.colcon_core.package_discovery:discover_packages(path) discover
[0.371s] Level 1:colcon.colcon_core.package_discovery:discover_packages(path) using defaults
[0.408s] Level 5:colcon.colcon_core.verb:set package 'mir_nav_interface' build argument 'cmake_args' from command line to '['-DCMAKE_BUILD_TYPE=Release']'
[0.408s] Level 5:colcon.colcon_core.verb:set package 'mir_nav_interface' build argument 'cmake_target' from command line to 'None'
[0.408s] Level 5:colcon.colcon_core.verb:set package 'mir_nav_interface' build argument 'cmake_target_skip_unavailable' from command line to 'False'
[0.408s] Level 5:colcon.colcon_core.verb:set package 'mir_nav_interface' build argument 'cmake_clean_cache' from command line to 'False'
[0.408s] Level 5:colcon.colcon_core.verb:set package 'mir_nav_interface' build argument 'cmake_clean_first' from command line to 'False'
[0.408s] Level 5:colcon.colcon_core.verb:set package 'mir_nav_interface' build argument 'cmake_force_configure' from command line to 'False'
[0.408s] Level 5:colcon.colcon_core.verb:set package 'mir_nav_interface' build argument 'ament_cmake_args' from command line to 'None'
[0.408s] Level 5:colcon.colcon_core.verb:set package 'mir_nav_interface' build argument 'catkin_cmake_args' from command line to 'None'
[0.408s] Level 5:colcon.colcon_core.verb:set package 'mir_nav_interface' build argument 'catkin_skip_building_tests' from command line to 'False'
[0.408s] DEBUG:colcon.colcon_core.verb:Building package 'mir_nav_interface' with the following arguments: {'ament_cmake_args': None, 'build_base': '/root/ros-humble-ros1-bridge/mir_nav_interface/ros2/build/mir_nav_interface', 'catkin_cmake_args': None, 'catkin_skip_building_tests': False, 'cmake_args': ['-DCMAKE_BUILD_TYPE=Release'], 'cmake_clean_cache': False, 'cmake_clean_first': False, 'cmake_force_configure': False, 'cmake_target': None, 'cmake_target_skip_unavailable': False, 'install_base': '/root/ros-humble-ros1-bridge/mir_nav_interface/ros2/install/mir_nav_interface', 'merge_install': False, 'path': '/root/ros-humble-ros1-bridge/mir_nav_interface/ros2/src/mir_nav_interface', 'symlink_install': False, 'test_result_base': None}
[0.409s] INFO:colcon.colcon_core.executor:Executing jobs using 'parallel' executor
[0.410s] DEBUG:colcon.colcon_parallel_executor.executor.parallel:run_until_complete
[0.410s] INFO:colcon.colcon_ros.task.ament_cmake.build:Building ROS package in '/root/ros-humble-ros1-bridge/mir_nav_interface/ros2/src/mir_nav_interface' with build type 'ament_cmake'
[0.410s] INFO:colcon.colcon_cmake.task.cmake.build:Building CMake package in '/root/ros-humble-ros1-bridge/mir_nav_interface/ros2/src/mir_nav_interface'
[0.413s] INFO:colcon.colcon_core.plugin_system:Skipping extension 'colcon_core.shell.bat': Not used on non-Windows systems
[0.413s] INFO:colcon.colcon_core.shell:Skip shell extension 'powershell' for command environment: Not usable outside of PowerShell
[0.413s] DEBUG:colcon.colcon_core.shell:Skip shell extension 'dsv' for command environment
[0.425s] DEBUG:colcon.colcon_core.event_handler.log_command:Invoking command in '/root/ros-humble-ros1-bridge/mir_nav_interface/ros2/build/mir_nav_interface': CMAKE_PREFIX_PATH=/opt/ros/humble /usr/bin/cmake /root/ros-humble-ros1-bridge/mir_nav_interface/ros2/src/mir_nav_interface -DCMAKE_BUILD_TYPE=Release -DCMAKE_INSTALL_PREFIX=/root/ros-humble-ros1-bridge/mir_nav_interface/ros2/install/mir_nav_interface
[2.753s] DEBUG:colcon.colcon_core.event_handler.log_command:Invoked command in '/root/ros-humble-ros1-bridge/mir_nav_interface/ros2/build/mir_nav_interface' returned '0': CMAKE_PREFIX_PATH=/opt/ros/humble /usr/bin/cmake /root/ros-humble-ros1-bridge/mir_nav_interface/ros2/src/mir_nav_interface -DCMAKE_BUILD_TYPE=Release -DCMAKE_INSTALL_PREFIX=/root/ros-humble-ros1-bridge/mir_nav_interface/ros2/install/mir_nav_interface
[2.754s] DEBUG:colcon.colcon_core.event_handler.log_command:Invoking command in '/root/ros-humble-ros1-bridge/mir_nav_interface/ros2/build/mir_nav_interface': CMAKE_PREFIX_PATH=/opt/ros/humble /usr/bin/cmake --build /root/ros-humble-ros1-bridge/mir_nav_interface/ros2/build/mir_nav_interface -- -j16 -l16
[5.736s] DEBUG:colcon.colcon_core.event_handler.log_command:Invoked command in '/root/ros-humble-ros1-bridge/mir_nav_interface/ros2/build/mir_nav_interface' returned '0': CMAKE_PREFIX_PATH=/opt/ros/humble /usr/bin/cmake --build /root/ros-humble-ros1-bridge/mir_nav_interface/ros2/build/mir_nav_interface -- -j16 -l16
[5.750s] DEBUG:colcon.colcon_core.event_handler.log_command:Invoking command in '/root/ros-humble-ros1-bridge/mir_nav_interface/ros2/build/mir_nav_interface': CMAKE_PREFIX_PATH=/opt/ros/humble /usr/bin/cmake --install /root/ros-humble-ros1-bridge/mir_nav_interface/ros2/build/mir_nav_interface
[5.847s] Level 1:colcon.colcon_core.environment:create_environment_scripts_only(mir_nav_interface)
[5.847s] DEBUG:colcon.colcon_core.event_handler.log_command:Invoked command in '/root/ros-humble-ros1-bridge/mir_nav_interface/ros2/build/mir_nav_interface' returned '0': CMAKE_PREFIX_PATH=/opt/ros/humble /usr/bin/cmake --install /root/ros-humble-ros1-bridge/mir_nav_interface/ros2/build/mir_nav_interface
[5.850s] Level 1:colcon.colcon_core.environment:checking '/root/ros-humble-ros1-bridge/mir_nav_interface/ros2/install/mir_nav_interface' for CMake module files
[5.850s] Level 1:colcon.colcon_core.environment:checking '/root/ros-humble-ros1-bridge/mir_nav_interface/ros2/install/mir_nav_interface' for CMake config files
[5.851s] Level 1:colcon.colcon_core.shell:create_environment_hook('mir_nav_interface', 'cmake_prefix_path')
[5.851s] INFO:colcon.colcon_core.shell:Creating environment hook '/root/ros-humble-ros1-bridge/mir_nav_interface/ros2/install/mir_nav_interface/share/mir_nav_interface/hook/cmake_prefix_path.ps1'
[5.852s] INFO:colcon.colcon_core.shell:Creating environment descriptor '/root/ros-humble-ros1-bridge/mir_nav_interface/ros2/install/mir_nav_interface/share/mir_nav_interface/hook/cmake_prefix_path.dsv'
[5.853s] INFO:colcon.colcon_core.shell:Creating environment hook '/root/ros-humble-ros1-bridge/mir_nav_interface/ros2/install/mir_nav_interface/share/mir_nav_interface/hook/cmake_prefix_path.sh'
[5.854s] Level 1:colcon.colcon_core.environment:checking '/root/ros-humble-ros1-bridge/mir_nav_interface/ros2/install/mir_nav_interface/lib'
[5.854s] Level 1:colcon.colcon_core.shell:create_environment_hook('mir_nav_interface', 'ld_library_path_lib')
[5.855s] INFO:colcon.colcon_core.shell:Creating environment hook '/root/ros-humble-ros1-bridge/mir_nav_interface/ros2/install/mir_nav_interface/share/mir_nav_interface/hook/ld_library_path_lib.ps1'
[5.855s] INFO:colcon.colcon_core.shell:Creating environment descriptor '/root/ros-humble-ros1-bridge/mir_nav_interface/ros2/install/mir_nav_interface/share/mir_nav_interface/hook/ld_library_path_lib.dsv'
[5.856s] INFO:colcon.colcon_core.shell:Creating environment hook '/root/ros-humble-ros1-bridge/mir_nav_interface/ros2/install/mir_nav_interface/share/mir_nav_interface/hook/ld_library_path_lib.sh'
[5.856s] Level 1:colcon.colcon_core.environment:checking '/root/ros-humble-ros1-bridge/mir_nav_interface/ros2/install/mir_nav_interface/bin'
[5.856s] Level 1:colcon.colcon_core.environment:checking '/root/ros-humble-ros1-bridge/mir_nav_interface/ros2/install/mir_nav_interface/lib/pkgconfig/mir_nav_interface.pc'
[5.858s] Level 1:colcon.colcon_core.environment:checking '/root/ros-humble-ros1-bridge/mir_nav_interface/ros2/install/mir_nav_interface/lib/python3.10/site-packages'
[5.858s] Level 1:colcon.colcon_core.environment:checking '/root/ros-humble-ros1-bridge/mir_nav_interface/ros2/install/mir_nav_interface/bin'
[5.859s] INFO:colcon.colcon_core.shell:Creating package script '/root/ros-humble-ros1-bridge/mir_nav_interface/ros2/install/mir_nav_interface/share/mir_nav_interface/package.ps1'
[5.860s] INFO:colcon.colcon_core.shell:Creating package descriptor '/root/ros-humble-ros1-bridge/mir_nav_interface/ros2/install/mir_nav_interface/share/mir_nav_interface/package.dsv'
[5.861s] INFO:colcon.colcon_core.shell:Creating package script '/root/ros-humble-ros1-bridge/mir_nav_interface/ros2/install/mir_nav_interface/share/mir_nav_interface/package.sh'
[5.862s] INFO:colcon.colcon_core.shell:Creating package script '/root/ros-humble-ros1-bridge/mir_nav_interface/ros2/install/mir_nav_interface/share/mir_nav_interface/package.bash'
[5.863s] INFO:colcon.colcon_core.shell:Creating package script '/root/ros-humble-ros1-bridge/mir_nav_interface/ros2/install/mir_nav_interface/share/mir_nav_interface/package.zsh'
[5.864s] Level 1:colcon.colcon_core.environment:create_file_with_runtime_dependencies(/root/ros-humble-ros1-bridge/mir_nav_interface/ros2/install/mir_nav_interface/share/colcon-core/packages/mir_nav_interface)
[5.865s] Level 1:colcon.colcon_core.environment:create_environment_scripts_only(mir_nav_interface)
[5.865s] Level 1:colcon.colcon_core.environment:checking '/root/ros-humble-ros1-bridge/mir_nav_interface/ros2/install/mir_nav_interface' for CMake module files
[5.866s] Level 1:colcon.colcon_core.environment:checking '/root/ros-humble-ros1-bridge/mir_nav_interface/ros2/install/mir_nav_interface' for CMake config files
[5.867s] Level 1:colcon.colcon_core.shell:create_environment_hook('mir_nav_interface', 'cmake_prefix_path')
[5.867s] INFO:colcon.colcon_core.shell:Creating environment hook '/root/ros-humble-ros1-bridge/mir_nav_interface/ros2/install/mir_nav_interface/share/mir_nav_interface/hook/cmake_prefix_path.ps1'
[5.867s] INFO:colcon.colcon_core.shell:Creating environment descriptor '/root/ros-humble-ros1-bridge/mir_nav_interface/ros2/install/mir_nav_interface/share/mir_nav_interface/hook/cmake_prefix_path.dsv'
[5.868s] INFO:colcon.colcon_core.shell:Creating environment hook '/root/ros-humble-ros1-bridge/mir_nav_interface/ros2/install/mir_nav_interface/share/mir_nav_interface/hook/cmake_prefix_path.sh'
[5.868s] Level 1:colcon.colcon_core.environment:checking '/root/ros-humble-ros1-bridge/mir_nav_interface/ros2/install/mir_nav_interface/lib'
[5.869s] Level 1:colcon.colcon_core.shell:create_environment_hook('mir_nav_interface', 'ld_library_path_lib')
[5.869s] INFO:colcon.colcon_core.shell:Creating environment hook '/root/ros-humble-ros1-bridge/mir_nav_interface/ros2/install/mir_nav_interface/share/mir_nav_interface/hook/ld_library_path_lib.ps1'
[5.870s] INFO:colcon.colcon_core.shell:Creating environment descriptor '/root/ros-humble-ros1-bridge/mir_nav_interface/ros2/install/mir_nav_interface/share/mir_nav_interface/hook/ld_library_path_lib.dsv'
[5.870s] INFO:colcon.colcon_core.shell:Creating environment hook '/root/ros-humble-ros1-bridge/mir_nav_interface/ros2/install/mir_nav_interface/share/mir_nav_interface/hook/ld_library_path_lib.sh'
[5.871s] Level 1:colcon.colcon_core.environment:checking '/root/ros-humble-ros1-bridge/mir_nav_interface/ros2/install/mir_nav_interface/bin'
[5.871s] Level 1:colcon.colcon_core.environment:checking '/root/ros-humble-ros1-bridge/mir_nav_interface/ros2/install/mir_nav_interface/lib/pkgconfig/mir_nav_interface.pc'
[5.871s] Level 1:colcon.colcon_core.environment:checking '/root/ros-humble-ros1-bridge/mir_nav_interface/ros2/install/mir_nav_interface/lib/python3.10/site-packages'
[5.872s] Level 1:colcon.colcon_core.environment:checking '/root/ros-humble-ros1-bridge/mir_nav_interface/ros2/install/mir_nav_interface/bin'
[5.872s] INFO:colcon.colcon_core.shell:Creating package script '/root/ros-humble-ros1-bridge/mir_nav_interface/ros2/install/mir_nav_interface/share/mir_nav_interface/package.ps1'
[5.873s] INFO:colcon.colcon_core.shell:Creating package descriptor '/root/ros-humble-ros1-bridge/mir_nav_interface/ros2/install/mir_nav_interface/share/mir_nav_interface/package.dsv'
[5.873s] INFO:colcon.colcon_core.shell:Creating package script '/root/ros-humble-ros1-bridge/mir_nav_interface/ros2/install/mir_nav_interface/share/mir_nav_interface/package.sh'
[5.874s] INFO:colcon.colcon_core.shell:Creating package script '/root/ros-humble-ros1-bridge/mir_nav_interface/ros2/install/mir_nav_interface/share/mir_nav_interface/package.bash'
[5.875s] INFO:colcon.colcon_core.shell:Creating package script '/root/ros-humble-ros1-bridge/mir_nav_interface/ros2/install/mir_nav_interface/share/mir_nav_interface/package.zsh'
[5.875s] Level 1:colcon.colcon_core.environment:create_file_with_runtime_dependencies(/root/ros-humble-ros1-bridge/mir_nav_interface/ros2/install/mir_nav_interface/share/colcon-core/packages/mir_nav_interface)
[5.876s] DEBUG:colcon.colcon_parallel_executor.executor.parallel:closing loop
[5.876s] DEBUG:colcon.colcon_parallel_executor.executor.parallel:loop closed
[5.876s] DEBUG:colcon.colcon_parallel_executor.executor.parallel:run_until_complete finished with '0'
[5.876s] DEBUG:colcon.colcon_core.event_reactor:joining thread
[5.882s] INFO:colcon.colcon_core.plugin_system:Skipping extension 'colcon_notification.desktop_notification.notify_send': Could not find 'notify-send'
[5.882s] INFO:colcon.colcon_core.plugin_system:Skipping extension 'colcon_notification.desktop_notification.terminal_notifier': Not used on non-Darwin systems
[5.882s] INFO:colcon.colcon_core.plugin_system:Skipping extension 'colcon_notification.desktop_notification.win32': Not used on non-Windows systems
[5.882s] INFO:colcon.colcon_notification.desktop_notification:Sending desktop notification using 'notify2'
[5.882s] DEBUG:colcon.colcon_notification.desktop_notification.notify2:Failed to initialize notify2: org.freedesktop.DBus.Error.NotSupported: Unable to autolaunch a dbus-daemon without a $DISPLAY for X11
[5.882s] DEBUG:colcon.colcon_core.event_reactor:joined thread
[5.883s] INFO:colcon.colcon_core.shell:Creating prefix script '/root/ros-humble-ros1-bridge/mir_nav_interface/ros2/install/local_setup.ps1'
[5.884s] INFO:colcon.colcon_core.shell:Creating prefix util module '/root/ros-humble-ros1-bridge/mir_nav_interface/ros2/install/_local_setup_util_ps1.py'
[5.886s] INFO:colcon.colcon_core.shell:Creating prefix chain script '/root/ros-humble-ros1-bridge/mir_nav_interface/ros2/install/setup.ps1'
[5.887s] INFO:colcon.colcon_core.shell:Creating prefix script '/root/ros-humble-ros1-bridge/mir_nav_interface/ros2/install/local_setup.sh'
[5.888s] INFO:colcon.colcon_core.shell:Creating prefix util module '/root/ros-humble-ros1-bridge/mir_nav_interface/ros2/install/_local_setup_util_sh.py'
[5.889s] INFO:colcon.colcon_core.shell:Creating prefix chain script '/root/ros-humble-ros1-bridge/mir_nav_interface/ros2/install/setup.sh'
[5.890s] INFO:colcon.colcon_core.shell:Creating prefix script '/root/ros-humble-ros1-bridge/mir_nav_interface/ros2/install/local_setup.bash'
[5.891s] INFO:colcon.colcon_core.shell:Creating prefix chain script '/root/ros-humble-ros1-bridge/mir_nav_interface/ros2/install/setup.bash'
[5.892s] INFO:colcon.colcon_core.shell:Creating prefix script '/root/ros-humble-ros1-bridge/mir_nav_interface/ros2/install/local_setup.zsh'
[5.892s] INFO:colcon.colcon_core.shell:Creating prefix chain script '/root/ros-humble-ros1-bridge/mir_nav_interface/ros2/install/setup.zsh'
