-- Found ament_cmake: 1.3.12 (/opt/ros/humble/share/ament_cmake/cmake)
-- Found geometry_msgs: 4.9.0 (/opt/ros/humble/share/geometry_msgs/cmake)
-- Found rosidl_generator_c: 3.1.7 (/opt/ros/humble/share/rosidl_generator_c/cmake)
-- Found rosidl_adapter: 3.1.7 (/opt/ros/humble/share/rosidl_adapter/cmake)
-- Found rosidl_generator_cpp: 3.1.7 (/opt/ros/humble/share/rosidl_generator_cpp/cmake)
-- Using all available rosidl_typesupport_c: rosidl_typesupport_fastrtps_c;rosidl_typesupport_introspection_c
-- Using all available rosidl_typesupport_cpp: rosidl_typesupport_fastrtps_cpp;rosidl_typesupport_introspection_cpp
-- Found rosidl_default_generators: 1.2.0 (/opt/ros/humble/share/rosidl_default_generators/cmake)
-- Found sensor_msgs: 4.9.0 (/opt/ros/humble/share/sensor_msgs/cmake)
-- Found ament_cmake_ros: 0.10.0 (/opt/ros/humble/share/ament_cmake_ros/cmake)
-- Using all available rosidl_typesupport_c: rosidl_typesupport_fastrtps_c;rosidl_typesupport_introspection_c
-- Using all available rosidl_typesupport_cpp: rosidl_typesupport_fastrtps_cpp;rosidl_typesupport_introspection_cpp
-- Found python_cmake_module: 0.10.0 (/opt/ros/humble/share/python_cmake_module/cmake)
-- Using PYTHON_EXECUTABLE: /usr/bin/python3
-- Using PYTHON_INCLUDE_DIRS: /usr/include/python3.10
-- Using PYTHON_LIBRARIES: /usr/lib/x86_64-linux-gnu/libpython3.10.so
-- Configuring done
-- Generating done
-- Build files have been written to: /root/ros-humble-ros1-bridge/mir_nav_interface/ros2/build/mir_nav_interface
Consolidate compiler generated dependencies of target mir_nav_interface__rosidl_generator_c
[  2%] Built target mir_nav_interface__cpp
[ 12%] Built target mir_nav_interface__rosidl_generator_c
[ 12%] Built target ament_cmake_python_copy_mir_nav_interface
Consolidate compiler generated dependencies of target mir_nav_interface__rosidl_typesupport_cpp
Consolidate compiler generated dependencies of target mir_nav_interface__rosidl_typesupport_introspection_cpp
Consolidate compiler generated dependencies of target mir_nav_interface__rosidl_typesupport_c
Consolidate compiler generated dependencies of target mir_nav_interface__rosidl_typesupport_fastrtps_cpp
Consolidate compiler generated dependencies of target mir_nav_interface__rosidl_typesupport_introspection_c
Consolidate compiler generated dependencies of target mir_nav_interface__rosidl_typesupport_fastrtps_c
[ 25%] Built target mir_nav_interface__rosidl_typesupport_c
[ 43%] Built target mir_nav_interface__rosidl_typesupport_introspection_c
[ 43%] Built target mir_nav_interface__rosidl_typesupport_introspection_cpp
[ 53%] Built target mir_nav_interface__rosidl_typesupport_fastrtps_cpp
[ 64%] Built target mir_nav_interface__rosidl_typesupport_cpp
[ 74%] Built target mir_nav_interface__rosidl_typesupport_fastrtps_c
[ 74%] Built target mir_nav_interface
[ 76%] Built target mir_nav_interface__py
Consolidate compiler generated dependencies of target mir_nav_interface__rosidl_generator_py
[ 84%] Built target mir_nav_interface__rosidl_generator_py
Consolidate compiler generated dependencies of target mir_nav_interface__rosidl_typesupport_introspection_c__pyext
Consolidate compiler generated dependencies of target mir_nav_interface__rosidl_typesupport_c__pyext
Consolidate compiler generated dependencies of target mir_nav_interface__rosidl_typesupport_fastrtps_c__pyext
[ 89%] Built target mir_nav_interface__rosidl_typesupport_introspection_c__pyext
[ 94%] Built target mir_nav_interface__rosidl_typesupport_c__pyext
[100%] Built target mir_nav_interface__rosidl_typesupport_fastrtps_c__pyext
running egg_info
writing mir_nav_interface.egg-info/PKG-INFO
writing dependency_links to mir_nav_interface.egg-info/dependency_links.txt
writing top-level names to mir_nav_interface.egg-info/top_level.txt
reading manifest file 'mir_nav_interface.egg-info/SOURCES.txt'
writing manifest file 'mir_nav_interface.egg-info/SOURCES.txt'
[100%] Built target ament_cmake_python_build_mir_nav_interface_egg
-- Install configuration: "Release"
-- Up-to-date: /root/ros-humble-ros1-bridge/mir_nav_interface/ros2/install/mir_nav_interface/share/ament_index/resource_index/rosidl_interfaces/mir_nav_interface
-- Up-to-date: /root/ros-humble-ros1-bridge/mir_nav_interface/ros2/install/mir_nav_interface/include/mir_nav_interface/mir_nav_interface
-- Up-to-date: /root/ros-humble-ros1-bridge/mir_nav_interface/ros2/install/mir_nav_interface/include/mir_nav_interface/mir_nav_interface/msg
-- Up-to-date: /root/ros-humble-ros1-bridge/mir_nav_interface/ros2/install/mir_nav_interface/include/mir_nav_interface/mir_nav_interface/msg/laser_cloud.h
-- Up-to-date: /root/ros-humble-ros1-bridge/mir_nav_interface/ros2/install/mir_nav_interface/include/mir_nav_interface/mir_nav_interface/msg/laser_cloud_list.h
-- Up-to-date: /root/ros-humble-ros1-bridge/mir_nav_interface/ros2/install/mir_nav_interface/include/mir_nav_interface/mir_nav_interface/msg/rosidl_generator_c__visibility_control.h
-- Up-to-date: /root/ros-humble-ros1-bridge/mir_nav_interface/ros2/install/mir_nav_interface/include/mir_nav_interface/mir_nav_interface/msg/detail
-- Up-to-date: /root/ros-humble-ros1-bridge/mir_nav_interface/ros2/install/mir_nav_interface/include/mir_nav_interface/mir_nav_interface/msg/detail/laser_cloud__type_support.h
-- Up-to-date: /root/ros-humble-ros1-bridge/mir_nav_interface/ros2/install/mir_nav_interface/include/mir_nav_interface/mir_nav_interface/msg/detail/laser_cloud_list__type_support.h
-- Up-to-date: /root/ros-humble-ros1-bridge/mir_nav_interface/ros2/install/mir_nav_interface/include/mir_nav_interface/mir_nav_interface/msg/detail/laser_cloud__functions.h
-- Up-to-date: /root/ros-humble-ros1-bridge/mir_nav_interface/ros2/install/mir_nav_interface/include/mir_nav_interface/mir_nav_interface/msg/detail/laser_cloud__functions.c
-- Up-to-date: /root/ros-humble-ros1-bridge/mir_nav_interface/ros2/install/mir_nav_interface/include/mir_nav_interface/mir_nav_interface/msg/detail/laser_cloud_list__functions.c
-- Up-to-date: /root/ros-humble-ros1-bridge/mir_nav_interface/ros2/install/mir_nav_interface/include/mir_nav_interface/mir_nav_interface/msg/detail/laser_cloud_list__struct.h
-- Up-to-date: /root/ros-humble-ros1-bridge/mir_nav_interface/ros2/install/mir_nav_interface/include/mir_nav_interface/mir_nav_interface/msg/detail/laser_cloud_list__functions.h
-- Up-to-date: /root/ros-humble-ros1-bridge/mir_nav_interface/ros2/install/mir_nav_interface/include/mir_nav_interface/mir_nav_interface/msg/detail/laser_cloud__struct.h
-- Up-to-date: /root/ros-humble-ros1-bridge/mir_nav_interface/ros2/install/mir_nav_interface/share/mir_nav_interface/environment/library_path.sh
-- Installing: /root/ros-humble-ros1-bridge/mir_nav_interface/ros2/install/mir_nav_interface/share/mir_nav_interface/environment/library_path.dsv
-- Up-to-date: /root/ros-humble-ros1-bridge/mir_nav_interface/ros2/install/mir_nav_interface/lib/libmir_nav_interface__rosidl_generator_c.so
-- Up-to-date: /root/ros-humble-ros1-bridge/mir_nav_interface/ros2/install/mir_nav_interface/include/mir_nav_interface/mir_nav_interface
-- Up-to-date: /root/ros-humble-ros1-bridge/mir_nav_interface/ros2/install/mir_nav_interface/include/mir_nav_interface/mir_nav_interface/msg
-- Up-to-date: /root/ros-humble-ros1-bridge/mir_nav_interface/ros2/install/mir_nav_interface/include/mir_nav_interface/mir_nav_interface/msg/rosidl_typesupport_fastrtps_c__visibility_control.h
-- Up-to-date: /root/ros-humble-ros1-bridge/mir_nav_interface/ros2/install/mir_nav_interface/include/mir_nav_interface/mir_nav_interface/msg/detail
-- Up-to-date: /root/ros-humble-ros1-bridge/mir_nav_interface/ros2/install/mir_nav_interface/include/mir_nav_interface/mir_nav_interface/msg/detail/laser_cloud_list__rosidl_typesupport_fastrtps_c.h
-- Up-to-date: /root/ros-humble-ros1-bridge/mir_nav_interface/ros2/install/mir_nav_interface/include/mir_nav_interface/mir_nav_interface/msg/detail/laser_cloud__rosidl_typesupport_fastrtps_c.h
-- Up-to-date: /root/ros-humble-ros1-bridge/mir_nav_interface/ros2/install/mir_nav_interface/lib/libmir_nav_interface__rosidl_typesupport_fastrtps_c.so
-- Up-to-date: /root/ros-humble-ros1-bridge/mir_nav_interface/ros2/install/mir_nav_interface/include/mir_nav_interface/mir_nav_interface
-- Up-to-date: /root/ros-humble-ros1-bridge/mir_nav_interface/ros2/install/mir_nav_interface/include/mir_nav_interface/mir_nav_interface/msg
-- Up-to-date: /root/ros-humble-ros1-bridge/mir_nav_interface/ros2/install/mir_nav_interface/include/mir_nav_interface/mir_nav_interface/msg/laser_cloud_list.hpp
-- Up-to-date: /root/ros-humble-ros1-bridge/mir_nav_interface/ros2/install/mir_nav_interface/include/mir_nav_interface/mir_nav_interface/msg/detail
-- Up-to-date: /root/ros-humble-ros1-bridge/mir_nav_interface/ros2/install/mir_nav_interface/include/mir_nav_interface/mir_nav_interface/msg/detail/laser_cloud_list__traits.hpp
-- Up-to-date: /root/ros-humble-ros1-bridge/mir_nav_interface/ros2/install/mir_nav_interface/include/mir_nav_interface/mir_nav_interface/msg/detail/laser_cloud__struct.hpp
-- Up-to-date: /root/ros-humble-ros1-bridge/mir_nav_interface/ros2/install/mir_nav_interface/include/mir_nav_interface/mir_nav_interface/msg/detail/laser_cloud__traits.hpp
-- Up-to-date: /root/ros-humble-ros1-bridge/mir_nav_interface/ros2/install/mir_nav_interface/include/mir_nav_interface/mir_nav_interface/msg/detail/laser_cloud_list__builder.hpp
-- Up-to-date: /root/ros-humble-ros1-bridge/mir_nav_interface/ros2/install/mir_nav_interface/include/mir_nav_interface/mir_nav_interface/msg/detail/laser_cloud__type_support.hpp
-- Up-to-date: /root/ros-humble-ros1-bridge/mir_nav_interface/ros2/install/mir_nav_interface/include/mir_nav_interface/mir_nav_interface/msg/detail/laser_cloud__builder.hpp
-- Up-to-date: /root/ros-humble-ros1-bridge/mir_nav_interface/ros2/install/mir_nav_interface/include/mir_nav_interface/mir_nav_interface/msg/detail/laser_cloud_list__type_support.hpp
-- Up-to-date: /root/ros-humble-ros1-bridge/mir_nav_interface/ros2/install/mir_nav_interface/include/mir_nav_interface/mir_nav_interface/msg/detail/laser_cloud_list__struct.hpp
-- Up-to-date: /root/ros-humble-ros1-bridge/mir_nav_interface/ros2/install/mir_nav_interface/include/mir_nav_interface/mir_nav_interface/msg/laser_cloud.hpp
-- Up-to-date: /root/ros-humble-ros1-bridge/mir_nav_interface/ros2/install/mir_nav_interface/include/mir_nav_interface/mir_nav_interface/msg/rosidl_generator_cpp__visibility_control.hpp
-- Up-to-date: /root/ros-humble-ros1-bridge/mir_nav_interface/ros2/install/mir_nav_interface/include/mir_nav_interface/mir_nav_interface
-- Up-to-date: /root/ros-humble-ros1-bridge/mir_nav_interface/ros2/install/mir_nav_interface/include/mir_nav_interface/mir_nav_interface/msg
-- Up-to-date: /root/ros-humble-ros1-bridge/mir_nav_interface/ros2/install/mir_nav_interface/include/mir_nav_interface/mir_nav_interface/msg/detail
-- Up-to-date: /root/ros-humble-ros1-bridge/mir_nav_interface/ros2/install/mir_nav_interface/include/mir_nav_interface/mir_nav_interface/msg/detail/dds_fastrtps
-- Up-to-date: /root/ros-humble-ros1-bridge/mir_nav_interface/ros2/install/mir_nav_interface/include/mir_nav_interface/mir_nav_interface/msg/detail/laser_cloud__rosidl_typesupport_fastrtps_cpp.hpp
-- Up-to-date: /root/ros-humble-ros1-bridge/mir_nav_interface/ros2/install/mir_nav_interface/include/mir_nav_interface/mir_nav_interface/msg/detail/laser_cloud_list__rosidl_typesupport_fastrtps_cpp.hpp
-- Up-to-date: /root/ros-humble-ros1-bridge/mir_nav_interface/ros2/install/mir_nav_interface/include/mir_nav_interface/mir_nav_interface/msg/rosidl_typesupport_fastrtps_cpp__visibility_control.h
-- Up-to-date: /root/ros-humble-ros1-bridge/mir_nav_interface/ros2/install/mir_nav_interface/lib/libmir_nav_interface__rosidl_typesupport_fastrtps_cpp.so
-- Up-to-date: /root/ros-humble-ros1-bridge/mir_nav_interface/ros2/install/mir_nav_interface/include/mir_nav_interface/mir_nav_interface
-- Up-to-date: /root/ros-humble-ros1-bridge/mir_nav_interface/ros2/install/mir_nav_interface/include/mir_nav_interface/mir_nav_interface/msg
-- Up-to-date: /root/ros-humble-ros1-bridge/mir_nav_interface/ros2/install/mir_nav_interface/include/mir_nav_interface/mir_nav_interface/msg/detail
-- Up-to-date: /root/ros-humble-ros1-bridge/mir_nav_interface/ros2/install/mir_nav_interface/include/mir_nav_interface/mir_nav_interface/msg/detail/laser_cloud__rosidl_typesupport_introspection_c.h
-- Up-to-date: /root/ros-humble-ros1-bridge/mir_nav_interface/ros2/install/mir_nav_interface/include/mir_nav_interface/mir_nav_interface/msg/detail/laser_cloud_list__rosidl_typesupport_introspection_c.h
-- Up-to-date: /root/ros-humble-ros1-bridge/mir_nav_interface/ros2/install/mir_nav_interface/include/mir_nav_interface/mir_nav_interface/msg/detail/laser_cloud_list__type_support.c
-- Up-to-date: /root/ros-humble-ros1-bridge/mir_nav_interface/ros2/install/mir_nav_interface/include/mir_nav_interface/mir_nav_interface/msg/detail/laser_cloud__type_support.c
-- Up-to-date: /root/ros-humble-ros1-bridge/mir_nav_interface/ros2/install/mir_nav_interface/include/mir_nav_interface/mir_nav_interface/msg/rosidl_typesupport_introspection_c__visibility_control.h
-- Up-to-date: /root/ros-humble-ros1-bridge/mir_nav_interface/ros2/install/mir_nav_interface/lib/libmir_nav_interface__rosidl_typesupport_introspection_c.so
-- Up-to-date: /root/ros-humble-ros1-bridge/mir_nav_interface/ros2/install/mir_nav_interface/lib/libmir_nav_interface__rosidl_typesupport_c.so
-- Up-to-date: /root/ros-humble-ros1-bridge/mir_nav_interface/ros2/install/mir_nav_interface/include/mir_nav_interface/mir_nav_interface
-- Up-to-date: /root/ros-humble-ros1-bridge/mir_nav_interface/ros2/install/mir_nav_interface/include/mir_nav_interface/mir_nav_interface/msg
-- Up-to-date: /root/ros-humble-ros1-bridge/mir_nav_interface/ros2/install/mir_nav_interface/include/mir_nav_interface/mir_nav_interface/msg/detail
-- Up-to-date: /root/ros-humble-ros1-bridge/mir_nav_interface/ros2/install/mir_nav_interface/include/mir_nav_interface/mir_nav_interface/msg/detail/laser_cloud_list__type_support.cpp
-- Up-to-date: /root/ros-humble-ros1-bridge/mir_nav_interface/ros2/install/mir_nav_interface/include/mir_nav_interface/mir_nav_interface/msg/detail/laser_cloud__type_support.cpp
-- Up-to-date: /root/ros-humble-ros1-bridge/mir_nav_interface/ros2/install/mir_nav_interface/include/mir_nav_interface/mir_nav_interface/msg/detail/laser_cloud_list__rosidl_typesupport_introspection_cpp.hpp
-- Up-to-date: /root/ros-humble-ros1-bridge/mir_nav_interface/ros2/install/mir_nav_interface/include/mir_nav_interface/mir_nav_interface/msg/detail/laser_cloud__rosidl_typesupport_introspection_cpp.hpp
-- Up-to-date: /root/ros-humble-ros1-bridge/mir_nav_interface/ros2/install/mir_nav_interface/lib/libmir_nav_interface__rosidl_typesupport_introspection_cpp.so
-- Up-to-date: /root/ros-humble-ros1-bridge/mir_nav_interface/ros2/install/mir_nav_interface/lib/libmir_nav_interface__rosidl_typesupport_cpp.so
-- Up-to-date: /root/ros-humble-ros1-bridge/mir_nav_interface/ros2/install/mir_nav_interface/share/mir_nav_interface/environment/pythonpath.sh
-- Installing: /root/ros-humble-ros1-bridge/mir_nav_interface/ros2/install/mir_nav_interface/share/mir_nav_interface/environment/pythonpath.dsv
-- Up-to-date: /root/ros-humble-ros1-bridge/mir_nav_interface/ros2/install/mir_nav_interface/local/lib/python3.10/dist-packages/mir_nav_interface-0.0.0-py3.10.egg-info
-- Installing: /root/ros-humble-ros1-bridge/mir_nav_interface/ros2/install/mir_nav_interface/local/lib/python3.10/dist-packages/mir_nav_interface-0.0.0-py3.10.egg-info/top_level.txt
-- Installing: /root/ros-humble-ros1-bridge/mir_nav_interface/ros2/install/mir_nav_interface/local/lib/python3.10/dist-packages/mir_nav_interface-0.0.0-py3.10.egg-info/PKG-INFO
-- Installing: /root/ros-humble-ros1-bridge/mir_nav_interface/ros2/install/mir_nav_interface/local/lib/python3.10/dist-packages/mir_nav_interface-0.0.0-py3.10.egg-info/SOURCES.txt
-- Installing: /root/ros-humble-ros1-bridge/mir_nav_interface/ros2/install/mir_nav_interface/local/lib/python3.10/dist-packages/mir_nav_interface-0.0.0-py3.10.egg-info/dependency_links.txt
-- Up-to-date: /root/ros-humble-ros1-bridge/mir_nav_interface/ros2/install/mir_nav_interface/local/lib/python3.10/dist-packages/mir_nav_interface
-- Installing: /root/ros-humble-ros1-bridge/mir_nav_interface/ros2/install/mir_nav_interface/local/lib/python3.10/dist-packages/mir_nav_interface/__init__.py
-- Up-to-date: /root/ros-humble-ros1-bridge/mir_nav_interface/ros2/install/mir_nav_interface/local/lib/python3.10/dist-packages/mir_nav_interface/libmir_nav_interface__rosidl_generator_py.so
-- Up-to-date: /root/ros-humble-ros1-bridge/mir_nav_interface/ros2/install/mir_nav_interface/local/lib/python3.10/dist-packages/mir_nav_interface/mir_nav_interface_s__rosidl_typesupport_fastrtps_c.cpython-310-x86_64-linux-gnu.so
-- Up-to-date: /root/ros-humble-ros1-bridge/mir_nav_interface/ros2/install/mir_nav_interface/local/lib/python3.10/dist-packages/mir_nav_interface/_mir_nav_interface_s.ep.rosidl_typesupport_fastrtps_c.c
-- Up-to-date: /root/ros-humble-ros1-bridge/mir_nav_interface/ros2/install/mir_nav_interface/local/lib/python3.10/dist-packages/mir_nav_interface/msg
-- Up-to-date: /root/ros-humble-ros1-bridge/mir_nav_interface/ros2/install/mir_nav_interface/local/lib/python3.10/dist-packages/mir_nav_interface/msg/__init__.py
-- Up-to-date: /root/ros-humble-ros1-bridge/mir_nav_interface/ros2/install/mir_nav_interface/local/lib/python3.10/dist-packages/mir_nav_interface/msg/_laser_cloud.py
-- Up-to-date: /root/ros-humble-ros1-bridge/mir_nav_interface/ros2/install/mir_nav_interface/local/lib/python3.10/dist-packages/mir_nav_interface/msg/_laser_cloud_s.c
-- Up-to-date: /root/ros-humble-ros1-bridge/mir_nav_interface/ros2/install/mir_nav_interface/local/lib/python3.10/dist-packages/mir_nav_interface/msg/_laser_cloud_list_s.c
-- Up-to-date: /root/ros-humble-ros1-bridge/mir_nav_interface/ros2/install/mir_nav_interface/local/lib/python3.10/dist-packages/mir_nav_interface/msg/_laser_cloud_list.py
-- Up-to-date: /root/ros-humble-ros1-bridge/mir_nav_interface/ros2/install/mir_nav_interface/local/lib/python3.10/dist-packages/mir_nav_interface/_mir_nav_interface_s.ep.rosidl_typesupport_introspection_c.c
-- Up-to-date: /root/ros-humble-ros1-bridge/mir_nav_interface/ros2/install/mir_nav_interface/local/lib/python3.10/dist-packages/mir_nav_interface/mir_nav_interface_s__rosidl_typesupport_c.cpython-310-x86_64-linux-gnu.so
-- Up-to-date: /root/ros-humble-ros1-bridge/mir_nav_interface/ros2/install/mir_nav_interface/local/lib/python3.10/dist-packages/mir_nav_interface/mir_nav_interface_s__rosidl_typesupport_introspection_c.cpython-310-x86_64-linux-gnu.so
-- Up-to-date: /root/ros-humble-ros1-bridge/mir_nav_interface/ros2/install/mir_nav_interface/local/lib/python3.10/dist-packages/mir_nav_interface/_mir_nav_interface_s.ep.rosidl_typesupport_c.c
Listing '/root/ros-humble-ros1-bridge/mir_nav_interface/ros2/install/mir_nav_interface/local/lib/python3.10/dist-packages/mir_nav_interface'...
Compiling '/root/ros-humble-ros1-bridge/mir_nav_interface/ros2/install/mir_nav_interface/local/lib/python3.10/dist-packages/mir_nav_interface/__init__.py'...
Listing '/root/ros-humble-ros1-bridge/mir_nav_interface/ros2/install/mir_nav_interface/local/lib/python3.10/dist-packages/mir_nav_interface/msg'...
-- Up-to-date: /root/ros-humble-ros1-bridge/mir_nav_interface/ros2/install/mir_nav_interface/local/lib/python3.10/dist-packages/mir_nav_interface/mir_nav_interface_s__rosidl_typesupport_fastrtps_c.cpython-310-x86_64-linux-gnu.so
-- Up-to-date: /root/ros-humble-ros1-bridge/mir_nav_interface/ros2/install/mir_nav_interface/local/lib/python3.10/dist-packages/mir_nav_interface/mir_nav_interface_s__rosidl_typesupport_introspection_c.cpython-310-x86_64-linux-gnu.so
-- Up-to-date: /root/ros-humble-ros1-bridge/mir_nav_interface/ros2/install/mir_nav_interface/local/lib/python3.10/dist-packages/mir_nav_interface/mir_nav_interface_s__rosidl_typesupport_c.cpython-310-x86_64-linux-gnu.so
-- Up-to-date: /root/ros-humble-ros1-bridge/mir_nav_interface/ros2/install/mir_nav_interface/lib/libmir_nav_interface__rosidl_generator_py.so
-- Up-to-date: /root/ros-humble-ros1-bridge/mir_nav_interface/ros2/install/mir_nav_interface/share/mir_nav_interface/msg/LaserCloud.idl
-- Up-to-date: /root/ros-humble-ros1-bridge/mir_nav_interface/ros2/install/mir_nav_interface/share/mir_nav_interface/msg/LaserCloudList.idl
-- Up-to-date: /root/ros-humble-ros1-bridge/mir_nav_interface/ros2/install/mir_nav_interface/share/mir_nav_interface/msg/LaserCloud.msg
-- Up-to-date: /root/ros-humble-ros1-bridge/mir_nav_interface/ros2/install/mir_nav_interface/share/mir_nav_interface/msg/LaserCloudList.msg
-- Installing: /root/ros-humble-ros1-bridge/mir_nav_interface/ros2/install/mir_nav_interface/share/mir_nav_interface/mapping_rules.yaml
-- Up-to-date: /root/ros-humble-ros1-bridge/mir_nav_interface/ros2/install/mir_nav_interface/share/ament_index/resource_index/package_run_dependencies/mir_nav_interface
-- Up-to-date: /root/ros-humble-ros1-bridge/mir_nav_interface/ros2/install/mir_nav_interface/share/ament_index/resource_index/parent_prefix_path/mir_nav_interface
-- Up-to-date: /root/ros-humble-ros1-bridge/mir_nav_interface/ros2/install/mir_nav_interface/share/mir_nav_interface/environment/ament_prefix_path.sh
-- Installing: /root/ros-humble-ros1-bridge/mir_nav_interface/ros2/install/mir_nav_interface/share/mir_nav_interface/environment/ament_prefix_path.dsv
-- Up-to-date: /root/ros-humble-ros1-bridge/mir_nav_interface/ros2/install/mir_nav_interface/share/mir_nav_interface/environment/path.sh
-- Installing: /root/ros-humble-ros1-bridge/mir_nav_interface/ros2/install/mir_nav_interface/share/mir_nav_interface/environment/path.dsv
-- Up-to-date: /root/ros-humble-ros1-bridge/mir_nav_interface/ros2/install/mir_nav_interface/share/mir_nav_interface/local_setup.bash
-- Up-to-date: /root/ros-humble-ros1-bridge/mir_nav_interface/ros2/install/mir_nav_interface/share/mir_nav_interface/local_setup.sh
-- Up-to-date: /root/ros-humble-ros1-bridge/mir_nav_interface/ros2/install/mir_nav_interface/share/mir_nav_interface/local_setup.zsh
-- Installing: /root/ros-humble-ros1-bridge/mir_nav_interface/ros2/install/mir_nav_interface/share/mir_nav_interface/local_setup.dsv
-- Installing: /root/ros-humble-ros1-bridge/mir_nav_interface/ros2/install/mir_nav_interface/share/mir_nav_interface/package.dsv
-- Up-to-date: /root/ros-humble-ros1-bridge/mir_nav_interface/ros2/install/mir_nav_interface/share/ament_index/resource_index/packages/mir_nav_interface
-- Up-to-date: /root/ros-humble-ros1-bridge/mir_nav_interface/ros2/install/mir_nav_interface/share/mir_nav_interface/cmake/export_mir_nav_interface__rosidl_generator_cExport.cmake
-- Up-to-date: /root/ros-humble-ros1-bridge/mir_nav_interface/ros2/install/mir_nav_interface/share/mir_nav_interface/cmake/export_mir_nav_interface__rosidl_generator_cExport-release.cmake
-- Up-to-date: /root/ros-humble-ros1-bridge/mir_nav_interface/ros2/install/mir_nav_interface/share/mir_nav_interface/cmake/export_mir_nav_interface__rosidl_typesupport_fastrtps_cExport.cmake
-- Up-to-date: /root/ros-humble-ros1-bridge/mir_nav_interface/ros2/install/mir_nav_interface/share/mir_nav_interface/cmake/export_mir_nav_interface__rosidl_typesupport_fastrtps_cExport-release.cmake
-- Up-to-date: /root/ros-humble-ros1-bridge/mir_nav_interface/ros2/install/mir_nav_interface/share/mir_nav_interface/cmake/export_mir_nav_interface__rosidl_generator_cppExport.cmake
-- Up-to-date: /root/ros-humble-ros1-bridge/mir_nav_interface/ros2/install/mir_nav_interface/share/mir_nav_interface/cmake/export_mir_nav_interface__rosidl_typesupport_fastrtps_cppExport.cmake
-- Up-to-date: /root/ros-humble-ros1-bridge/mir_nav_interface/ros2/install/mir_nav_interface/share/mir_nav_interface/cmake/export_mir_nav_interface__rosidl_typesupport_fastrtps_cppExport-release.cmake
-- Up-to-date: /root/ros-humble-ros1-bridge/mir_nav_interface/ros2/install/mir_nav_interface/share/mir_nav_interface/cmake/mir_nav_interface__rosidl_typesupport_introspection_cExport.cmake
-- Up-to-date: /root/ros-humble-ros1-bridge/mir_nav_interface/ros2/install/mir_nav_interface/share/mir_nav_interface/cmake/mir_nav_interface__rosidl_typesupport_introspection_cExport-release.cmake
-- Up-to-date: /root/ros-humble-ros1-bridge/mir_nav_interface/ros2/install/mir_nav_interface/share/mir_nav_interface/cmake/mir_nav_interface__rosidl_typesupport_cExport.cmake
-- Up-to-date: /root/ros-humble-ros1-bridge/mir_nav_interface/ros2/install/mir_nav_interface/share/mir_nav_interface/cmake/mir_nav_interface__rosidl_typesupport_cExport-release.cmake
-- Up-to-date: /root/ros-humble-ros1-bridge/mir_nav_interface/ros2/install/mir_nav_interface/share/mir_nav_interface/cmake/mir_nav_interface__rosidl_typesupport_introspection_cppExport.cmake
-- Up-to-date: /root/ros-humble-ros1-bridge/mir_nav_interface/ros2/install/mir_nav_interface/share/mir_nav_interface/cmake/mir_nav_interface__rosidl_typesupport_introspection_cppExport-release.cmake
-- Up-to-date: /root/ros-humble-ros1-bridge/mir_nav_interface/ros2/install/mir_nav_interface/share/mir_nav_interface/cmake/mir_nav_interface__rosidl_typesupport_cppExport.cmake
-- Up-to-date: /root/ros-humble-ros1-bridge/mir_nav_interface/ros2/install/mir_nav_interface/share/mir_nav_interface/cmake/mir_nav_interface__rosidl_typesupport_cppExport-release.cmake
-- Up-to-date: /root/ros-humble-ros1-bridge/mir_nav_interface/ros2/install/mir_nav_interface/share/mir_nav_interface/cmake/export_mir_nav_interface__rosidl_generator_pyExport.cmake
-- Up-to-date: /root/ros-humble-ros1-bridge/mir_nav_interface/ros2/install/mir_nav_interface/share/mir_nav_interface/cmake/export_mir_nav_interface__rosidl_generator_pyExport-release.cmake
-- Up-to-date: /root/ros-humble-ros1-bridge/mir_nav_interface/ros2/install/mir_nav_interface/share/mir_nav_interface/cmake/rosidl_cmake-extras.cmake
-- Up-to-date: /root/ros-humble-ros1-bridge/mir_nav_interface/ros2/install/mir_nav_interface/share/mir_nav_interface/cmake/ament_cmake_export_dependencies-extras.cmake
-- Up-to-date: /root/ros-humble-ros1-bridge/mir_nav_interface/ros2/install/mir_nav_interface/share/mir_nav_interface/cmake/ament_cmake_export_include_directories-extras.cmake
-- Up-to-date: /root/ros-humble-ros1-bridge/mir_nav_interface/ros2/install/mir_nav_interface/share/mir_nav_interface/cmake/ament_cmake_export_libraries-extras.cmake
-- Up-to-date: /root/ros-humble-ros1-bridge/mir_nav_interface/ros2/install/mir_nav_interface/share/mir_nav_interface/cmake/ament_cmake_export_targets-extras.cmake
-- Up-to-date: /root/ros-humble-ros1-bridge/mir_nav_interface/ros2/install/mir_nav_interface/share/mir_nav_interface/cmake/rosidl_cmake_export_typesupport_targets-extras.cmake
-- Up-to-date: /root/ros-humble-ros1-bridge/mir_nav_interface/ros2/install/mir_nav_interface/share/mir_nav_interface/cmake/rosidl_cmake_export_typesupport_libraries-extras.cmake
-- Up-to-date: /root/ros-humble-ros1-bridge/mir_nav_interface/ros2/install/mir_nav_interface/share/mir_nav_interface/cmake/mir_nav_interfaceConfig.cmake
-- Up-to-date: /root/ros-humble-ros1-bridge/mir_nav_interface/ros2/install/mir_nav_interface/share/mir_nav_interface/cmake/mir_nav_interfaceConfig-version.cmake
-- Installing: /root/ros-humble-ros1-bridge/mir_nav_interface/ros2/install/mir_nav_interface/share/mir_nav_interface/package.xml
